Archive member included because of file (symbol)

/Users/rijn/gcc-arm-none-eabi/bin/../lib/gcc/arm-none-eabi/4.9.3/armv7-m/libgcc.a(_arm_truncdfsf2.o)
                              bin/eprintf.o (__aeabi_d2f)
/Users/rijn/gcc-arm-none-eabi/bin/../lib/gcc/arm-none-eabi/4.9.3/armv7-m/libgcc.a(_arm_addsubsf3.o)
                              bin/eprintf.o (__aeabi_fsub)
/Users/rijn/gcc-arm-none-eabi/bin/../lib/gcc/arm-none-eabi/4.9.3/armv7-m/libgcc.a(_arm_muldivsf3.o)
                              bin/eprintf.o (__aeabi_fmul)
/Users/rijn/gcc-arm-none-eabi/bin/../lib/gcc/arm-none-eabi/4.9.3/armv7-m/libgcc.a(_arm_cmpsf2.o)
                              bin/eprintf.o (__aeabi_fcmplt)
/Users/rijn/gcc-arm-none-eabi/bin/../lib/gcc/arm-none-eabi/4.9.3/armv7-m/libgcc.a(_arm_fixsfsi.o)
                              bin/eprintf.o (__aeabi_f2iz)
/Users/rijn/gcc-arm-none-eabi/bin/../lib/gcc/arm-none-eabi/4.9.3/armv7-m/libgcc.a(_aeabi_ldivmod.o)
                              bin/eprintf.o (__aeabi_ldivmod)
/Users/rijn/gcc-arm-none-eabi/bin/../lib/gcc/arm-none-eabi/4.9.3/armv7-m/libgcc.a(bpabi.o)
                              /Users/rijn/gcc-arm-none-eabi/bin/../lib/gcc/arm-none-eabi/4.9.3/armv7-m/libgcc.a(_aeabi_ldivmod.o) (__gnu_ldivmod_helper)
/Users/rijn/gcc-arm-none-eabi/bin/../lib/gcc/arm-none-eabi/4.9.3/armv7-m/libgcc.a(_dvmd_tls.o)
                              /Users/rijn/gcc-arm-none-eabi/bin/../lib/gcc/arm-none-eabi/4.9.3/armv7-m/libgcc.a(_aeabi_ldivmod.o) (__aeabi_ldiv0)
/Users/rijn/gcc-arm-none-eabi/bin/../lib/gcc/arm-none-eabi/4.9.3/armv7-m/libgcc.a(_divdi3.o)
                              /Users/rijn/gcc-arm-none-eabi/bin/../lib/gcc/arm-none-eabi/4.9.3/armv7-m/libgcc.a(bpabi.o) (__divdi3)
/Users/rijn/gcc-arm-none-eabi/bin/../lib/gcc/arm-none-eabi/4.9.3/armv7-m/libgcc.a(_udivdi3.o)
                              /Users/rijn/gcc-arm-none-eabi/bin/../lib/gcc/arm-none-eabi/4.9.3/armv7-m/libgcc.a(bpabi.o) (__udivdi3)
/Users/rijn/gcc-arm-none-eabi/bin/../lib/gcc/arm-none-eabi/4.9.3/../../../../arm-none-eabi/lib/armv7-m/libc_nano.a(lib_a-ctype_.o)
                              bin/eprintf.o (__ctype_ptr__)
/Users/rijn/gcc-arm-none-eabi/bin/../lib/gcc/arm-none-eabi/4.9.3/../../../../arm-none-eabi/lib/armv7-m/libc_nano.a(lib_a-exit.o)
                              /Users/rijn/gcc-arm-none-eabi/bin/../lib/gcc/arm-none-eabi/4.9.3/../../../../arm-none-eabi/lib/armv7-m/crt0.o (exit)
/Users/rijn/gcc-arm-none-eabi/bin/../lib/gcc/arm-none-eabi/4.9.3/../../../../arm-none-eabi/lib/armv7-m/libc_nano.a(lib_a-impure.o)
                              /Users/rijn/gcc-arm-none-eabi/bin/../lib/gcc/arm-none-eabi/4.9.3/../../../../arm-none-eabi/lib/armv7-m/libc_nano.a(lib_a-exit.o) (_global_impure_ptr)
/Users/rijn/gcc-arm-none-eabi/bin/../lib/gcc/arm-none-eabi/4.9.3/../../../../arm-none-eabi/lib/armv7-m/libc_nano.a(lib_a-init.o)
                              /Users/rijn/gcc-arm-none-eabi/bin/../lib/gcc/arm-none-eabi/4.9.3/../../../../arm-none-eabi/lib/armv7-m/crt0.o (__libc_init_array)
/Users/rijn/gcc-arm-none-eabi/bin/../lib/gcc/arm-none-eabi/4.9.3/../../../../arm-none-eabi/lib/armv7-m/libc_nano.a(lib_a-memcpy.o)
                              bin/uart.o (memcpy)
/Users/rijn/gcc-arm-none-eabi/bin/../lib/gcc/arm-none-eabi/4.9.3/../../../../arm-none-eabi/lib/armv7-m/libc_nano.a(lib_a-memset.o)
                              /Users/rijn/gcc-arm-none-eabi/bin/../lib/gcc/arm-none-eabi/4.9.3/../../../../arm-none-eabi/lib/armv7-m/crt0.o (memset)

Allocating common symbols
Common symbol       size              file

max6675_ls          0x1               bin/max6675.o
max6675_ms          0x1               bin/max6675.o

Discarded input sections

 .text          0x0000000000000000        0x0 /Users/rijn/gcc-arm-none-eabi/bin/../lib/gcc/arm-none-eabi/4.9.3/armv7-m/crti.o
 .data          0x0000000000000000        0x0 /Users/rijn/gcc-arm-none-eabi/bin/../lib/gcc/arm-none-eabi/4.9.3/armv7-m/crti.o
 .bss           0x0000000000000000        0x0 /Users/rijn/gcc-arm-none-eabi/bin/../lib/gcc/arm-none-eabi/4.9.3/armv7-m/crti.o
 .init          0x0000000000000000        0x4 /Users/rijn/gcc-arm-none-eabi/bin/../lib/gcc/arm-none-eabi/4.9.3/armv7-m/crti.o
 .fini          0x0000000000000000        0x4 /Users/rijn/gcc-arm-none-eabi/bin/../lib/gcc/arm-none-eabi/4.9.3/armv7-m/crti.o
 .ARM.attributes
                0x0000000000000000       0x1d /Users/rijn/gcc-arm-none-eabi/bin/../lib/gcc/arm-none-eabi/4.9.3/armv7-m/crti.o
 .text          0x0000000000000000       0x5c /Users/rijn/gcc-arm-none-eabi/bin/../lib/gcc/arm-none-eabi/4.9.3/armv7-m/crtbegin.o
 .data          0x0000000000000000        0x4 /Users/rijn/gcc-arm-none-eabi/bin/../lib/gcc/arm-none-eabi/4.9.3/armv7-m/crtbegin.o
 .bss           0x0000000000000000       0x1c /Users/rijn/gcc-arm-none-eabi/bin/../lib/gcc/arm-none-eabi/4.9.3/armv7-m/crtbegin.o
 .init_array    0x0000000000000000        0x4 /Users/rijn/gcc-arm-none-eabi/bin/../lib/gcc/arm-none-eabi/4.9.3/armv7-m/crtbegin.o
[...]
Memory Configuration

Name             Origin             Length             Attributes
RAM              0x0000000020000000 0x0000000000005000 xrw
FLASH            0x0000000008000000 0x0000000000020000 xr
FLASHPATCH       0x0000000000000000 0x0000000000000000 r
ENDFLASH         0x0000000000000000 0x0000000000000000 xr
FLASHB1          0x0000000000000000 0x0000000000000000 xr
EXTMEMB0         0x0000000000000000 0x0000000000000000 xr
EXTMEMB1         0x0000000000000000 0x0000000000000000 xr
EXTMEMB2         0x0000000000000000 0x0000000000000000 xr
EXTMEMB3         0x0000000000000000 0x0000000000000000 xr
*default*        0x0000000000000000 0xffffffffffffffff

Linker script and memory map

LOAD /Users/rijn/gcc-arm-none-eabi/bin/../lib/gcc/arm-none-eabi/4.9.3/armv7-m/crti.o
LOAD /Users/rijn/gcc-arm-none-eabi/bin/../lib/gcc/arm-none-eabi/4.9.3/armv7-m/crtbegin.o
LOAD /Users/rijn/gcc-arm-none-eabi/bin/../lib/gcc/arm-none-eabi/4.9.3/../../../../arm-none-eabi/lib/armv7-m/crt0.o
LOAD bin/misc.o
LOAD bin/stm32f10x_adc.o
LOAD bin/stm32f10x_dbgmcu.o
LOAD bin/stm32f10x_dma.o
LOAD bin/stm32f10x_exti.o
LOAD bin/stm32f10x_flash.o
LOAD bin/stm32f10x_gpio.o
LOAD bin/stm32f10x_i2c.o
LOAD bin/stm32f10x_iwdg.o
LOAD bin/stm32f10x_rcc.o
LOAD bin/stm32f10x_spi.o
LOAD bin/stm32f10x_tim.o
LOAD bin/stm32f10x_usart.o
LOAD bin/main.o
LOAD bin/exti.o
LOAD bin/nvic.o
LOAD bin/spi.o
LOAD bin/max6675.o
LOAD bin/rcc.o
LOAD bin/uart.o
LOAD bin/temp.o
LOAD bin/system.o
LOAD bin/eprintf.o
LOAD bin/startup_stm32f10x_md.o
LOAD bin/system_stm32f10x.o
LOAD bin/platform_tf1.o
LOAD /Users/rijn/gcc-arm-none-eabi/bin/../lib/gcc/arm-none-eabi/4.9.3/../../../../arm-none-eabi/lib/armv7-m/libm.a
START GROUP
LOAD /Users/rijn/gcc-arm-none-eabi/bin/../lib/gcc/arm-none-eabi/4.9.3/armv7-m/libgcc.a
LOAD /Users/rijn/gcc-arm-none-eabi/bin/../lib/gcc/arm-none-eabi/4.9.3/../../../../arm-none-eabi/lib/armv7-m/libc_nano.a
END GROUP
START GROUP
LOAD /Users/rijn/gcc-arm-none-eabi/bin/../lib/gcc/arm-none-eabi/4.9.3/armv7-m/libgcc.a
LOAD /Users/rijn/gcc-arm-none-eabi/bin/../lib/gcc/arm-none-eabi/4.9.3/../../../../arm-none-eabi/lib/armv7-m/libc_nano.a
END GROUP
LOAD /Users/rijn/gcc-arm-none-eabi/bin/../lib/gcc/arm-none-eabi/4.9.3/armv7-m/crtend.o
LOAD /Users/rijn/gcc-arm-none-eabi/bin/../lib/gcc/arm-none-eabi/4.9.3/armv7-m/crtn.o
                0x0000000000000400                __Stack_Size = 0x400
                0x0000000000000400                PROVIDE (_Stack_Size, __Stack_Size)
                0x0000000020004c00                __Stack_Init = (_estack - __Stack_Size)
                0x0000000020004c00                PROVIDE (_Stack_Init, __Stack_Init)
                0x0000000000000100                _Minimum_Stack_Size = 0x100
                0x0000000000000000                PROVIDE (Undefined_Handler, 0x0)
                0x0000000000000000                PROVIDE (SWI_Handler, 0x0)
                0x0000000000000000                PROVIDE (IRQ_Handler, 0x0)
                0x0000000000000000                PROVIDE (Prefetch_Handler, 0x0)
                0x0000000000000000                PROVIDE (Abort_Handler, 0x0)
                0x0000000000000000                PROVIDE (FIQ_Handler, 0x0)
                0x0000000000000000                PROVIDE (NMIException, 0x0)
                0x0000000000000000                PROVIDE (NMI_Handler, 0x0)
                0x0000000000000000                PROVIDE (HardFaultException, 0x0)
                0x0000000000000000                PROVIDE (HardFault_Handler, 0x0)
                0x0000000000000000                PROVIDE (MemManageException, 0x0)
                0x0000000000000000                PROVIDE (MemManage_Handler, 0x0)
                0x0000000000000000                PROVIDE (BusFaultException, 0x0)
                0x0000000000000000                PROVIDE (BusFault_Handler, 0x0)
                0x0000000000000000                PROVIDE (UsageFaultException, 0x0)
                0x0000000000000000                PROVIDE (UsageFault_Handler, 0x0)
                0x0000000000000000                PROVIDE (SVCHandler, 0x0)
                0x0000000000000000                PROVIDE (SVC_Handler, 0x0)
                0x0000000000000000                PROVIDE (DebugMonitor, 0x0)
                0x0000000000000000                PROVIDE (DebugMon_Handler, 0x0)
                0x0000000000000000                PROVIDE (PendSVC, 0x0)
                0x0000000000000000                PROVIDE (PendSV_Handler, 0x0)
                0x0000000000000000                PROVIDE (SysTickHandler, 0x0)
                0x0000000000000000                PROVIDE (SysTick_Handler, 0x0)
                0x0000000000000000                PROVIDE (WWDG_IRQHandler, 0x0)
                0x0000000000000000                PROVIDE (PVD_IRQHandler, 0x0)
                0x0000000000000000                PROVIDE (TAMPER_IRQHandler, 0x0)
                0x0000000000000000                PROVIDE (RTC_IRQHandler, 0x0)
                0x0000000000000000                PROVIDE (FLASH_IRQHandler, 0x0)
                0x0000000000000000                PROVIDE (RCC_IRQHandler, 0x0)
                0x0000000000000000                PROVIDE (EXTI0_IRQHandler, 0x0)
                0x0000000000000000                PROVIDE (EXTI1_IRQHandler, 0x0)
                0x0000000000000000                PROVIDE (EXTI2_IRQHandler, 0x0)
                0x0000000000000000                PROVIDE (EXTI3_IRQHandler, 0x0)
                0x0000000000000000                PROVIDE (EXTI4_IRQHandler, 0x0)
                0x0000000000000000                PROVIDE (DMAChannel1_IRQHandler, 0x0)
                0x0000000000000000                PROVIDE (DMAChannel2_IRQHandler, 0x0)
                0x0000000000000000                PROVIDE (DMAChannel3_IRQHandler, 0x0)
                0x0000000000000000                PROVIDE (DMAChannel4_IRQHandler, 0x0)
                0x0000000000000000                PROVIDE (DMAChannel5_IRQHandler, 0x0)
                0x0000000000000000                PROVIDE (DMAChannel6_IRQHandler, 0x0)
                0x0000000000000000                PROVIDE (DMAChannel7_IRQHandler, 0x0)
                0x0000000000000000                PROVIDE (DMA1_Channel1_IRQHandler, 0x0)
                0x0000000000000000                PROVIDE (DMA1_Channel2_IRQHandler, 0x0)
                0x0000000000000000                PROVIDE (DMA1_Channel3_IRQHandler, 0x0)
                0x0000000000000000                PROVIDE (DMA1_Channel4_IRQHandler, 0x0)
                0x0000000000000000                PROVIDE (DMA1_Channel5_IRQHandler, 0x0)
                0x0000000000000000                PROVIDE (DMA1_Channel6_IRQHandler, 0x0)
                0x0000000000000000                PROVIDE (DMA1_Channel7_IRQHandler, 0x0)
                0x0000000000000000                PROVIDE (ADC_IRQHandler, 0x0)
                0x0000000000000000                PROVIDE (ADC1_2_IRQHandler, 0x0)
                0x0000000000000000                PROVIDE (USB_HP_CAN_TX_IRQHandler, 0x0)
                0x0000000000000000                PROVIDE (USB_HP_CAN1_TX_IRQHandler, 0x0)
                0x0000000000000000                PROVIDE (USB_LP_CAN_RX0_IRQHandler, 0x0)
                0x0000000000000000                PROVIDE (USB_LP_CAN1_RX0_IRQHandler, 0x0)
                0x0000000000000000                PROVIDE (CAN_RX1_IRQHandler, 0x0)
                0x0000000000000000                PROVIDE (CAN1_RX1_IRQHandler, 0x0)
                0x0000000000000000                PROVIDE (CAN_SCE_IRQHandler, 0x0)
                0x0000000000000000                PROVIDE (CAN1_SCE_IRQHandler, 0x0)
                0x0000000000000000                PROVIDE (EXTI9_5_IRQHandler, 0x0)
                0x0000000000000000                PROVIDE (TIM1_BRK_IRQHandler, 0x0)
                0x0000000000000000                PROVIDE (TIM1_UP_IRQHandler, 0x0)
                0x0000000000000000                PROVIDE (TIM1_TRG_COM_IRQHandler, 0x0)
                0x0000000000000000                PROVIDE (TIM1_CC_IRQHandler, 0x0)
                0x0000000000000000                PROVIDE (TIM2_IRQHandler, 0x0)
                0x0000000000000000                PROVIDE (TIM3_IRQHandler, 0x0)
                0x0000000000000000                PROVIDE (TIM4_IRQHandler, 0x0)
                0x0000000000000000                PROVIDE (I2C1_EV_IRQHandler, 0x0)
                0x0000000000000000                PROVIDE (I2C1_ER_IRQHandler, 0x0)
                0x0000000000000000                PROVIDE (I2C2_EV_IRQHandler, 0x0)
                0x0000000000000000                PROVIDE (I2C2_ER_IRQHandler, 0x0)
                0x0000000000000000                PROVIDE (SPI1_IRQHandler, 0x0)
                0x0000000000000000                PROVIDE (SPI2_IRQHandler, 0x0)
                0x0000000000000000                PROVIDE (USART1_IRQHandler, 0x0)
                0x0000000000000000                PROVIDE (USART2_IRQHandler, 0x0)
                0x0000000000000000                PROVIDE (USART3_IRQHandler, 0x0)
                0x0000000000000000                PROVIDE (EXTI15_10_IRQHandler, 0x0)
                0x0000000000000000                PROVIDE (RTCAlarm_IRQHandler, 0x0)
                0x0000000000000000                PROVIDE (USBWakeUp_IRQHandler, 0x0)
                0x0000000000000000                PROVIDE (TIM8_BRK_IRQHandler, 0x0)
                0x0000000000000000                PROVIDE (TIM8_UP_IRQHandler, 0x0)
                0x0000000000000000                PROVIDE (TIM8_TRG_COM_IRQHandler, 0x0)
                0x0000000000000000                PROVIDE (TIM8_CC_IRQHandler, 0x0)
                0x0000000000000000                PROVIDE (ADC3_IRQHandler, 0x0)
                0x0000000000000000                PROVIDE (FSMC_IRQHandler, 0x0)
                0x0000000000000000                PROVIDE (SDIO_IRQHandler, 0x0)
                0x0000000000000000                PROVIDE (TIM5_IRQHandler, 0x0)
                0x0000000000000000                PROVIDE (SPI3_IRQHandler, 0x0)
                0x0000000000000000                PROVIDE (UART4_IRQHandler, 0x0)
                0x0000000000000000                PROVIDE (UART5_IRQHandler, 0x0)
                0x0000000000000000                PROVIDE (TIM6_IRQHandler, 0x0)
                0x0000000000000000                PROVIDE (TIM7_IRQHandler, 0x0)
                0x0000000000000000                PROVIDE (DMA2_Channel1_IRQHandler, 0x0)
                0x0000000000000000                PROVIDE (DMA2_Channel2_IRQHandler, 0x0)
                0x0000000000000000                PROVIDE (DMA2_Channel3_IRQHandler, 0x0)
                0x0000000000000000                PROVIDE (DMA2_Channel4_5_IRQHandler, 0x0)
                0x0000000042000000                PERIPH_BB_BASE = 0x42000000
                0x0000000022000000                SRAM_BB_BASE = 0x22000000
                0x0000000020000000                SRAM_BASE = 0x20000000
                0x0000000040000000                PERIPH_BASE = 0x40000000
                0x0000000040022000                PROVIDE (FLASH_BASE, 0x40022000)
                0x000000001ffff800                PROVIDE (OB_BASE, 0x1ffff800)
                0x0000000040000000                APB1PERIPH_BASE = PERIPH_BASE
                0x0000000040010000                APB2PERIPH_BASE = (PERIPH_BASE + 0x10000)
                0x0000000040020000                AHBPERIPH_BASE = (PERIPH_BASE + 0x20000)
                0x0000000040000000                PROVIDE (TIM2, (APB1PERIPH_BASE + 0x0))
                0x0000000040000400                PROVIDE (TIM3, (APB1PERIPH_BASE + 0x400))
                0x0000000040000800                PROVIDE (TIM4, (APB1PERIPH_BASE + 0x800))
                0x0000000040002800                PROVIDE (RTC, (APB1PERIPH_BASE + 0x2800))
                0x0000000040002c00                PROVIDE (WWDG, (APB1PERIPH_BASE + 0x2c00))
                0x0000000040003000                PROVIDE (IWDG, (APB1PERIPH_BASE + 0x3000))
                0x0000000040003800                PROVIDE (SPI2, (APB1PERIPH_BASE + 0x3800))
                0x0000000040004400                PROVIDE (USART2, (APB1PERIPH_BASE + 0x4400))
                0x0000000040004800                PROVIDE (USART3, (APB1PERIPH_BASE + 0x4800))
                0x0000000040005400                PROVIDE (I2C1, (APB1PERIPH_BASE + 0x5400))
                0x0000000040005800                PROVIDE (I2C2, (APB1PERIPH_BASE + 0x5800))
                0x0000000040006400                PROVIDE (CAN, (APB1PERIPH_BASE + 0x6400))
                0x0000000040006c00                PROVIDE (BKP, (APB1PERIPH_BASE + 0x6c00))
                0x0000000040007000                PROVIDE (PWR, (APB1PERIPH_BASE + 0x7000))
                0x0000000040010000                PROVIDE (AFIO, (APB2PERIPH_BASE + 0x0))
                0x0000000040010400                PROVIDE (EXTI, (APB2PERIPH_BASE + 0x400))
                0x0000000040010800                PROVIDE (GPIOA, (APB2PERIPH_BASE + 0x800))
                0x0000000040010c00                PROVIDE (GPIOB, (APB2PERIPH_BASE + 0xc00))
                0x0000000040011000                PROVIDE (GPIOC, (APB2PERIPH_BASE + 0x1000))
                0x0000000040011400                PROVIDE (GPIOD, (APB2PERIPH_BASE + 0x1400))
                0x0000000040011800                PROVIDE (GPIOE, (APB2PERIPH_BASE + 0x1800))
                0x0000000040012400                PROVIDE (ADC1, (APB2PERIPH_BASE + 0x2400))
                0x0000000040012800                PROVIDE (ADC2, (APB2PERIPH_BASE + 0x2800))
                0x0000000040012c00                PROVIDE (TIM1, (APB2PERIPH_BASE + 0x2c00))
                0x0000000040013000                PROVIDE (SPI1, (APB2PERIPH_BASE + 0x3000))
                0x0000000040013800                PROVIDE (USART1, (APB2PERIPH_BASE + 0x3800))
                0x0000000040020000                PROVIDE (DMA, (AHBPERIPH_BASE + 0x0))
                0x0000000040020008                PROVIDE (DMA_Channel1, (AHBPERIPH_BASE + 0x8))
                0x000000004002001c                PROVIDE (DMA_Channel2, (AHBPERIPH_BASE + 0x1c))
                0x0000000040020030                PROVIDE (DMA_Channel3, (AHBPERIPH_BASE + 0x30))
                0x0000000040020044                PROVIDE (DMA_Channel4, (AHBPERIPH_BASE + 0x44))
                0x0000000040020058                PROVIDE (DMA_Channel5, (AHBPERIPH_BASE + 0x58))
                0x000000004002006c                PROVIDE (DMA_Channel6, (AHBPERIPH_BASE + 0x6c))
                0x0000000040020080                PROVIDE (DMA_Channel7, (AHBPERIPH_BASE + 0x80))
                0x0000000040021000                PROVIDE (RCC, (AHBPERIPH_BASE + 0x1000))
                0x00000000e000e000                SCS_BASE = 0xe000e000
                0x00000000e000e010                PROVIDE (SysTick, (SCS_BASE + 0x10))
                0x00000000e000e100                PROVIDE (NVIC, (SCS_BASE + 0x100))
                0x00000000e000ed00                PROVIDE (SCB, (SCS_BASE + 0xd00))
                0x0000000020005000                _estack = 0x20005000

.isr_vector     0x0000000008000000      0x10c
                0x0000000008000000                . = ALIGN (0x4)
 *(.isr_vector)
 .isr_vector    0x0000000008000000      0x10c bin/startup_stm32f10x_md.o
                0x0000000008000000                g_pfnVectors
                0x000000000800010c                . = ALIGN (0x4)

.flashtext      0x000000000800010c        0x0
                0x000000000800010c                . = ALIGN (0x4)
 *(.flashtext)
                0x000000000800010c                . = ALIGN (0x4)

.text           0x000000000800010c     0x18fc
                0x000000000800010c                . = ALIGN (0x4)
 *(.text)
 .text          0x000000000800010c       0xa0 /Users/rijn/gcc-arm-none-eabi/bin/../lib/gcc/arm-none-eabi/4.9.3/armv7-m/libgcc.a(_arm_truncdfsf2.o)
                0x000000000800010c                __aeabi_d2f
                0x000000000800010c                __truncdfsf2
 .text          0x00000000080001ac      0x21c /Users/rijn/gcc-arm-none-eabi/bin/../lib/gcc/arm-none-eabi/4.9.3/armv7-m/libgcc.a(_arm_addsubsf3.o)
                0x00000000080001ac                __aeabi_frsub
                0x00000000080001b4                __aeabi_fsub
                0x00000000080001b4                __subsf3
                0x00000000080001b8                __aeabi_fadd
                0x00000000080001b8                __addsf3
                0x0000000008000318                __aeabi_ui2f
                0x0000000008000318                __floatunsisf
                0x0000000008000320                __floatsisf
                0x0000000008000320                __aeabi_i2f
                0x000000000800033c                __aeabi_ul2f
                0x000000000800033c                __floatundisf
                0x000000000800034c                __aeabi_l2f
                0x000000000800034c                __floatdisf
 .text          0x00000000080003c8      0x2a0 /Users/rijn/gcc-arm-none-eabi/bin/../lib/gcc/arm-none-eabi/4.9.3/armv7-m/libgcc.a(_arm_muldivsf3.o)
                0x00000000080003c8                __mulsf3
                0x00000000080003c8                __aeabi_fmul
                0x0000000008000530                __divsf3
                0x0000000008000530                __aeabi_fdiv
 .text          0x0000000008000668       0xec /Users/rijn/gcc-arm-none-eabi/bin/../lib/gcc/arm-none-eabi/4.9.3/armv7-m/libgcc.a(_arm_cmpsf2.o)
                0x0000000008000668                __gesf2
                0x0000000008000668                __gtsf2
                0x0000000008000670                __ltsf2
                0x0000000008000670                __lesf2
                0x0000000008000678                __nesf2
                0x0000000008000678                __eqsf2
                0x0000000008000678                __cmpsf2
                0x00000000080006d8                __aeabi_cfrcmple
                0x00000000080006e0                __aeabi_cfcmpeq
                0x00000000080006e0                __aeabi_cfcmple
                0x00000000080006f0                __aeabi_fcmpeq
                0x0000000008000704                __aeabi_fcmplt
                0x0000000008000718                __aeabi_fcmple
                0x000000000800072c                __aeabi_fcmpge
                0x0000000008000740                __aeabi_fcmpgt
 .text          0x0000000008000754       0x4c /Users/rijn/gcc-arm-none-eabi/bin/../lib/gcc/arm-none-eabi/4.9.3/armv7-m/libgcc.a(_arm_fixsfsi.o)
                0x0000000008000754                __fixsfsi
                0x0000000008000754                __aeabi_f2iz
 .text          0x00000000080007a0       0x38 /Users/rijn/gcc-arm-none-eabi/bin/../lib/gcc/arm-none-eabi/4.9.3/armv7-m/libgcc.a(_aeabi_ldivmod.o)
                0x00000000080007a0                __aeabi_ldivmod
 .text          0x00000000080007d8       0x60 /Users/rijn/gcc-arm-none-eabi/bin/../lib/gcc/arm-none-eabi/4.9.3/armv7-m/libgcc.a(bpabi.o)
                0x00000000080007d8                __gnu_ldivmod_helper
                0x0000000008000808                __gnu_uldivmod_helper
 .text          0x0000000008000838        0x4 /Users/rijn/gcc-arm-none-eabi/bin/../lib/gcc/arm-none-eabi/4.9.3/armv7-m/libgcc.a(_dvmd_tls.o)
                0x0000000008000838                __aeabi_ldiv0
                0x0000000008000838                __aeabi_idiv0
 .text          0x000000000800083c      0x2ac /Users/rijn/gcc-arm-none-eabi/bin/../lib/gcc/arm-none-eabi/4.9.3/armv7-m/libgcc.a(_divdi3.o)
                0x000000000800083c                __divdi3
 .text          0x0000000008000ae8      0x270 /Users/rijn/gcc-arm-none-eabi/bin/../lib/gcc/arm-none-eabi/4.9.3/armv7-m/libgcc.a(_udivdi3.o)
                0x0000000008000ae8                __udivdi3
 *(.text.*)
 .text.NVIC_Init
                0x0000000008000d58       0x6c bin/misc.o
                0x0000000008000d58                NVIC_Init
 .text.FLASH_SetLatency
                0x0000000008000dc4       0x14 bin/stm32f10x_flash.o
                0x0000000008000dc4                FLASH_SetLatency
 .text.FLASH_PrefetchBufferCmd
                0x0000000008000dd8       0x18 bin/stm32f10x_flash.o
                0x0000000008000dd8                FLASH_PrefetchBufferCmd
 .text.GPIO_Init
                0x0000000008000df0       0x90 bin/stm32f10x_gpio.o
                0x0000000008000df0                GPIO_Init
 .text.GPIO_SetBits
                0x0000000008000e80        0x4 bin/stm32f10x_gpio.o
                0x0000000008000e80                GPIO_SetBits
 .text.GPIO_ResetBits
                0x0000000008000e84        0x4 bin/stm32f10x_gpio.o
                0x0000000008000e84                GPIO_ResetBits
 .text.RCC_DeInit
                0x0000000008000e88       0x40 bin/stm32f10x_rcc.o
                0x0000000008000e88                RCC_DeInit
 .text.RCC_HSEConfig
                0x0000000008000ec8       0x38 bin/stm32f10x_rcc.o
                0x0000000008000ec8                RCC_HSEConfig
 .text.RCC_PLLConfig
                0x0000000008000f00       0x14 bin/stm32f10x_rcc.o
                0x0000000008000f00                RCC_PLLConfig
 .text.RCC_PLLCmd
                0x0000000008000f14        0xc bin/stm32f10x_rcc.o
                0x0000000008000f14                RCC_PLLCmd
 .text.RCC_SYSCLKConfig
                0x0000000008000f20       0x14 bin/stm32f10x_rcc.o
                0x0000000008000f20                RCC_SYSCLKConfig
 .text.RCC_GetSYSCLKSource
                0x0000000008000f34       0x10 bin/stm32f10x_rcc.o
                0x0000000008000f34                RCC_GetSYSCLKSource
 .text.RCC_HCLKConfig
                0x0000000008000f44       0x14 bin/stm32f10x_rcc.o
                0x0000000008000f44                RCC_HCLKConfig
 .text.RCC_PCLK1Config
                0x0000000008000f58       0x14 bin/stm32f10x_rcc.o
                0x0000000008000f58                RCC_PCLK1Config
 .text.RCC_PCLK2Config
                0x0000000008000f6c       0x14 bin/stm32f10x_rcc.o
                0x0000000008000f6c                RCC_PCLK2Config
 .text.RCC_GetClocksFreq
                0x0000000008000f80       0x90 bin/stm32f10x_rcc.o
                0x0000000008000f80                RCC_GetClocksFreq
 .text.RCC_APB2PeriphClockCmd
                0x0000000008001010       0x18 bin/stm32f10x_rcc.o
                0x0000000008001010                RCC_APB2PeriphClockCmd
 .text.RCC_APB1PeriphClockCmd
                0x0000000008001028       0x18 bin/stm32f10x_rcc.o
                0x0000000008001028                RCC_APB1PeriphClockCmd
 .text.RCC_GetFlagStatus
                0x0000000008001040       0x28 bin/stm32f10x_rcc.o
                0x0000000008001040                RCC_GetFlagStatus
 .text.RCC_WaitForHSEStartUp
                0x0000000008001068       0x30 bin/stm32f10x_rcc.o
                0x0000000008001068                RCC_WaitForHSEStartUp
 .text.SPI_Init
                0x0000000008001098       0x3e bin/stm32f10x_spi.o
                0x0000000008001098                SPI_Init
 .text.SPI_Cmd  0x00000000080010d6       0x18 bin/stm32f10x_spi.o
                0x00000000080010d6                SPI_Cmd
 .text.SPI_I2S_SendData
                0x00000000080010ee        0x4 bin/stm32f10x_spi.o
                0x00000000080010ee                SPI_I2S_SendData
 .text.SPI_I2S_ReceiveData
                0x00000000080010f2        0x6 bin/stm32f10x_spi.o
                0x00000000080010f2                SPI_I2S_ReceiveData
 .text.SPI_I2S_GetFlagStatus
                0x00000000080010f8        0xc bin/stm32f10x_spi.o
                0x00000000080010f8                SPI_I2S_GetFlagStatus
 .text.USART_Init
                0x0000000008001104       0x88 bin/stm32f10x_usart.o
                0x0000000008001104                USART_Init
 .text.USART_Cmd
                0x000000000800118c       0x18 bin/stm32f10x_usart.o
                0x000000000800118c                USART_Cmd
 .text.USART_ITConfig
                0x00000000080011a4       0x32 bin/stm32f10x_usart.o
                0x00000000080011a4                USART_ITConfig
 *fill*         0x00000000080011d6        0x2 
 .text.startup.main
                0x00000000080011d8       0x30 bin/main.o
                0x00000000080011d8                main
 .text.SysTick_Handler
                0x0000000008001208        0x2 bin/nvic.o
                0x0000000008001208                SysTick_Handler
 *fill*         0x000000000800120a        0x2 
 .text.spiInit  0x000000000800120c       0xb8 bin/spi.o
                0x000000000800120c                spiInit
 .text.spiWriteReadByte
                0x00000000080012c4       0x34 bin/spi.o
                0x00000000080012c4                spiWriteReadByte
 .text.spiReadBuf
                0x00000000080012f8       0x38 bin/spi.o
                0x00000000080012f8                spiReadBuf
 .text.max6675Init
                0x0000000008001330        0x4 bin/max6675.o
                0x0000000008001330                max6675Init
 .text.max6675ReadReg
                0x0000000008001334       0x20 bin/max6675.o
                0x0000000008001334                max6675ReadReg
 .text.max6675IsThermocoupleConnected
                0x0000000008001354       0x28 bin/max6675.o
                0x0000000008001354                max6675IsThermocoupleConnected
 .text.max6675ReadTemperature
                0x000000000800137c       0x2c bin/max6675.o
                0x000000000800137c                max6675ReadTemperature
 .text.rccInit  0x00000000080013a8       0x6e bin/rcc.o
                0x00000000080013a8                rccInit
 *fill*         0x0000000008001416        0x2 
 .text.delay_ms
                0x0000000008001418       0x38 bin/rcc.o
                0x0000000008001418                delay_ms
 .text.uartInit
                0x0000000008001450       0xac bin/uart.o
                0x0000000008001450                uartInit
 .text.uartSendData
                0x00000000080014fc       0x1c bin/uart.o
                0x00000000080014fc                uartSendData
 .text.uartPutchar
                0x0000000008001518       0x18 bin/uart.o
                0x0000000008001518                uartPutchar
 .text.USART3_IRQHandler
                0x0000000008001530        0x2 bin/uart.o
                0x0000000008001530                USART3_IRQHandler
 .text.DMA1_Channel2_IRQHandler
                0x0000000008001532        0x2 bin/uart.o
                0x0000000008001532                DMA1_Channel2_IRQHandler
 .text.systemInit
                0x0000000008001534       0x2c bin/system.o
                0x0000000008001534                systemInit
 .text.get_int_len
                0x0000000008001560       0x14 bin/eprintf.o
                0x0000000008001560                get_int_len
 .text.itoa     0x0000000008001574       0xb8 bin/eprintf.o
 .text.evprintf
                0x000000000800162c      0x13c bin/eprintf.o
                0x000000000800162c                evprintf
 .text.eprintf  0x0000000008001768       0x1a bin/eprintf.o
                0x0000000008001768                eprintf
 *fill*         0x0000000008001782        0x2 
 .text.Reset_Handler
                0x0000000008001784       0x44 bin/startup_stm32f10x_md.o
                0x0000000008001784                Reset_Handler
 .text.Default_Handler
                0x00000000080017c8        0x2 bin/startup_stm32f10x_md.o
                0x00000000080017c8                USBWakeUp_IRQHandler
                0x00000000080017c8                DebugMon_Handler
                0x00000000080017c8                TIM1_CC_IRQHandler
                0x00000000080017c8                HardFault_Handler
                0x00000000080017c8                PVD_IRQHandler
                0x00000000080017c8                PendSV_Handler
                0x00000000080017c8                NMI_Handler
                0x00000000080017c8                EXTI3_IRQHandler
                0x00000000080017c8                EXTI0_IRQHandler
                0x00000000080017c8                I2C2_EV_IRQHandler
                0x00000000080017c8                UsageFault_Handler
                0x00000000080017c8                ADC1_2_IRQHandler
                0x00000000080017c8                SPI1_IRQHandler
                0x00000000080017c8                TAMPER_IRQHandler
                0x00000000080017c8                DMA1_Channel4_IRQHandler
                0x00000000080017c8                RTC_IRQHandler
                0x00000000080017c8                DMA1_Channel7_IRQHandler
                0x00000000080017c8                CAN1_RX1_IRQHandler
                0x00000000080017c8                TIM4_IRQHandler
                0x00000000080017c8                I2C1_EV_IRQHandler
                0x00000000080017c8                DMA1_Channel6_IRQHandler
                0x00000000080017c8                TIM3_IRQHandler
                0x00000000080017c8                RCC_IRQHandler
                0x00000000080017c8                TIM1_TRG_COM_IRQHandler
                0x00000000080017c8                DMA1_Channel1_IRQHandler
                0x00000000080017c8                Default_Handler
                0x00000000080017c8                EXTI15_10_IRQHandler
                0x00000000080017c8                EXTI9_5_IRQHandler
                0x00000000080017c8                SPI2_IRQHandler
                0x00000000080017c8                MemManage_Handler
                0x00000000080017c8                SVC_Handler
                0x00000000080017c8                DMA1_Channel5_IRQHandler
                0x00000000080017c8                EXTI4_IRQHandler
                0x00000000080017c8                USB_LP_CAN1_RX0_IRQHandler
                0x00000000080017c8                USB_HP_CAN1_TX_IRQHandler
                0x00000000080017c8                DMA1_Channel3_IRQHandler
                0x00000000080017c8                TIM1_UP_IRQHandler
                0x00000000080017c8                WWDG_IRQHandler
                0x00000000080017c8                TIM2_IRQHandler
                0x00000000080017c8                TIM1_BRK_IRQHandler
                0x00000000080017c8                EXTI1_IRQHandler
                0x00000000080017c8                RTCAlarm_IRQHandler
                0x00000000080017c8                USART2_IRQHandler
                0x00000000080017c8                I2C2_ER_IRQHandler
                0x00000000080017c8                CAN1_SCE_IRQHandler
                0x00000000080017c8                FLASH_IRQHandler
                0x00000000080017c8                BusFault_Handler
                0x00000000080017c8                USART1_IRQHandler
                0x00000000080017c8                I2C1_ER_IRQHandler
                0x00000000080017c8                EXTI2_IRQHandler
 *fill*         0x00000000080017ca        0x2 
 .text.SystemInit
                0x00000000080017cc       0xf4 bin/system_stm32f10x.o
                0x00000000080017cc                SystemInit
 *(.rodata)
 *(.rodata*)
 .rodata.str1.1
                0x00000000080018c0       0x27 bin/main.o
 .rodata.str1.1
                0x00000000080018e7        0xd bin/system.o
 .rodata.digit  0x00000000080018f4       0x10 bin/eprintf.o
 .rodata._ctype_
                0x0000000008001904      0x101 /Users/rijn/gcc-arm-none-eabi/bin/../lib/gcc/arm-none-eabi/4.9.3/../../../../arm-none-eabi/lib/armv7-m/libc_nano.a(lib_a-ctype_.o)
                0x0000000008001904                _ctype_
 *(.glue_7)
 .glue_7        0x0000000000000000        0x0 linker stubs
 *(.glue_7t)
 .glue_7t       0x0000000000000000        0x0 linker stubs
 *(.init)
 *(.fini)
 *(.eh_frame)
                0x0000000008001a08                . = ALIGN (0x4)
 *fill*         0x0000000008001a05        0x3 
                0x0000000008001a08                _param_start = .
 *(.param)
 *(.param.*)
                0x0000000008001a08                _param_stop = .
                0x0000000008001a08                . = ALIGN (0x4)
                0x0000000008001a08                _log_start = .
 *(.log)
 *(.log.*)
                0x0000000008001a08                _log_stop = .
                0x0000000008001a08                . = ALIGN (0x4)
                0x0000000008001a08                _etext = .

.vfp11_veneer   0x0000000008001a08        0x0
 .vfp11_veneer  0x0000000000000000        0x0 linker stubs

.v4_bx          0x0000000008001a08        0x0
 .v4_bx         0x0000000000000000        0x0 linker stubs

.iplt           0x0000000008001a08        0x0
 .iplt          0x0000000000000000        0x0 /Users/rijn/gcc-arm-none-eabi/bin/../lib/gcc/arm-none-eabi/4.9.3/armv7-m/crtbegin.o

.libc           0x0000000008001a08        0x8
                0x0000000008001a08                . = ALIGN (0x4)
 *(.ARM.exidx*)
 .ARM.exidx     0x0000000008001a08        0x8 /Users/rijn/gcc-arm-none-eabi/bin/../lib/gcc/arm-none-eabi/4.9.3/armv7-m/libgcc.a(_divdi3.o)
 .ARM.exidx     0x0000000008001a10        0x0 /Users/rijn/gcc-arm-none-eabi/bin/../lib/gcc/arm-none-eabi/4.9.3/armv7-m/libgcc.a(_udivdi3.o)
                                          0x8 (size before relaxing)
                0x0000000008001a10                . = ALIGN (0x4)
                0x0000000008001a10                _elibc = .
                0x0000000008001a10                _sidata = _elibc

.rel.dyn        0x0000000008001a10        0x0
 .rel.iplt      0x0000000000000000        0x0 /Users/rijn/gcc-arm-none-eabi/bin/../lib/gcc/arm-none-eabi/4.9.3/armv7-m/crtbegin.o

.flashpatch     0x0000000000000000        0x0
                0x0000000000000000                . = ALIGN (0x4)
 *(.flashpatch)
                0x0000000000000000                . = ALIGN (0x4)

.endflash       0x0000000000000000        0x0
                0x0000000000000000                . = ALIGN (0x4)
 *(.endflash)
                0x0000000000000000                . = ALIGN (0x4)

.data           0x0000000020000000       0x18 load address 0x0000000008001a10
                0x0000000020000000                . = ALIGN (0x4)
                0x0000000020000000                _sdata = .
 *(.data)
 *(.data.*)
 .data.ADCPrescTable
                0x0000000020000000        0x4 bin/stm32f10x_rcc.o
 .data.APBAHBPrescTable
                0x0000000020000004       0x10 bin/stm32f10x_rcc.o
 .data.__ctype_ptr__
                0x0000000020000014        0x4 /Users/rijn/gcc-arm-none-eabi/bin/../lib/gcc/arm-none-eabi/4.9.3/../../../../arm-none-eabi/lib/armv7-m/libc_nano.a(lib_a-ctype_.o)
                0x0000000020000014                __ctype_ptr__
 *(.RAMtext)
                0x0000000020000018                . = ALIGN (0x4)
                0x0000000020000018                _edata = .

.igot.plt       0x0000000020000018        0x0 load address 0x0000000008001a28
 .igot.plt      0x0000000000000000        0x0 /Users/rijn/gcc-arm-none-eabi/bin/../lib/gcc/arm-none-eabi/4.9.3/armv7-m/crtbegin.o

.bss            0x0000000020000018        0x8 load address 0x0000000008001a28
                0x0000000020000018                . = ALIGN (0x4)
                0x0000000020000018                _sbss = .
 *(.bss)
 *(.bss.*)
 .bss.fac_ms    0x0000000020000018        0x2 bin/rcc.o
 .bss.isInit    0x000000002000001a        0x1 bin/system.o
 *(COMMON)
 COMMON         0x000000002000001b        0x2 bin/max6675.o
                0x000000002000001b                max6675_ls
                0x000000002000001c                max6675_ms
                0x0000000020000020                . = ALIGN (0x4)
 *fill*         0x000000002000001d        0x3 
                0x0000000020000020                _ebss = .
                0x0000000020000020                PROVIDE (end, _ebss)
                0x0000000020000020                PROVIDE (_end, _ebss)

._usrstack      0x0000000020000020      0x100 load address 0x0000000008001a30
                0x0000000020000020                . = ALIGN (0x4)
                0x0000000020000020                _susrstack = .
                0x0000000020000120                . = (. + _Minimum_Stack_Size)
 *fill*         0x0000000020000020      0x100 
                0x0000000020000120                . = ALIGN (0x4)
                0x0000000020000120                _eusrstack = .

.b1text
 *(.b1text)
 *(.b1rodata)
 *(.b1rodata*)

.eb0text
 *(.eb0text)
 *(.eb0rodata)
 *(.eb0rodata*)

.eb1text
 *(.eb1text)
 *(.eb1rodata)
 *(.eb1rodata*)

.eb2text
 *(.eb2text)
 *(.eb2rodata)
 *(.eb2rodata*)

.eb3text
 *(.eb3text)
 *(.eb3rodata)
 *(.eb3rodata*)
                0x0000000020000120                __exidx_start = .
                0x0000000020000120                __exidx_end = .

/DISCARD/
 libc.a(*)
 libm.a(*)
 libgcc.a(*)

.stab
 *(.stab)

.stabstr
 *(.stabstr)

.stab.excl
 *(.stab.excl)

.stab.exclstr
 *(.stab.exclstr)

.stab.index
 *(.stab.index)

.stab.indexstr
 *(.stab.indexstr)

.comment        0x0000000000000000       0x70
 *(.comment)
 .comment       0x0000000000000000       0x70 bin/misc.o
                                         0x71 (size before relaxing)
 .comment       0x0000000000000000       0x71 bin/stm32f10x_flash.o
 .comment       0x0000000000000000       0x71 bin/stm32f10x_gpio.o
 .comment       0x0000000000000000       0x71 bin/stm32f10x_rcc.o
 .comment       0x0000000000000000       0x71 bin/stm32f10x_spi.o
 .comment       0x0000000000000000       0x71 bin/stm32f10x_usart.o
 .comment       0x0000000000000000       0x71 bin/main.o
 .comment       0x0000000000000000       0x71 bin/nvic.o
 .comment       0x0000000000000000       0x71 bin/spi.o
 .comment       0x0000000000000000       0x71 bin/max6675.o
 .comment       0x0000000000000000       0x71 bin/rcc.o
 .comment       0x0000000000000000       0x71 bin/uart.o
 .comment       0x0000000000000000       0x71 bin/system.o
 .comment       0x0000000000000000       0x71 bin/eprintf.o
 .comment       0x0000000000000000       0x71 bin/system_stm32f10x.o

.ARM.attributes
                0x0000000000000000       0x29
 .ARM.attributes
                0x0000000000000000       0x33 bin/misc.o
 .ARM.attributes
                0x0000000000000033       0x33 bin/stm32f10x_flash.o
 .ARM.attributes
                0x0000000000000066       0x33 bin/stm32f10x_gpio.o
 .ARM.attributes
                0x0000000000000099       0x33 bin/stm32f10x_rcc.o
 .ARM.attributes
                0x00000000000000cc       0x33 bin/stm32f10x_spi.o
 .ARM.attributes
                0x00000000000000ff       0x33 bin/stm32f10x_usart.o
 .ARM.attributes
                0x0000000000000132       0x33 bin/main.o
 .ARM.attributes
                0x0000000000000165       0x33 bin/nvic.o
 .ARM.attributes
                0x0000000000000198       0x33 bin/spi.o
 .ARM.attributes
                0x00000000000001cb       0x33 bin/max6675.o
 .ARM.attributes
                0x00000000000001fe       0x33 bin/rcc.o
 .ARM.attributes
                0x0000000000000231       0x33 bin/uart.o
 .ARM.attributes
                0x0000000000000264       0x33 bin/system.o
 .ARM.attributes
                0x0000000000000297       0x33 bin/eprintf.o
 .ARM.attributes
                0x00000000000002ca       0x21 bin/startup_stm32f10x_md.o
 .ARM.attributes
                0x00000000000002eb       0x33 bin/system_stm32f10x.o
 .ARM.attributes
                0x000000000000031e       0x1d /Users/rijn/gcc-arm-none-eabi/bin/../lib/gcc/arm-none-eabi/4.9.3/armv7-m/libgcc.a(_arm_truncdfsf2.o)
 .ARM.attributes
                0x000000000000033b       0x1d /Users/rijn/gcc-arm-none-eabi/bin/../lib/gcc/arm-none-eabi/4.9.3/armv7-m/libgcc.a(_arm_addsubsf3.o)
 .ARM.attributes
                0x0000000000000358       0x1d /Users/rijn/gcc-arm-none-eabi/bin/../lib/gcc/arm-none-eabi/4.9.3/armv7-m/libgcc.a(_arm_muldivsf3.o)
 .ARM.attributes
                0x0000000000000375       0x1d /Users/rijn/gcc-arm-none-eabi/bin/../lib/gcc/arm-none-eabi/4.9.3/armv7-m/libgcc.a(_arm_cmpsf2.o)
 .ARM.attributes
                0x0000000000000392       0x1d /Users/rijn/gcc-arm-none-eabi/bin/../lib/gcc/arm-none-eabi/4.9.3/armv7-m/libgcc.a(_arm_fixsfsi.o)
 .ARM.attributes
                0x00000000000003af       0x1d /Users/rijn/gcc-arm-none-eabi/bin/../lib/gcc/arm-none-eabi/4.9.3/armv7-m/libgcc.a(_aeabi_ldivmod.o)
 .ARM.attributes
                0x00000000000003cc       0x2d /Users/rijn/gcc-arm-none-eabi/bin/../lib/gcc/arm-none-eabi/4.9.3/armv7-m/libgcc.a(bpabi.o)
 .ARM.attributes
                0x00000000000003f9       0x1d /Users/rijn/gcc-arm-none-eabi/bin/../lib/gcc/arm-none-eabi/4.9.3/armv7-m/libgcc.a(_dvmd_tls.o)
 .ARM.attributes
                0x0000000000000416       0x2d /Users/rijn/gcc-arm-none-eabi/bin/../lib/gcc/arm-none-eabi/4.9.3/armv7-m/libgcc.a(_divdi3.o)
 .ARM.attributes
                0x0000000000000443       0x2d /Users/rijn/gcc-arm-none-eabi/bin/../lib/gcc/arm-none-eabi/4.9.3/armv7-m/libgcc.a(_udivdi3.o)
 .ARM.attributes
                0x0000000000000470       0x2d /Users/rijn/gcc-arm-none-eabi/bin/../lib/gcc/arm-none-eabi/4.9.3/../../../../arm-none-eabi/lib/armv7-m/libc_nano.a(lib_a-ctype_.o)

.debug
 *(.debug)

.line
 *(.line)

.debug_srcinfo
 *(.debug_srcinfo)

.debug_sfnames
 *(.debug_sfnames)

.debug_aranges  0x0000000000000000      0x670
 *(.debug_aranges)
 .debug_aranges
                0x0000000000000000       0x40 bin/misc.o
 .debug_aranges
                0x0000000000000040       0xd0 bin/stm32f10x_flash.o
 .debug_aranges
                0x0000000000000110       0xa8 bin/stm32f10x_gpio.o
 .debug_aranges
                0x00000000000001b8      0x118 bin/stm32f10x_rcc.o
 .debug_aranges
                0x00000000000002d0       0xd0 bin/stm32f10x_spi.o
 .debug_aranges
                0x00000000000003a0       0xf0 bin/stm32f10x_usart.o
 .debug_aranges
                0x0000000000000490       0x20 bin/main.o
 .debug_aranges
                0x00000000000004b0       0x28 bin/nvic.o
 .debug_aranges
                0x00000000000004d8       0x30 bin/spi.o
 .debug_aranges
                0x0000000000000508       0x40 bin/max6675.o
 .debug_aranges
                0x0000000000000548       0x38 bin/rcc.o
 .debug_aranges
                0x0000000000000580       0x68 bin/uart.o
 .debug_aranges
                0x00000000000005e8       0x20 bin/system.o
 .debug_aranges
                0x0000000000000608       0x40 bin/eprintf.o
 .debug_aranges
                0x0000000000000648       0x28 bin/system_stm32f10x.o

.debug_pubnames
 *(.debug_pubnames)

.debug_info     0x0000000000000000     0x5572
 *(.debug_info .gnu.linkonce.wi.*)
 .debug_info    0x0000000000000000      0x4da bin/misc.o
 .debug_info    0x00000000000004da      0x90b bin/stm32f10x_flash.o
 .debug_info    0x0000000000000de5      0x7c3 bin/stm32f10x_gpio.o
 .debug_info    0x00000000000015a8      0x8a2 bin/stm32f10x_rcc.o
 .debug_info    0x0000000000001e4a      0x99d bin/stm32f10x_spi.o
 .debug_info    0x00000000000027e7      0xa54 bin/stm32f10x_usart.o
 .debug_info    0x000000000000323b      0x187 bin/main.o
 .debug_info    0x00000000000033c2       0xd2 bin/nvic.o
 .debug_info    0x0000000000003494      0x6ba bin/spi.o
 .debug_info    0x0000000000003b4e      0x206 bin/max6675.o
 .debug_info    0x0000000000003d54      0x467 bin/rcc.o
 .debug_info    0x00000000000041bb      0x9f5 bin/uart.o
 .debug_info    0x0000000000004bb0      0x12f bin/system.o
 .debug_info    0x0000000000004cdf      0x440 bin/eprintf.o
 .debug_info    0x000000000000511f      0x453 bin/system_stm32f10x.o

.debug_abbrev   0x0000000000000000     0x17b0
 *(.debug_abbrev)
 .debug_abbrev  0x0000000000000000      0x144 bin/misc.o
 .debug_abbrev  0x0000000000000144      0x26b bin/stm32f10x_flash.o
 .debug_abbrev  0x00000000000003af      0x1da bin/stm32f10x_gpio.o
 .debug_abbrev  0x0000000000000589      0x1d4 bin/stm32f10x_rcc.o
 .debug_abbrev  0x000000000000075d      0x1ee bin/stm32f10x_spi.o
 .debug_abbrev  0x000000000000094b      0x1ee bin/stm32f10x_usart.o
 .debug_abbrev  0x0000000000000b39       0xed bin/main.o
 .debug_abbrev  0x0000000000000c26       0x9e bin/nvic.o
 .debug_abbrev  0x0000000000000cc4      0x1a0 bin/spi.o
 .debug_abbrev  0x0000000000000e64      0x10a bin/max6675.o
 .debug_abbrev  0x0000000000000f6e      0x1a3 bin/rcc.o
 .debug_abbrev  0x0000000000001111      0x22b bin/uart.o
 .debug_abbrev  0x000000000000133c       0xcb bin/system.o
 .debug_abbrev  0x0000000000001407      0x21e bin/eprintf.o
 .debug_abbrev  0x0000000000001625      0x18b bin/system_stm32f10x.o

.debug_line     0x0000000000000000     0x3ede
 *(.debug_line)
 .debug_line    0x0000000000000000      0x366 bin/misc.o
 .debug_line    0x0000000000000366      0x58d bin/stm32f10x_flash.o
 .debug_line    0x00000000000008f3      0x4b1 bin/stm32f10x_gpio.o
 .debug_line    0x0000000000000da4      0x59a bin/stm32f10x_rcc.o
 .debug_line    0x000000000000133e      0x53d bin/stm32f10x_spi.o
 .debug_line    0x000000000000187b      0x57a bin/stm32f10x_usart.o
 .debug_line    0x0000000000001df5      0x393 bin/main.o
 .debug_line    0x0000000000002188      0x361 bin/nvic.o
 .debug_line    0x00000000000024e9      0x373 bin/spi.o
 .debug_line    0x000000000000285c      0x362 bin/max6675.o
 .debug_line    0x0000000000002bbe      0x380 bin/rcc.o
 .debug_line    0x0000000000002f3e      0x4d5 bin/uart.o
 .debug_line    0x0000000000003413      0x383 bin/system.o
 .debug_line    0x0000000000003796      0x40d bin/eprintf.o
 .debug_line    0x0000000000003ba3      0x33b bin/system_stm32f10x.o

.debug_frame    0x0000000000000000      0xe20
 *(.debug_frame)
 .debug_frame   0x0000000000000000       0x68 bin/misc.o
 .debug_frame   0x0000000000000068      0x1f4 bin/stm32f10x_flash.o
 .debug_frame   0x000000000000025c      0x170 bin/stm32f10x_gpio.o
 .debug_frame   0x00000000000003cc      0x220 bin/stm32f10x_rcc.o
 .debug_frame   0x00000000000005ec      0x1bc bin/stm32f10x_spi.o
 .debug_frame   0x00000000000007a8      0x200 bin/stm32f10x_usart.o
 .debug_frame   0x00000000000009a8       0x28 bin/main.o
 .debug_frame   0x00000000000009d0       0x30 bin/nvic.o
 .debug_frame   0x0000000000000a00       0x68 bin/spi.o
 .debug_frame   0x0000000000000a68       0x88 bin/max6675.o
 .debug_frame   0x0000000000000af0       0x64 bin/rcc.o
 .debug_frame   0x0000000000000b54       0xdc bin/uart.o
 .debug_frame   0x0000000000000c30       0x28 bin/system.o
 .debug_frame   0x0000000000000c58       0xa8 bin/eprintf.o
 .debug_frame   0x0000000000000d00       0x3c bin/system_stm32f10x.o
 .debug_frame   0x0000000000000d3c       0x28 /Users/rijn/gcc-arm-none-eabi/bin/../lib/gcc/arm-none-eabi/4.9.3/armv7-m/libgcc.a(_aeabi_ldivmod.o)
 .debug_frame   0x0000000000000d64       0x54 /Users/rijn/gcc-arm-none-eabi/bin/../lib/gcc/arm-none-eabi/4.9.3/armv7-m/libgcc.a(bpabi.o)
 .debug_frame   0x0000000000000db8       0x34 /Users/rijn/gcc-arm-none-eabi/bin/../lib/gcc/arm-none-eabi/4.9.3/armv7-m/libgcc.a(_divdi3.o)
 .debug_frame   0x0000000000000dec       0x34 /Users/rijn/gcc-arm-none-eabi/bin/../lib/gcc/arm-none-eabi/4.9.3/armv7-m/libgcc.a(_udivdi3.o)

.debug_str      0x0000000000000000    0x44e93
 *(.debug_str)
 .debug_str     0x0000000000000000    0x3f39f bin/misc.o
                                      0x3f501 (size before relaxing)
 .debug_str     0x000000000003f39f      0x75e bin/stm32f10x_flash.o
                                      0x3fa2c (size before relaxing)
 .debug_str     0x000000000003fafd      0x5cb bin/stm32f10x_gpio.o
                                      0x3f895 (size before relaxing)
 .debug_str     0x00000000000400c8      0xb4e bin/stm32f10x_rcc.o
                                      0x3fe5f (size before relaxing)
 .debug_str     0x0000000000040c16      0x5f4 bin/stm32f10x_spi.o
                                      0x3f9b9 (size before relaxing)
 .debug_str     0x000000000004120a      0x74f bin/stm32f10x_usart.o
                                      0x3fb24 (size before relaxing)
 .debug_str     0x0000000000041959      0x34d bin/main.o
                                      0x3f5f3 (size before relaxing)
 .debug_str     0x0000000000041ca6       0x5b bin/nvic.o
                                      0x3f5ab (size before relaxing)
 .debug_str     0x0000000000041d01      0x1a9 bin/spi.o
                                      0x3f728 (size before relaxing)
 .debug_str     0x0000000000041eaa       0x50 bin/max6675.o
                                      0x3f3f3 (size before relaxing)
 .debug_str     0x0000000000041efa       0xa4 bin/rcc.o
                                      0x3f4bc (size before relaxing)
 .debug_str     0x0000000000041f9e     0x293b bin/uart.o
                                      0x4222f (size before relaxing)
 .debug_str     0x00000000000448d9       0x2f bin/system.o
                                      0x3f5b6 (size before relaxing)
 .debug_str     0x0000000000044908      0x4e9 bin/eprintf.o
                                      0x3fce7 (size before relaxing)
 .debug_str     0x0000000000044df1       0xa2 bin/system_stm32f10x.o
                                      0x3f41e (size before relaxing)

.debug_loc      0x0000000000000000     0x295e
 *(.debug_loc)
 .debug_loc     0x0000000000000000      0x170 bin/misc.o
 .debug_loc     0x0000000000000170      0x6e4 bin/stm32f10x_flash.o
 .debug_loc     0x0000000000000854      0x506 bin/stm32f10x_gpio.o
 .debug_loc     0x0000000000000d5a      0x692 bin/stm32f10x_rcc.o
 .debug_loc     0x00000000000013ec      0x5a1 bin/stm32f10x_spi.o
 .debug_loc     0x000000000000198d      0x7f8 bin/stm32f10x_usart.o
 .debug_loc     0x0000000000002185       0x92 bin/spi.o
 .debug_loc     0x0000000000002217       0x3c bin/max6675.o
 .debug_loc     0x0000000000002253       0x9c bin/rcc.o
 .debug_loc     0x00000000000022ef      0x111 bin/uart.o
 .debug_loc     0x0000000000002400      0x4ba bin/eprintf.o
 .debug_loc     0x00000000000028ba       0xa4 bin/system_stm32f10x.o

.debug_macinfo
 *(.debug_macinfo)

.debug_weaknames
 *(.debug_weaknames)

.debug_funcnames
 *(.debug_funcnames)

.debug_typenames
 *(.debug_typenames)

.debug_varnames
 *(.debug_varnames)
OUTPUT(tf1.elf elf32-littlearm)

.debug_ranges   0x0000000000000000      0x598
 .debug_ranges  0x0000000000000000       0x30 bin/misc.o
 .debug_ranges  0x0000000000000030       0xc0 bin/stm32f10x_flash.o
 .debug_ranges  0x00000000000000f0       0x98 bin/stm32f10x_gpio.o
 .debug_ranges  0x0000000000000188      0x108 bin/stm32f10x_rcc.o
 .debug_ranges  0x0000000000000290       0xc0 bin/stm32f10x_spi.o
 .debug_ranges  0x0000000000000350       0xe0 bin/stm32f10x_usart.o
 .debug_ranges  0x0000000000000430       0x10 bin/main.o
 .debug_ranges  0x0000000000000440       0x18 bin/nvic.o
 .debug_ranges  0x0000000000000458       0x20 bin/spi.o
 .debug_ranges  0x0000000000000478       0x30 bin/max6675.o
 .debug_ranges  0x00000000000004a8       0x28 bin/rcc.o
 .debug_ranges  0x00000000000004d0       0x58 bin/uart.o
 .debug_ranges  0x0000000000000528       0x10 bin/system.o
 .debug_ranges  0x0000000000000538       0x30 bin/eprintf.o
 .debug_ranges  0x0000000000000568       0x30 bin/system_stm32f10x.o

.debug_macro    0x0000000000000000     0xc440
 .debug_macro   0x0000000000000000      0x104 bin/misc.o
 .debug_macro   0x0000000000000104      0x874 bin/misc.o
 .debug_macro   0x0000000000000978       0x50 bin/misc.o
 .debug_macro   0x00000000000009c8       0x22 bin/misc.o
 .debug_macro   0x00000000000009ea       0x22 bin/misc.o
 .debug_macro   0x0000000000000a0c       0x44 bin/misc.o
 .debug_macro   0x0000000000000a50       0x58 bin/misc.o
 .debug_macro   0x0000000000000aa8       0x22 bin/misc.o
 .debug_macro   0x0000000000000aca      0x1df bin/misc.o
 .debug_macro   0x0000000000000ca9       0xb9 bin/misc.o
 .debug_macro   0x0000000000000d62     0x7def bin/misc.o
 .debug_macro   0x0000000000008b51      0x2d0 bin/misc.o
 .debug_macro   0x0000000000008e21       0x76 bin/misc.o
 .debug_macro   0x0000000000008e97      0x3ad bin/misc.o
 .debug_macro   0x0000000000009244       0x9a bin/misc.o
 .debug_macro   0x00000000000092de      0x29d bin/misc.o
 .debug_macro   0x000000000000957b      0x249 bin/misc.o
 .debug_macro   0x00000000000097c4       0x64 bin/misc.o
 .debug_macro   0x0000000000009828      0x39c bin/misc.o
 .debug_macro   0x0000000000009bc4      0x2bc bin/misc.o
 .debug_macro   0x0000000000009e80      0x654 bin/misc.o
 .debug_macro   0x000000000000a4d4      0x21f bin/misc.o
 .debug_macro   0x000000000000a6f3       0x8a bin/misc.o
 .debug_macro   0x000000000000a77d      0x19a bin/stm32f10x_flash.o
 .debug_macro   0x000000000000a917      0x14c bin/stm32f10x_gpio.o
 .debug_macro   0x000000000000aa63      0x21a bin/stm32f10x_rcc.o
 .debug_macro   0x000000000000ac7d      0x164 bin/stm32f10x_spi.o
 .debug_macro   0x000000000000ade1      0x19a bin/stm32f10x_usart.o
 .debug_macro   0x000000000000af7b      0x151 bin/main.o
 .debug_macro   0x000000000000b0cc       0x22 bin/main.o
 .debug_macro   0x000000000000b0ee       0x58 bin/main.o
 .debug_macro   0x000000000000b146       0x46 bin/main.o
 .debug_macro   0x000000000000b18c      0x139 bin/nvic.o
 .debug_macro   0x000000000000b2c5      0x119 bin/spi.o
 .debug_macro   0x000000000000b3de       0x3a bin/spi.o
 .debug_macro   0x000000000000b418      0x111 bin/max6675.o
 .debug_macro   0x000000000000b529      0x11e bin/rcc.o
 .debug_macro   0x000000000000b647      0x1ea bin/uart.o
 .debug_macro   0x000000000000b831       0x58 bin/uart.o
 .debug_macro   0x000000000000b889       0x35 bin/uart.o
 .debug_macro   0x000000000000b8be       0x9c bin/uart.o
 .debug_macro   0x000000000000b95a      0x166 bin/uart.o
 .debug_macro   0x000000000000bac0       0x52 bin/uart.o
 .debug_macro   0x000000000000bb12       0x16 bin/uart.o
 .debug_macro   0x000000000000bb28       0x43 bin/uart.o
 .debug_macro   0x000000000000bb6b      0x180 bin/uart.o
 .debug_macro   0x000000000000bceb      0x29d bin/uart.o
 .debug_macro   0x000000000000bf88       0x10 bin/uart.o
 .debug_macro   0x000000000000bf98       0x35 bin/uart.o
 .debug_macro   0x000000000000bfcd       0x1c bin/uart.o
 .debug_macro   0x000000000000bfe9      0x151 bin/system.o
 .debug_macro   0x000000000000c13a      0x151 bin/eprintf.o
 .debug_macro   0x000000000000c28b       0xa6 bin/eprintf.o
 .debug_macro   0x000000000000c331      0x10f bin/system_stm32f10x.o

Cross Reference Table

Symbol                                            File
ADC1_2_IRQHandler                                 bin/startup_stm32f10x_md.o
ADC_AnalogWatchdogCmd                             bin/stm32f10x_adc.o
ADC_AnalogWatchdogSingleChannelConfig             bin/stm32f10x_adc.o
ADC_AnalogWatchdogThresholdsConfig                bin/stm32f10x_adc.o
ADC_AutoInjectedConvCmd                           bin/stm32f10x_adc.o
ADC_ClearFlag                                     bin/stm32f10x_adc.o
ADC_ClearITPendingBit                             bin/stm32f10x_adc.o
ADC_Cmd                                           bin/stm32f10x_adc.o
ADC_DMACmd                                        bin/stm32f10x_adc.o
ADC_DeInit                                        bin/stm32f10x_adc.o
ADC_DiscModeChannelCountConfig                    bin/stm32f10x_adc.o
ADC_DiscModeCmd                                   bin/stm32f10x_adc.o
ADC_ExternalTrigConvCmd                           bin/stm32f10x_adc.o
ADC_ExternalTrigInjectedConvCmd                   bin/stm32f10x_adc.o
ADC_ExternalTrigInjectedConvConfig                bin/stm32f10x_adc.o
ADC_GetCalibrationStatus                          bin/stm32f10x_adc.o
ADC_GetConversionValue                            bin/stm32f10x_adc.o
ADC_GetDualModeConversionValue                    bin/stm32f10x_adc.o
ADC_GetFlagStatus                                 bin/stm32f10x_adc.o
ADC_GetITStatus                                   bin/stm32f10x_adc.o
ADC_GetInjectedConversionValue                    bin/stm32f10x_adc.o
ADC_GetResetCalibrationStatus                     bin/stm32f10x_adc.o
ADC_GetSoftwareStartConvStatus                    bin/stm32f10x_adc.o
ADC_GetSoftwareStartInjectedConvCmdStatus         bin/stm32f10x_adc.o
ADC_ITConfig                                      bin/stm32f10x_adc.o
ADC_Init                                          bin/stm32f10x_adc.o
ADC_InjectedChannelConfig                         bin/stm32f10x_adc.o
ADC_InjectedDiscModeCmd                           bin/stm32f10x_adc.o
ADC_InjectedSequencerLengthConfig                 bin/stm32f10x_adc.o
ADC_RegularChannelConfig                          bin/stm32f10x_adc.o
ADC_ResetCalibration                              bin/stm32f10x_adc.o
ADC_SetInjectedOffset                             bin/stm32f10x_adc.o
ADC_SoftwareStartConvCmd                          bin/stm32f10x_adc.o
ADC_SoftwareStartInjectedConvCmd                  bin/stm32f10x_adc.o
ADC_StartCalibration                              bin/stm32f10x_adc.o
ADC_StructInit                                    bin/stm32f10x_adc.o
ADC_TempSensorVrefintCmd                          bin/stm32f10x_adc.o
AHBPrescTable                                     bin/system_stm32f10x.o
BusFault_Handler                                  bin/startup_stm32f10x_md.o
CAN1_RX1_IRQHandler                               bin/startup_stm32f10x_md.o
CAN1_SCE_IRQHandler                               bin/startup_stm32f10x_md.o
DBGMCU_Config                                     bin/stm32f10x_dbgmcu.o
DBGMCU_GetDEVID                                   bin/stm32f10x_dbgmcu.o
DBGMCU_GetREVID                                   bin/stm32f10x_dbgmcu.o
DMA1_Channel1_IRQHandler                          bin/startup_stm32f10x_md.o
DMA1_Channel2_IRQHandler                          bin/uart.o
DMA1_Channel3_IRQHandler                          bin/startup_stm32f10x_md.o
DMA1_Channel4_IRQHandler                          bin/startup_stm32f10x_md.o
DMA1_Channel5_IRQHandler                          bin/startup_stm32f10x_md.o
DMA1_Channel6_IRQHandler                          bin/startup_stm32f10x_md.o
DMA1_Channel7_IRQHandler                          bin/startup_stm32f10x_md.o
DMA_ClearFlag                                     bin/stm32f10x_dma.o
DMA_ClearITPendingBit                             bin/stm32f10x_dma.o
DMA_Cmd                                           bin/stm32f10x_dma.o
                                                  bin/uart.o
DMA_DeInit                                        bin/stm32f10x_dma.o
DMA_GetCurrDataCounter                            bin/stm32f10x_dma.o
DMA_GetFlagStatus                                 bin/stm32f10x_dma.o
DMA_GetITStatus                                   bin/stm32f10x_dma.o
DMA_ITConfig                                      bin/stm32f10x_dma.o
                                                  bin/uart.o
DMA_Init                                          bin/stm32f10x_dma.o
                                                  bin/uart.o
DMA_StructInit                                    bin/stm32f10x_dma.o
DebugMon_Handler                                  bin/startup_stm32f10x_md.o
Default_Handler                                   bin/startup_stm32f10x_md.o
EXTI0_IRQHandler                                  bin/startup_stm32f10x_md.o
EXTI15_10_IRQHandler                              bin/startup_stm32f10x_md.o
EXTI1_IRQHandler                                  bin/startup_stm32f10x_md.o
EXTI2_IRQHandler                                  bin/startup_stm32f10x_md.o
EXTI3_IRQHandler                                  bin/startup_stm32f10x_md.o
EXTI4_IRQHandler                                  bin/startup_stm32f10x_md.o
EXTI9_5_IRQHandler                                bin/startup_stm32f10x_md.o
EXTI_ClearFlag                                    bin/stm32f10x_exti.o
EXTI_ClearITPendingBit                            bin/stm32f10x_exti.o
EXTI_DeInit                                       bin/stm32f10x_exti.o
EXTI_GenerateSWInterrupt                          bin/stm32f10x_exti.o
EXTI_GetFlagStatus                                bin/stm32f10x_exti.o
EXTI_GetITStatus                                  bin/stm32f10x_exti.o
EXTI_Init                                         bin/stm32f10x_exti.o
EXTI_StructInit                                   bin/stm32f10x_exti.o
FLASH_ClearFlag                                   bin/stm32f10x_flash.o
FLASH_EnableWriteProtection                       bin/stm32f10x_flash.o
FLASH_EraseAllPages                               bin/stm32f10x_flash.o
FLASH_EraseOptionBytes                            bin/stm32f10x_flash.o
FLASH_ErasePage                                   bin/stm32f10x_flash.o
FLASH_GetFlagStatus                               bin/stm32f10x_flash.o
FLASH_GetPrefetchBufferStatus                     bin/stm32f10x_flash.o
FLASH_GetReadOutProtectionStatus                  bin/stm32f10x_flash.o
FLASH_GetStatus                                   bin/stm32f10x_flash.o
FLASH_GetUserOptionByte                           bin/stm32f10x_flash.o
FLASH_GetWriteProtectionOptionByte                bin/stm32f10x_flash.o
FLASH_HalfCycleAccessCmd                          bin/stm32f10x_flash.o
FLASH_IRQHandler                                  bin/startup_stm32f10x_md.o
FLASH_ITConfig                                    bin/stm32f10x_flash.o
FLASH_Lock                                        bin/stm32f10x_flash.o
FLASH_PrefetchBufferCmd                           bin/stm32f10x_flash.o
                                                  bin/rcc.o
FLASH_ProgramHalfWord                             bin/stm32f10x_flash.o
FLASH_ProgramOptionByteData                       bin/stm32f10x_flash.o
FLASH_ProgramWord                                 bin/stm32f10x_flash.o
FLASH_ReadOutProtection                           bin/stm32f10x_flash.o
FLASH_SetLatency                                  bin/stm32f10x_flash.o
                                                  bin/rcc.o
FLASH_Unlock                                      bin/stm32f10x_flash.o
FLASH_UserOptionByteConfig                        bin/stm32f10x_flash.o
FLASH_WaitForLastOperation                        bin/stm32f10x_flash.o
GPIO_AFIODeInit                                   bin/stm32f10x_gpio.o
GPIO_DeInit                                       bin/stm32f10x_gpio.o
GPIO_ETH_MediaInterfaceConfig                     bin/stm32f10x_gpio.o
GPIO_EXTILineConfig                               bin/stm32f10x_gpio.o
GPIO_EventOutputCmd                               bin/stm32f10x_gpio.o
GPIO_EventOutputConfig                            bin/stm32f10x_gpio.o
GPIO_Init                                         bin/stm32f10x_gpio.o
                                                  bin/uart.o
                                                  bin/spi.o
GPIO_PinLockConfig                                bin/stm32f10x_gpio.o
GPIO_PinRemapConfig                               bin/stm32f10x_gpio.o
GPIO_ReadInputData                                bin/stm32f10x_gpio.o
GPIO_ReadInputDataBit                             bin/stm32f10x_gpio.o
GPIO_ReadOutputData                               bin/stm32f10x_gpio.o
GPIO_ReadOutputDataBit                            bin/stm32f10x_gpio.o
GPIO_ResetBits                                    bin/stm32f10x_gpio.o
                                                  bin/spi.o
GPIO_SetBits                                      bin/stm32f10x_gpio.o
                                                  bin/spi.o
GPIO_StructInit                                   bin/stm32f10x_gpio.o
GPIO_Write                                        bin/stm32f10x_gpio.o
GPIO_WriteBit                                     bin/stm32f10x_gpio.o
HardFault_Handler                                 bin/startup_stm32f10x_md.o
I2C1_ER_IRQHandler                                bin/startup_stm32f10x_md.o
I2C1_EV_IRQHandler                                bin/startup_stm32f10x_md.o
I2C2_ER_IRQHandler                                bin/startup_stm32f10x_md.o
I2C2_EV_IRQHandler                                bin/startup_stm32f10x_md.o
I2C_ARPCmd                                        bin/stm32f10x_i2c.o
I2C_AcknowledgeConfig                             bin/stm32f10x_i2c.o
I2C_CalculatePEC                                  bin/stm32f10x_i2c.o
I2C_CheckEvent                                    bin/stm32f10x_i2c.o
I2C_ClearFlag                                     bin/stm32f10x_i2c.o
I2C_ClearITPendingBit                             bin/stm32f10x_i2c.o
I2C_Cmd                                           bin/stm32f10x_i2c.o
I2C_DMACmd                                        bin/stm32f10x_i2c.o
I2C_DMALastTransferCmd                            bin/stm32f10x_i2c.o
I2C_DeInit                                        bin/stm32f10x_i2c.o
I2C_DualAddressCmd                                bin/stm32f10x_i2c.o
I2C_FastModeDutyCycleConfig                       bin/stm32f10x_i2c.o
I2C_GeneralCallCmd                                bin/stm32f10x_i2c.o
I2C_GenerateSTART                                 bin/stm32f10x_i2c.o
I2C_GenerateSTOP                                  bin/stm32f10x_i2c.o
I2C_GetFlagStatus                                 bin/stm32f10x_i2c.o
I2C_GetITStatus                                   bin/stm32f10x_i2c.o
I2C_GetLastEvent                                  bin/stm32f10x_i2c.o
I2C_GetPEC                                        bin/stm32f10x_i2c.o
I2C_ITConfig                                      bin/stm32f10x_i2c.o
I2C_Init                                          bin/stm32f10x_i2c.o
I2C_OwnAddress2Config                             bin/stm32f10x_i2c.o
I2C_PECPositionConfig                             bin/stm32f10x_i2c.o
I2C_ReadRegister                                  bin/stm32f10x_i2c.o
I2C_ReceiveData                                   bin/stm32f10x_i2c.o
I2C_SMBusAlertConfig                              bin/stm32f10x_i2c.o
I2C_Send7bitAddress                               bin/stm32f10x_i2c.o
I2C_SendData                                      bin/stm32f10x_i2c.o
I2C_SoftwareResetCmd                              bin/stm32f10x_i2c.o
I2C_StretchClockCmd                               bin/stm32f10x_i2c.o
I2C_StructInit                                    bin/stm32f10x_i2c.o
I2C_TransmitPEC                                   bin/stm32f10x_i2c.o
I2S_Cmd                                           bin/stm32f10x_spi.o
I2S_Init                                          bin/stm32f10x_spi.o
I2S_StructInit                                    bin/stm32f10x_spi.o
IWDG_Enable                                       bin/stm32f10x_iwdg.o
IWDG_GetFlagStatus                                bin/stm32f10x_iwdg.o
IWDG_ReloadCounter                                bin/stm32f10x_iwdg.o
IWDG_SetPrescaler                                 bin/stm32f10x_iwdg.o
IWDG_SetReload                                    bin/stm32f10x_iwdg.o
IWDG_WriteAccessCmd                               bin/stm32f10x_iwdg.o
MemManage_Handler                                 bin/startup_stm32f10x_md.o
NMI_Handler                                       bin/startup_stm32f10x_md.o
NVIC_Init                                         bin/misc.o
                                                  bin/uart.o
NVIC_PriorityGroupConfig                          bin/misc.o
                                                  bin/nvic.o
NVIC_SetVectorTable                               bin/misc.o
NVIC_SystemLPConfig                               bin/misc.o
PVD_IRQHandler                                    bin/startup_stm32f10x_md.o
PendSV_Handler                                    bin/startup_stm32f10x_md.o
RCC_ADCCLKConfig                                  bin/stm32f10x_rcc.o
RCC_AHBPeriphClockCmd                             bin/stm32f10x_rcc.o
RCC_APB1PeriphClockCmd                            bin/stm32f10x_rcc.o
                                                  bin/spi.o
RCC_APB1PeriphResetCmd                            bin/stm32f10x_rcc.o
                                                  bin/stm32f10x_usart.o
                                                  bin/stm32f10x_tim.o
                                                  bin/stm32f10x_spi.o
                                                  bin/stm32f10x_i2c.o
RCC_APB2PeriphClockCmd                            bin/stm32f10x_rcc.o
                                                  bin/uart.o
                                                  bin/rcc.o
                                                  bin/spi.o
RCC_APB2PeriphResetCmd                            bin/stm32f10x_rcc.o
                                                  bin/stm32f10x_usart.o
                                                  bin/stm32f10x_tim.o
                                                  bin/stm32f10x_spi.o
                                                  bin/stm32f10x_gpio.o
                                                  bin/stm32f10x_adc.o
RCC_AdjustHSICalibrationValue                     bin/stm32f10x_rcc.o
RCC_BackupResetCmd                                bin/stm32f10x_rcc.o
RCC_ClearFlag                                     bin/stm32f10x_rcc.o
RCC_ClearITPendingBit                             bin/stm32f10x_rcc.o
RCC_ClockSecuritySystemCmd                        bin/stm32f10x_rcc.o
RCC_DeInit                                        bin/stm32f10x_rcc.o
                                                  bin/rcc.o
RCC_GetClocksFreq                                 bin/stm32f10x_rcc.o
                                                  bin/stm32f10x_usart.o
                                                  bin/stm32f10x_spi.o
                                                  bin/stm32f10x_i2c.o
RCC_GetFlagStatus                                 bin/stm32f10x_rcc.o
                                                  bin/rcc.o
RCC_GetITStatus                                   bin/stm32f10x_rcc.o
RCC_GetSYSCLKSource                               bin/stm32f10x_rcc.o
                                                  bin/rcc.o
RCC_HCLKConfig                                    bin/stm32f10x_rcc.o
                                                  bin/rcc.o
RCC_HSEConfig                                     bin/stm32f10x_rcc.o
                                                  bin/rcc.o
RCC_HSICmd                                        bin/stm32f10x_rcc.o
RCC_IRQHandler                                    bin/startup_stm32f10x_md.o
RCC_ITConfig                                      bin/stm32f10x_rcc.o
RCC_LSEConfig                                     bin/stm32f10x_rcc.o
RCC_LSICmd                                        bin/stm32f10x_rcc.o
RCC_MCOConfig                                     bin/stm32f10x_rcc.o
RCC_PCLK1Config                                   bin/stm32f10x_rcc.o
                                                  bin/rcc.o
RCC_PCLK2Config                                   bin/stm32f10x_rcc.o
                                                  bin/rcc.o
RCC_PLLCmd                                        bin/stm32f10x_rcc.o
                                                  bin/rcc.o
RCC_PLLConfig                                     bin/stm32f10x_rcc.o
                                                  bin/rcc.o
RCC_RTCCLKCmd                                     bin/stm32f10x_rcc.o
RCC_RTCCLKConfig                                  bin/stm32f10x_rcc.o
RCC_SYSCLKConfig                                  bin/stm32f10x_rcc.o
                                                  bin/rcc.o
RCC_USBCLKConfig                                  bin/stm32f10x_rcc.o
RCC_WaitForHSEStartUp                             bin/stm32f10x_rcc.o
                                                  bin/rcc.o
RTCAlarm_IRQHandler                               bin/startup_stm32f10x_md.o
RTC_IRQHandler                                    bin/startup_stm32f10x_md.o
Reset_Handler                                     bin/startup_stm32f10x_md.o
SPI1_IRQHandler                                   bin/startup_stm32f10x_md.o
SPI2_IRQHandler                                   bin/startup_stm32f10x_md.o
SPI_BiDirectionalLineConfig                       bin/stm32f10x_spi.o
SPI_CalculateCRC                                  bin/stm32f10x_spi.o
SPI_Cmd                                           bin/stm32f10x_spi.o
                                                  bin/spi.o
SPI_DataSizeConfig                                bin/stm32f10x_spi.o
SPI_GetCRC                                        bin/stm32f10x_spi.o
SPI_GetCRCPolynomial                              bin/stm32f10x_spi.o
SPI_I2S_ClearFlag                                 bin/stm32f10x_spi.o
SPI_I2S_ClearITPendingBit                         bin/stm32f10x_spi.o
SPI_I2S_DMACmd                                    bin/stm32f10x_spi.o
SPI_I2S_DeInit                                    bin/stm32f10x_spi.o
SPI_I2S_GetFlagStatus                             bin/stm32f10x_spi.o
                                                  bin/spi.o
SPI_I2S_GetITStatus                               bin/stm32f10x_spi.o
SPI_I2S_ITConfig                                  bin/stm32f10x_spi.o
SPI_I2S_ReceiveData                               bin/stm32f10x_spi.o
                                                  bin/spi.o
SPI_I2S_SendData                                  bin/stm32f10x_spi.o
                                                  bin/spi.o
SPI_Init                                          bin/stm32f10x_spi.o
                                                  bin/spi.o
SPI_NSSInternalSoftwareConfig                     bin/stm32f10x_spi.o
SPI_SSOutputCmd                                   bin/stm32f10x_spi.o
SPI_StructInit                                    bin/stm32f10x_spi.o
SPI_TransmitCRC                                   bin/stm32f10x_spi.o
SVC_Handler                                       bin/startup_stm32f10x_md.o
SysTick_CLKSourceConfig                           bin/misc.o
                                                  bin/rcc.o
SysTick_Handler                                   bin/nvic.o
SystemCoreClock                                   bin/system_stm32f10x.o
SystemCoreClockUpdate                             bin/system_stm32f10x.o
SystemInit                                        bin/system_stm32f10x.o
                                                  bin/startup_stm32f10x_md.o
TAMPER_IRQHandler                                 bin/startup_stm32f10x_md.o
TIM1_BRK_IRQHandler                               bin/startup_stm32f10x_md.o
TIM1_CC_IRQHandler                                bin/startup_stm32f10x_md.o
TIM1_TRG_COM_IRQHandler                           bin/startup_stm32f10x_md.o
TIM1_UP_IRQHandler                                bin/startup_stm32f10x_md.o
TIM2_IRQHandler                                   bin/startup_stm32f10x_md.o
TIM3_IRQHandler                                   bin/startup_stm32f10x_md.o
TIM4_IRQHandler                                   bin/startup_stm32f10x_md.o
TIM_ARRPreloadConfig                              bin/stm32f10x_tim.o
TIM_BDTRConfig                                    bin/stm32f10x_tim.o
TIM_BDTRStructInit                                bin/stm32f10x_tim.o
TIM_CCPreloadControl                              bin/stm32f10x_tim.o
TIM_CCxCmd                                        bin/stm32f10x_tim.o
TIM_CCxNCmd                                       bin/stm32f10x_tim.o
TIM_ClearFlag                                     bin/stm32f10x_tim.o
TIM_ClearITPendingBit                             bin/stm32f10x_tim.o
TIM_ClearOC1Ref                                   bin/stm32f10x_tim.o
TIM_ClearOC2Ref                                   bin/stm32f10x_tim.o
TIM_ClearOC3Ref                                   bin/stm32f10x_tim.o
TIM_ClearOC4Ref                                   bin/stm32f10x_tim.o
TIM_Cmd                                           bin/stm32f10x_tim.o
TIM_CounterModeConfig                             bin/stm32f10x_tim.o
TIM_CtrlPWMOutputs                                bin/stm32f10x_tim.o
TIM_DMACmd                                        bin/stm32f10x_tim.o
TIM_DMAConfig                                     bin/stm32f10x_tim.o
TIM_DeInit                                        bin/stm32f10x_tim.o
TIM_ETRClockMode1Config                           bin/stm32f10x_tim.o
TIM_ETRClockMode2Config                           bin/stm32f10x_tim.o
TIM_ETRConfig                                     bin/stm32f10x_tim.o
TIM_EncoderInterfaceConfig                        bin/stm32f10x_tim.o
TIM_ForcedOC1Config                               bin/stm32f10x_tim.o
TIM_ForcedOC2Config                               bin/stm32f10x_tim.o
TIM_ForcedOC3Config                               bin/stm32f10x_tim.o
TIM_ForcedOC4Config                               bin/stm32f10x_tim.o
TIM_GenerateEvent                                 bin/stm32f10x_tim.o
TIM_GetCapture1                                   bin/stm32f10x_tim.o
TIM_GetCapture2                                   bin/stm32f10x_tim.o
TIM_GetCapture3                                   bin/stm32f10x_tim.o
TIM_GetCapture4                                   bin/stm32f10x_tim.o
TIM_GetCounter                                    bin/stm32f10x_tim.o
TIM_GetFlagStatus                                 bin/stm32f10x_tim.o
TIM_GetITStatus                                   bin/stm32f10x_tim.o
TIM_GetPrescaler                                  bin/stm32f10x_tim.o
TIM_ICInit                                        bin/stm32f10x_tim.o
TIM_ICStructInit                                  bin/stm32f10x_tim.o
TIM_ITConfig                                      bin/stm32f10x_tim.o
TIM_ITRxExternalClockConfig                       bin/stm32f10x_tim.o
TIM_InternalClockConfig                           bin/stm32f10x_tim.o
TIM_OC1FastConfig                                 bin/stm32f10x_tim.o
TIM_OC1Init                                       bin/stm32f10x_tim.o
TIM_OC1NPolarityConfig                            bin/stm32f10x_tim.o
TIM_OC1PolarityConfig                             bin/stm32f10x_tim.o
TIM_OC1PreloadConfig                              bin/stm32f10x_tim.o
TIM_OC2FastConfig                                 bin/stm32f10x_tim.o
TIM_OC2Init                                       bin/stm32f10x_tim.o
TIM_OC2NPolarityConfig                            bin/stm32f10x_tim.o
TIM_OC2PolarityConfig                             bin/stm32f10x_tim.o
TIM_OC2PreloadConfig                              bin/stm32f10x_tim.o
TIM_OC3FastConfig                                 bin/stm32f10x_tim.o
TIM_OC3Init                                       bin/stm32f10x_tim.o
TIM_OC3NPolarityConfig                            bin/stm32f10x_tim.o
TIM_OC3PolarityConfig                             bin/stm32f10x_tim.o
TIM_OC3PreloadConfig                              bin/stm32f10x_tim.o
TIM_OC4FastConfig                                 bin/stm32f10x_tim.o
TIM_OC4Init                                       bin/stm32f10x_tim.o
TIM_OC4PolarityConfig                             bin/stm32f10x_tim.o
TIM_OC4PreloadConfig                              bin/stm32f10x_tim.o
TIM_OCStructInit                                  bin/stm32f10x_tim.o
TIM_PWMIConfig                                    bin/stm32f10x_tim.o
TIM_PrescalerConfig                               bin/stm32f10x_tim.o
TIM_SelectCCDMA                                   bin/stm32f10x_tim.o
TIM_SelectCOM                                     bin/stm32f10x_tim.o
TIM_SelectHallSensor                              bin/stm32f10x_tim.o
TIM_SelectInputTrigger                            bin/stm32f10x_tim.o
TIM_SelectMasterSlaveMode                         bin/stm32f10x_tim.o
TIM_SelectOCxM                                    bin/stm32f10x_tim.o
TIM_SelectOnePulseMode                            bin/stm32f10x_tim.o
TIM_SelectOutputTrigger                           bin/stm32f10x_tim.o
TIM_SelectSlaveMode                               bin/stm32f10x_tim.o
TIM_SetAutoreload                                 bin/stm32f10x_tim.o
TIM_SetClockDivision                              bin/stm32f10x_tim.o
TIM_SetCompare1                                   bin/stm32f10x_tim.o
TIM_SetCompare2                                   bin/stm32f10x_tim.o
TIM_SetCompare3                                   bin/stm32f10x_tim.o
TIM_SetCompare4                                   bin/stm32f10x_tim.o
TIM_SetCounter                                    bin/stm32f10x_tim.o
TIM_SetIC1Prescaler                               bin/stm32f10x_tim.o
TIM_SetIC2Prescaler                               bin/stm32f10x_tim.o
TIM_SetIC3Prescaler                               bin/stm32f10x_tim.o
TIM_SetIC4Prescaler                               bin/stm32f10x_tim.o
TIM_TIxExternalClockConfig                        bin/stm32f10x_tim.o
TIM_TimeBaseInit                                  bin/stm32f10x_tim.o
TIM_TimeBaseStructInit                            bin/stm32f10x_tim.o
TIM_UpdateDisableConfig                           bin/stm32f10x_tim.o
TIM_UpdateRequestConfig                           bin/stm32f10x_tim.o
USART1_IRQHandler                                 bin/startup_stm32f10x_md.o
USART2_IRQHandler                                 bin/startup_stm32f10x_md.o
USART3_IRQHandler                                 bin/uart.o
USART_ClearFlag                                   bin/stm32f10x_usart.o
USART_ClearITPendingBit                           bin/stm32f10x_usart.o
USART_ClockInit                                   bin/stm32f10x_usart.o
USART_ClockStructInit                             bin/stm32f10x_usart.o
USART_Cmd                                         bin/stm32f10x_usart.o
                                                  bin/uart.o
USART_DMACmd                                      bin/stm32f10x_usart.o
                                                  bin/uart.o
USART_DeInit                                      bin/stm32f10x_usart.o
USART_GetFlagStatus                               bin/stm32f10x_usart.o
USART_GetITStatus                                 bin/stm32f10x_usart.o
USART_HalfDuplexCmd                               bin/stm32f10x_usart.o
USART_ITConfig                                    bin/stm32f10x_usart.o
                                                  bin/uart.o
USART_Init                                        bin/stm32f10x_usart.o
                                                  bin/uart.o
USART_IrDACmd                                     bin/stm32f10x_usart.o
USART_IrDAConfig                                  bin/stm32f10x_usart.o
USART_LINBreakDetectLengthConfig                  bin/stm32f10x_usart.o
USART_LINCmd                                      bin/stm32f10x_usart.o
USART_ReceiveData                                 bin/stm32f10x_usart.o
USART_ReceiverWakeUpCmd                           bin/stm32f10x_usart.o
USART_SendBreak                                   bin/stm32f10x_usart.o
USART_SendData                                    bin/stm32f10x_usart.o
USART_SetAddress                                  bin/stm32f10x_usart.o
USART_SetGuardTime                                bin/stm32f10x_usart.o
USART_SetPrescaler                                bin/stm32f10x_usart.o
USART_SmartCardCmd                                bin/stm32f10x_usart.o
USART_SmartCardNACKCmd                            bin/stm32f10x_usart.o
USART_StructInit                                  bin/stm32f10x_usart.o
USART_WakeUpConfig                                bin/stm32f10x_usart.o
USBWakeUp_IRQHandler                              bin/startup_stm32f10x_md.o
USB_HP_CAN1_TX_IRQHandler                         bin/startup_stm32f10x_md.o
USB_LP_CAN1_RX0_IRQHandler                        bin/startup_stm32f10x_md.o
UsageFault_Handler                                bin/startup_stm32f10x_md.o
WWDG_IRQHandler                                   bin/startup_stm32f10x_md.o
_Jv_RegisterClasses                               /Users/rijn/gcc-arm-none-eabi/bin/../lib/gcc/arm-none-eabi/4.9.3/armv7-m/crtbegin.o
__addsf3                                          /Users/rijn/gcc-arm-none-eabi/bin/../lib/gcc/arm-none-eabi/4.9.3/armv7-m/libgcc.a(_arm_addsubsf3.o)
__aeabi_cfcmpeq                                   /Users/rijn/gcc-arm-none-eabi/bin/../lib/gcc/arm-none-eabi/4.9.3/armv7-m/libgcc.a(_arm_cmpsf2.o)
__aeabi_cfcmple                                   /Users/rijn/gcc-arm-none-eabi/bin/../lib/gcc/arm-none-eabi/4.9.3/armv7-m/libgcc.a(_arm_cmpsf2.o)
__aeabi_cfrcmple                                  /Users/rijn/gcc-arm-none-eabi/bin/../lib/gcc/arm-none-eabi/4.9.3/armv7-m/libgcc.a(_arm_cmpsf2.o)
__aeabi_d2f                                       /Users/rijn/gcc-arm-none-eabi/bin/../lib/gcc/arm-none-eabi/4.9.3/armv7-m/libgcc.a(_arm_truncdfsf2.o)
                                                  bin/eprintf.o
__aeabi_f2iz                                      /Users/rijn/gcc-arm-none-eabi/bin/../lib/gcc/arm-none-eabi/4.9.3/armv7-m/libgcc.a(_arm_fixsfsi.o)
                                                  bin/eprintf.o
__aeabi_fadd                                      /Users/rijn/gcc-arm-none-eabi/bin/../lib/gcc/arm-none-eabi/4.9.3/armv7-m/libgcc.a(_arm_addsubsf3.o)
__aeabi_fcmpeq                                    /Users/rijn/gcc-arm-none-eabi/bin/../lib/gcc/arm-none-eabi/4.9.3/armv7-m/libgcc.a(_arm_cmpsf2.o)
__aeabi_fcmpge                                    /Users/rijn/gcc-arm-none-eabi/bin/../lib/gcc/arm-none-eabi/4.9.3/armv7-m/libgcc.a(_arm_cmpsf2.o)
__aeabi_fcmpgt                                    /Users/rijn/gcc-arm-none-eabi/bin/../lib/gcc/arm-none-eabi/4.9.3/armv7-m/libgcc.a(_arm_cmpsf2.o)
__aeabi_fcmple                                    /Users/rijn/gcc-arm-none-eabi/bin/../lib/gcc/arm-none-eabi/4.9.3/armv7-m/libgcc.a(_arm_cmpsf2.o)
__aeabi_fcmplt                                    /Users/rijn/gcc-arm-none-eabi/bin/../lib/gcc/arm-none-eabi/4.9.3/armv7-m/libgcc.a(_arm_cmpsf2.o)
                                                  bin/eprintf.o
__aeabi_fdiv                                      /Users/rijn/gcc-arm-none-eabi/bin/../lib/gcc/arm-none-eabi/4.9.3/armv7-m/libgcc.a(_arm_muldivsf3.o)
__aeabi_fmul                                      /Users/rijn/gcc-arm-none-eabi/bin/../lib/gcc/arm-none-eabi/4.9.3/armv7-m/libgcc.a(_arm_muldivsf3.o)
                                                  bin/eprintf.o
__aeabi_frsub                                     /Users/rijn/gcc-arm-none-eabi/bin/../lib/gcc/arm-none-eabi/4.9.3/armv7-m/libgcc.a(_arm_addsubsf3.o)
__aeabi_fsub                                      /Users/rijn/gcc-arm-none-eabi/bin/../lib/gcc/arm-none-eabi/4.9.3/armv7-m/libgcc.a(_arm_addsubsf3.o)
                                                  bin/eprintf.o
__aeabi_i2f                                       /Users/rijn/gcc-arm-none-eabi/bin/../lib/gcc/arm-none-eabi/4.9.3/armv7-m/libgcc.a(_arm_addsubsf3.o)
                                                  bin/eprintf.o
__aeabi_idiv0                                     /Users/rijn/gcc-arm-none-eabi/bin/../lib/gcc/arm-none-eabi/4.9.3/armv7-m/libgcc.a(_dvmd_tls.o)
__aeabi_l2f                                       /Users/rijn/gcc-arm-none-eabi/bin/../lib/gcc/arm-none-eabi/4.9.3/armv7-m/libgcc.a(_arm_addsubsf3.o)
__aeabi_ldiv0                                     /Users/rijn/gcc-arm-none-eabi/bin/../lib/gcc/arm-none-eabi/4.9.3/armv7-m/libgcc.a(_dvmd_tls.o)
                                                  /Users/rijn/gcc-arm-none-eabi/bin/../lib/gcc/arm-none-eabi/4.9.3/armv7-m/libgcc.a(_aeabi_ldivmod.o)
__aeabi_ldivmod                                   /Users/rijn/gcc-arm-none-eabi/bin/../lib/gcc/arm-none-eabi/4.9.3/armv7-m/libgcc.a(_aeabi_ldivmod.o)
                                                  bin/eprintf.o
__aeabi_ui2f                                      /Users/rijn/gcc-arm-none-eabi/bin/../lib/gcc/arm-none-eabi/4.9.3/armv7-m/libgcc.a(_arm_addsubsf3.o)
__aeabi_ul2f                                      /Users/rijn/gcc-arm-none-eabi/bin/../lib/gcc/arm-none-eabi/4.9.3/armv7-m/libgcc.a(_arm_addsubsf3.o)
__bss_end__                                       /Users/rijn/gcc-arm-none-eabi/bin/../lib/gcc/arm-none-eabi/4.9.3/../../../../arm-none-eabi/lib/armv7-m/crt0.o
__bss_start__                                     /Users/rijn/gcc-arm-none-eabi/bin/../lib/gcc/arm-none-eabi/4.9.3/../../../../arm-none-eabi/lib/armv7-m/crt0.o
__call_exitprocs                                  /Users/rijn/gcc-arm-none-eabi/bin/../lib/gcc/arm-none-eabi/4.9.3/../../../../arm-none-eabi/lib/armv7-m/libc_nano.a(lib_a-exit.o)
__cmpsf2                                          /Users/rijn/gcc-arm-none-eabi/bin/../lib/gcc/arm-none-eabi/4.9.3/armv7-m/libgcc.a(_arm_cmpsf2.o)
__ctype_ptr__                                     /Users/rijn/gcc-arm-none-eabi/bin/../lib/gcc/arm-none-eabi/4.9.3/../../../../arm-none-eabi/lib/armv7-m/libc_nano.a(lib_a-ctype_.o)
                                                  bin/eprintf.o
__deregister_frame_info                           /Users/rijn/gcc-arm-none-eabi/bin/../lib/gcc/arm-none-eabi/4.9.3/armv7-m/crtbegin.o
__divdi3                                          /Users/rijn/gcc-arm-none-eabi/bin/../lib/gcc/arm-none-eabi/4.9.3/armv7-m/libgcc.a(_divdi3.o)
                                                  /Users/rijn/gcc-arm-none-eabi/bin/../lib/gcc/arm-none-eabi/4.9.3/armv7-m/libgcc.a(bpabi.o)
__divsf3                                          /Users/rijn/gcc-arm-none-eabi/bin/../lib/gcc/arm-none-eabi/4.9.3/armv7-m/libgcc.a(_arm_muldivsf3.o)
__dso_handle                                      /Users/rijn/gcc-arm-none-eabi/bin/../lib/gcc/arm-none-eabi/4.9.3/armv7-m/crtbegin.o
__eqsf2                                           /Users/rijn/gcc-arm-none-eabi/bin/../lib/gcc/arm-none-eabi/4.9.3/armv7-m/libgcc.a(_arm_cmpsf2.o)
__fixsfsi                                         /Users/rijn/gcc-arm-none-eabi/bin/../lib/gcc/arm-none-eabi/4.9.3/armv7-m/libgcc.a(_arm_fixsfsi.o)
__floatdisf                                       /Users/rijn/gcc-arm-none-eabi/bin/../lib/gcc/arm-none-eabi/4.9.3/armv7-m/libgcc.a(_arm_addsubsf3.o)
__floatsisf                                       /Users/rijn/gcc-arm-none-eabi/bin/../lib/gcc/arm-none-eabi/4.9.3/armv7-m/libgcc.a(_arm_addsubsf3.o)
__floatundisf                                     /Users/rijn/gcc-arm-none-eabi/bin/../lib/gcc/arm-none-eabi/4.9.3/armv7-m/libgcc.a(_arm_addsubsf3.o)
__floatunsisf                                     /Users/rijn/gcc-arm-none-eabi/bin/../lib/gcc/arm-none-eabi/4.9.3/armv7-m/libgcc.a(_arm_addsubsf3.o)
__gesf2                                           /Users/rijn/gcc-arm-none-eabi/bin/../lib/gcc/arm-none-eabi/4.9.3/armv7-m/libgcc.a(_arm_cmpsf2.o)
__gnu_ldivmod_helper                              /Users/rijn/gcc-arm-none-eabi/bin/../lib/gcc/arm-none-eabi/4.9.3/armv7-m/libgcc.a(bpabi.o)
                                                  /Users/rijn/gcc-arm-none-eabi/bin/../lib/gcc/arm-none-eabi/4.9.3/armv7-m/libgcc.a(_aeabi_ldivmod.o)
__gnu_uldivmod_helper                             /Users/rijn/gcc-arm-none-eabi/bin/../lib/gcc/arm-none-eabi/4.9.3/armv7-m/libgcc.a(bpabi.o)
__gtsf2                                           /Users/rijn/gcc-arm-none-eabi/bin/../lib/gcc/arm-none-eabi/4.9.3/armv7-m/libgcc.a(_arm_cmpsf2.o)
__init_array_end                                  /Users/rijn/gcc-arm-none-eabi/bin/../lib/gcc/arm-none-eabi/4.9.3/../../../../arm-none-eabi/lib/armv7-m/libc_nano.a(lib_a-init.o)
__init_array_start                                /Users/rijn/gcc-arm-none-eabi/bin/../lib/gcc/arm-none-eabi/4.9.3/../../../../arm-none-eabi/lib/armv7-m/libc_nano.a(lib_a-init.o)
__lesf2                                           /Users/rijn/gcc-arm-none-eabi/bin/../lib/gcc/arm-none-eabi/4.9.3/armv7-m/libgcc.a(_arm_cmpsf2.o)
__libc_fini_array                                 /Users/rijn/gcc-arm-none-eabi/bin/../lib/gcc/arm-none-eabi/4.9.3/../../../../arm-none-eabi/lib/armv7-m/crt0.o
__libc_init_array                                 /Users/rijn/gcc-arm-none-eabi/bin/../lib/gcc/arm-none-eabi/4.9.3/../../../../arm-none-eabi/lib/armv7-m/libc_nano.a(lib_a-init.o)
                                                  /Users/rijn/gcc-arm-none-eabi/bin/../lib/gcc/arm-none-eabi/4.9.3/../../../../arm-none-eabi/lib/armv7-m/crt0.o
__ltsf2                                           /Users/rijn/gcc-arm-none-eabi/bin/../lib/gcc/arm-none-eabi/4.9.3/armv7-m/libgcc.a(_arm_cmpsf2.o)
__mulsf3                                          /Users/rijn/gcc-arm-none-eabi/bin/../lib/gcc/arm-none-eabi/4.9.3/armv7-m/libgcc.a(_arm_muldivsf3.o)
__nesf2                                           /Users/rijn/gcc-arm-none-eabi/bin/../lib/gcc/arm-none-eabi/4.9.3/armv7-m/libgcc.a(_arm_cmpsf2.o)
__preinit_array_end                               /Users/rijn/gcc-arm-none-eabi/bin/../lib/gcc/arm-none-eabi/4.9.3/../../../../arm-none-eabi/lib/armv7-m/libc_nano.a(lib_a-init.o)
__preinit_array_start                             /Users/rijn/gcc-arm-none-eabi/bin/../lib/gcc/arm-none-eabi/4.9.3/../../../../arm-none-eabi/lib/armv7-m/libc_nano.a(lib_a-init.o)
__register_frame_info                             /Users/rijn/gcc-arm-none-eabi/bin/../lib/gcc/arm-none-eabi/4.9.3/armv7-m/crtbegin.o
__sf_fake_stderr                                  /Users/rijn/gcc-arm-none-eabi/bin/../lib/gcc/arm-none-eabi/4.9.3/../../../../arm-none-eabi/lib/armv7-m/libc_nano.a(lib_a-impure.o)
__sf_fake_stdin                                   /Users/rijn/gcc-arm-none-eabi/bin/../lib/gcc/arm-none-eabi/4.9.3/../../../../arm-none-eabi/lib/armv7-m/libc_nano.a(lib_a-impure.o)
__sf_fake_stdout                                  /Users/rijn/gcc-arm-none-eabi/bin/../lib/gcc/arm-none-eabi/4.9.3/../../../../arm-none-eabi/lib/armv7-m/libc_nano.a(lib_a-impure.o)
__stack                                           /Users/rijn/gcc-arm-none-eabi/bin/../lib/gcc/arm-none-eabi/4.9.3/../../../../arm-none-eabi/lib/armv7-m/crt0.o
__subsf3                                          /Users/rijn/gcc-arm-none-eabi/bin/../lib/gcc/arm-none-eabi/4.9.3/armv7-m/libgcc.a(_arm_addsubsf3.o)
__truncdfsf2                                      /Users/rijn/gcc-arm-none-eabi/bin/../lib/gcc/arm-none-eabi/4.9.3/armv7-m/libgcc.a(_arm_truncdfsf2.o)
__udivdi3                                         /Users/rijn/gcc-arm-none-eabi/bin/../lib/gcc/arm-none-eabi/4.9.3/armv7-m/libgcc.a(_udivdi3.o)
                                                  /Users/rijn/gcc-arm-none-eabi/bin/../lib/gcc/arm-none-eabi/4.9.3/armv7-m/libgcc.a(bpabi.o)
_ctype_                                           /Users/rijn/gcc-arm-none-eabi/bin/../lib/gcc/arm-none-eabi/4.9.3/../../../../arm-none-eabi/lib/armv7-m/libc_nano.a(lib_a-ctype_.o)
_ebss                                             bin/startup_stm32f10x_md.o
_edata                                            bin/startup_stm32f10x_md.o
_estack                                           bin/startup_stm32f10x_md.o
_exit                                             /Users/rijn/gcc-arm-none-eabi/bin/../lib/gcc/arm-none-eabi/4.9.3/../../../../arm-none-eabi/lib/armv7-m/libc_nano.a(lib_a-exit.o)