Archive member included because of file (symbol)

/Users/rijn/gcc-arm-none-eabi/bin/../lib/gcc/arm-none-eabi/4.9.3/../../../../arm-none-eabi/lib/armv7-m/libc_nano.a(lib_a-exit.o)
                              /Users/rijn/gcc-arm-none-eabi/bin/../lib/gcc/arm-none-eabi/4.9.3/../../../../arm-none-eabi/lib/armv7-m/crt0.o (exit)
/Users/rijn/gcc-arm-none-eabi/bin/../lib/gcc/arm-none-eabi/4.9.3/../../../../arm-none-eabi/lib/armv7-m/libc_nano.a(lib_a-impure.o)
                              /Users/rijn/gcc-arm-none-eabi/bin/../lib/gcc/arm-none-eabi/4.9.3/../../../../arm-none-eabi/lib/armv7-m/libc_nano.a(lib_a-exit.o) (_global_impure_ptr)
/Users/rijn/gcc-arm-none-eabi/bin/../lib/gcc/arm-none-eabi/4.9.3/../../../../arm-none-eabi/lib/armv7-m/libc_nano.a(lib_a-init.o)
                              /Users/rijn/gcc-arm-none-eabi/bin/../lib/gcc/arm-none-eabi/4.9.3/../../../../arm-none-eabi/lib/armv7-m/crt0.o (__libc_init_array)
/Users/rijn/gcc-arm-none-eabi/bin/../lib/gcc/arm-none-eabi/4.9.3/../../../../arm-none-eabi/lib/armv7-m/libc_nano.a(lib_a-memset.o)
                              /Users/rijn/gcc-arm-none-eabi/bin/../lib/gcc/arm-none-eabi/4.9.3/../../../../arm-none-eabi/lib/armv7-m/crt0.o (memset)
/Users/rijn/gcc-arm-none-eabi/bin/../lib/gcc/arm-none-eabi/4.9.3/../../../../arm-none-eabi/lib/armv7-m/libc_nano.a(lib_a-puts.o)
                              bin/system.o (puts)
/Users/rijn/gcc-arm-none-eabi/bin/../lib/gcc/arm-none-eabi/4.9.3/../../../../arm-none-eabi/lib/armv7-m/libc_nano.a(lib_a-wbuf.o)
                              /Users/rijn/gcc-arm-none-eabi/bin/../lib/gcc/arm-none-eabi/4.9.3/../../../../arm-none-eabi/lib/armv7-m/libc_nano.a(lib_a-puts.o) (__swbuf_r)
/Users/rijn/gcc-arm-none-eabi/bin/../lib/gcc/arm-none-eabi/4.9.3/../../../../arm-none-eabi/lib/armv7-m/libc_nano.a(lib_a-wsetup.o)
                              /Users/rijn/gcc-arm-none-eabi/bin/../lib/gcc/arm-none-eabi/4.9.3/../../../../arm-none-eabi/lib/armv7-m/libc_nano.a(lib_a-puts.o) (__swsetup_r)
/Users/rijn/gcc-arm-none-eabi/bin/../lib/gcc/arm-none-eabi/4.9.3/../../../../arm-none-eabi/lib/armv7-m/libc_nano.a(lib_a-fflush.o)
                              /Users/rijn/gcc-arm-none-eabi/bin/../lib/gcc/arm-none-eabi/4.9.3/../../../../arm-none-eabi/lib/armv7-m/libc_nano.a(lib_a-wbuf.o) (_fflush_r)
/Users/rijn/gcc-arm-none-eabi/bin/../lib/gcc/arm-none-eabi/4.9.3/../../../../arm-none-eabi/lib/armv7-m/libc_nano.a(lib_a-findfp.o)
                              /Users/rijn/gcc-arm-none-eabi/bin/../lib/gcc/arm-none-eabi/4.9.3/../../../../arm-none-eabi/lib/armv7-m/libc_nano.a(lib_a-puts.o) (__sinit)
/Users/rijn/gcc-arm-none-eabi/bin/../lib/gcc/arm-none-eabi/4.9.3/../../../../arm-none-eabi/lib/armv7-m/libc_nano.a(lib_a-fwalk.o)
                              /Users/rijn/gcc-arm-none-eabi/bin/../lib/gcc/arm-none-eabi/4.9.3/../../../../arm-none-eabi/lib/armv7-m/libc_nano.a(lib_a-findfp.o) (_fwalk)
/Users/rijn/gcc-arm-none-eabi/bin/../lib/gcc/arm-none-eabi/4.9.3/../../../../arm-none-eabi/lib/armv7-m/libc_nano.a(lib_a-makebuf.o)
                              /Users/rijn/gcc-arm-none-eabi/bin/../lib/gcc/arm-none-eabi/4.9.3/../../../../arm-none-eabi/lib/armv7-m/libc_nano.a(lib_a-wsetup.o) (__smakebuf_r)
/Users/rijn/gcc-arm-none-eabi/bin/../lib/gcc/arm-none-eabi/4.9.3/../../../../arm-none-eabi/lib/armv7-m/libc_nano.a(lib_a-nano-freer.o)
                              /Users/rijn/gcc-arm-none-eabi/bin/../lib/gcc/arm-none-eabi/4.9.3/../../../../arm-none-eabi/lib/armv7-m/libc_nano.a(lib_a-wsetup.o) (_free_r)
/Users/rijn/gcc-arm-none-eabi/bin/../lib/gcc/arm-none-eabi/4.9.3/../../../../arm-none-eabi/lib/armv7-m/libc_nano.a(lib_a-nano-mallocr.o)
                              /Users/rijn/gcc-arm-none-eabi/bin/../lib/gcc/arm-none-eabi/4.9.3/../../../../arm-none-eabi/lib/armv7-m/libc_nano.a(lib_a-findfp.o) (_malloc_r)
/Users/rijn/gcc-arm-none-eabi/bin/../lib/gcc/arm-none-eabi/4.9.3/../../../../arm-none-eabi/lib/armv7-m/libc_nano.a(lib_a-sbrkr.o)
                              /Users/rijn/gcc-arm-none-eabi/bin/../lib/gcc/arm-none-eabi/4.9.3/../../../../arm-none-eabi/lib/armv7-m/libc_nano.a(lib_a-nano-mallocr.o) (_sbrk_r)
/Users/rijn/gcc-arm-none-eabi/bin/../lib/gcc/arm-none-eabi/4.9.3/../../../../arm-none-eabi/lib/armv7-m/libc_nano.a(lib_a-stdio.o)
                              /Users/rijn/gcc-arm-none-eabi/bin/../lib/gcc/arm-none-eabi/4.9.3/../../../../arm-none-eabi/lib/armv7-m/libc_nano.a(lib_a-findfp.o) (__sread)
/Users/rijn/gcc-arm-none-eabi/bin/../lib/gcc/arm-none-eabi/4.9.3/../../../../arm-none-eabi/lib/armv7-m/libc_nano.a(lib_a-writer.o)
                              /Users/rijn/gcc-arm-none-eabi/bin/../lib/gcc/arm-none-eabi/4.9.3/../../../../arm-none-eabi/lib/armv7-m/libc_nano.a(lib_a-stdio.o) (_write_r)
/Users/rijn/gcc-arm-none-eabi/bin/../lib/gcc/arm-none-eabi/4.9.3/../../../../arm-none-eabi/lib/armv7-m/libc_nano.a(lib_a-closer.o)
[...]
Memory Configuration

Name             Origin             Length             Attributes
RAM              0x0000000020000000 0x0000000000005000 xrw
FLASH            0x0000000008000000 0x0000000000020000 xr
FLASHPATCH       0x0000000000000000 0x0000000000000000 r
ENDFLASH         0x0000000000000000 0x0000000000000000 xr
FLASHB1          0x0000000000000000 0x0000000000000000 xr
EXTMEMB0         0x0000000000000000 0x0000000000000000 xr
EXTMEMB1         0x0000000000000000 0x0000000000000000 xr
EXTMEMB2         0x0000000000000000 0x0000000000000000 xr
EXTMEMB3         0x0000000000000000 0x0000000000000000 xr
*default*        0x0000000000000000 0xffffffffffffffff

Linker script and memory map

LOAD /Users/rijn/gcc-arm-none-eabi/bin/../lib/gcc/arm-none-eabi/4.9.3/armv7-m/crti.o
LOAD /Users/rijn/gcc-arm-none-eabi/bin/../lib/gcc/arm-none-eabi/4.9.3/armv7-m/crtbegin.o
LOAD /Users/rijn/gcc-arm-none-eabi/bin/../lib/gcc/arm-none-eabi/4.9.3/../../../../arm-none-eabi/lib/armv7-m/crt0.o
LOAD bin/misc.o
LOAD bin/stm32f10x_adc.o
LOAD bin/stm32f10x_dbgmcu.o
LOAD bin/stm32f10x_dma.o
LOAD bin/stm32f10x_exti.o
LOAD bin/stm32f10x_flash.o
LOAD bin/stm32f10x_gpio.o
LOAD bin/stm32f10x_i2c.o
LOAD bin/stm32f10x_iwdg.o
LOAD bin/stm32f10x_rcc.o
LOAD bin/stm32f10x_spi.o
LOAD bin/stm32f10x_tim.o
LOAD bin/stm32f10x_usart.o
LOAD bin/main.o
LOAD bin/exti.o
LOAD bin/nvic.o
LOAD bin/spi.o
LOAD bin/max6675.o
LOAD bin/uart.o
LOAD bin/temp.o
LOAD bin/system.o
LOAD bin/startup_stm32f10x_md.o
LOAD bin/system_stm32f10x.o
LOAD bin/platform_tf1.o
LOAD /Users/rijn/gcc-arm-none-eabi/bin/../lib/gcc/arm-none-eabi/4.9.3/../../../../arm-none-eabi/lib/armv7-m/libm.a
START GROUP
LOAD /Users/rijn/gcc-arm-none-eabi/bin/../lib/gcc/arm-none-eabi/4.9.3/armv7-m/libgcc.a
LOAD /Users/rijn/gcc-arm-none-eabi/bin/../lib/gcc/arm-none-eabi/4.9.3/../../../../arm-none-eabi/lib/armv7-m/libc_nano.a
END GROUP
START GROUP
LOAD /Users/rijn/gcc-arm-none-eabi/bin/../lib/gcc/arm-none-eabi/4.9.3/armv7-m/libgcc.a
LOAD /Users/rijn/gcc-arm-none-eabi/bin/../lib/gcc/arm-none-eabi/4.9.3/../../../../arm-none-eabi/lib/armv7-m/libc_nano.a
END GROUP
LOAD /Users/rijn/gcc-arm-none-eabi/bin/../lib/gcc/arm-none-eabi/4.9.3/armv7-m/crtend.o
LOAD /Users/rijn/gcc-arm-none-eabi/bin/../lib/gcc/arm-none-eabi/4.9.3/armv7-m/crtn.o
                0x0000000000000400                __Stack_Size = 0x400
                0x0000000000000400                PROVIDE (_Stack_Size, __Stack_Size)
                0x0000000020004c00                __Stack_Init = (_estack - __Stack_Size)
                0x0000000020004c00                PROVIDE (_Stack_Init, __Stack_Init)
                0x0000000000000100                _Minimum_Stack_Size = 0x100
                0x0000000000000000                PROVIDE (Undefined_Handler, 0x0)
                0x0000000000000000                PROVIDE (SWI_Handler, 0x0)
                0x0000000000000000                PROVIDE (IRQ_Handler, 0x0)
                0x0000000000000000                PROVIDE (Prefetch_Handler, 0x0)
                0x0000000000000000                PROVIDE (Abort_Handler, 0x0)
                0x0000000000000000                PROVIDE (FIQ_Handler, 0x0)
                0x0000000000000000                PROVIDE (NMIException, 0x0)
                0x0000000000000000                PROVIDE (NMI_Handler, 0x0)
                0x0000000000000000                PROVIDE (HardFaultException, 0x0)
                0x0000000000000000                PROVIDE (HardFault_Handler, 0x0)
                0x0000000000000000                PROVIDE (MemManageException, 0x0)
                0x0000000000000000                PROVIDE (MemManage_Handler, 0x0)
                0x0000000000000000                PROVIDE (BusFaultException, 0x0)
                0x0000000000000000                PROVIDE (BusFault_Handler, 0x0)
                0x0000000000000000                PROVIDE (UsageFaultException, 0x0)
                0x0000000000000000                PROVIDE (UsageFault_Handler, 0x0)
                0x0000000000000000                PROVIDE (SVCHandler, 0x0)
                0x0000000000000000                PROVIDE (SVC_Handler, 0x0)
                0x0000000000000000                PROVIDE (DebugMonitor, 0x0)
                0x0000000000000000                PROVIDE (DebugMon_Handler, 0x0)
                0x0000000000000000                PROVIDE (PendSVC, 0x0)
                0x0000000000000000                PROVIDE (PendSV_Handler, 0x0)
                0x0000000000000000                PROVIDE (SysTickHandler, 0x0)
                0x0000000000000000                PROVIDE (SysTick_Handler, 0x0)
                0x0000000000000000                PROVIDE (WWDG_IRQHandler, 0x0)
                0x0000000000000000                PROVIDE (PVD_IRQHandler, 0x0)
                0x0000000000000000                PROVIDE (TAMPER_IRQHandler, 0x0)
                0x0000000000000000                PROVIDE (RTC_IRQHandler, 0x0)
                0x0000000000000000                PROVIDE (FLASH_IRQHandler, 0x0)
                0x0000000000000000                PROVIDE (RCC_IRQHandler, 0x0)
                0x0000000000000000                PROVIDE (EXTI0_IRQHandler, 0x0)
                0x0000000000000000                PROVIDE (EXTI1_IRQHandler, 0x0)
                0x0000000000000000                PROVIDE (EXTI2_IRQHandler, 0x0)
                0x0000000000000000                PROVIDE (EXTI3_IRQHandler, 0x0)
                0x0000000000000000                PROVIDE (EXTI4_IRQHandler, 0x0)
                0x0000000000000000                PROVIDE (DMAChannel1_IRQHandler, 0x0)
                0x0000000000000000                PROVIDE (DMAChannel2_IRQHandler, 0x0)
                0x0000000000000000                PROVIDE (DMAChannel3_IRQHandler, 0x0)
                0x0000000000000000                PROVIDE (DMAChannel4_IRQHandler, 0x0)
                0x0000000000000000                PROVIDE (DMAChannel5_IRQHandler, 0x0)
                0x0000000000000000                PROVIDE (DMAChannel6_IRQHandler, 0x0)
                0x0000000000000000                PROVIDE (DMAChannel7_IRQHandler, 0x0)
                0x0000000000000000                PROVIDE (DMA1_Channel1_IRQHandler, 0x0)
                0x0000000000000000                PROVIDE (DMA1_Channel2_IRQHandler, 0x0)
                0x0000000000000000                PROVIDE (DMA1_Channel3_IRQHandler, 0x0)
                0x0000000000000000                PROVIDE (DMA1_Channel4_IRQHandler, 0x0)
                0x0000000000000000                PROVIDE (DMA1_Channel5_IRQHandler, 0x0)
                0x0000000000000000                PROVIDE (DMA1_Channel6_IRQHandler, 0x0)
                0x0000000000000000                PROVIDE (DMA1_Channel7_IRQHandler, 0x0)
                0x0000000000000000                PROVIDE (ADC_IRQHandler, 0x0)
                0x0000000000000000                PROVIDE (ADC1_2_IRQHandler, 0x0)
                0x0000000000000000                PROVIDE (USB_HP_CAN_TX_IRQHandler, 0x0)
                0x0000000000000000                PROVIDE (USB_HP_CAN1_TX_IRQHandler, 0x0)
                0x0000000000000000                PROVIDE (USB_LP_CAN_RX0_IRQHandler, 0x0)
                0x0000000000000000                PROVIDE (USB_LP_CAN1_RX0_IRQHandler, 0x0)
                0x0000000000000000                PROVIDE (CAN_RX1_IRQHandler, 0x0)
                0x0000000000000000                PROVIDE (CAN1_RX1_IRQHandler, 0x0)
                0x0000000000000000                PROVIDE (CAN_SCE_IRQHandler, 0x0)
                0x0000000000000000                PROVIDE (CAN1_SCE_IRQHandler, 0x0)
                0x0000000000000000                PROVIDE (EXTI9_5_IRQHandler, 0x0)
                0x0000000000000000                PROVIDE (TIM1_BRK_IRQHandler, 0x0)
                0x0000000000000000                PROVIDE (TIM1_UP_IRQHandler, 0x0)
                0x0000000000000000                PROVIDE (TIM1_TRG_COM_IRQHandler, 0x0)
                0x0000000000000000                PROVIDE (TIM1_CC_IRQHandler, 0x0)
                0x0000000000000000                PROVIDE (TIM2_IRQHandler, 0x0)
                0x0000000000000000                PROVIDE (TIM3_IRQHandler, 0x0)
                0x0000000000000000                PROVIDE (TIM4_IRQHandler, 0x0)
                0x0000000000000000                PROVIDE (I2C1_EV_IRQHandler, 0x0)
                0x0000000000000000                PROVIDE (I2C1_ER_IRQHandler, 0x0)
                0x0000000000000000                PROVIDE (I2C2_EV_IRQHandler, 0x0)
                0x0000000000000000                PROVIDE (I2C2_ER_IRQHandler, 0x0)
                0x0000000000000000                PROVIDE (SPI1_IRQHandler, 0x0)
                0x0000000000000000                PROVIDE (SPI2_IRQHandler, 0x0)
                0x0000000000000000                PROVIDE (USART1_IRQHandler, 0x0)
                0x0000000000000000                PROVIDE (USART2_IRQHandler, 0x0)
                0x0000000000000000                PROVIDE (USART3_IRQHandler, 0x0)
                0x0000000000000000                PROVIDE (EXTI15_10_IRQHandler, 0x0)
                0x0000000000000000                PROVIDE (RTCAlarm_IRQHandler, 0x0)
                0x0000000000000000                PROVIDE (USBWakeUp_IRQHandler, 0x0)
                0x0000000000000000                PROVIDE (TIM8_BRK_IRQHandler, 0x0)
                0x0000000000000000                PROVIDE (TIM8_UP_IRQHandler, 0x0)
                0x0000000000000000                PROVIDE (TIM8_TRG_COM_IRQHandler, 0x0)
                0x0000000000000000                PROVIDE (TIM8_CC_IRQHandler, 0x0)
                0x0000000000000000                PROVIDE (ADC3_IRQHandler, 0x0)
                0x0000000000000000                PROVIDE (FSMC_IRQHandler, 0x0)
                0x0000000000000000                PROVIDE (SDIO_IRQHandler, 0x0)
                0x0000000000000000                PROVIDE (TIM5_IRQHandler, 0x0)
                0x0000000000000000                PROVIDE (SPI3_IRQHandler, 0x0)
                0x0000000000000000                PROVIDE (UART4_IRQHandler, 0x0)
                0x0000000000000000                PROVIDE (UART5_IRQHandler, 0x0)
                0x0000000000000000                PROVIDE (TIM6_IRQHandler, 0x0)
                0x0000000000000000                PROVIDE (TIM7_IRQHandler, 0x0)
                0x0000000000000000                PROVIDE (DMA2_Channel1_IRQHandler, 0x0)
                0x0000000000000000                PROVIDE (DMA2_Channel2_IRQHandler, 0x0)
                0x0000000000000000                PROVIDE (DMA2_Channel3_IRQHandler, 0x0)
                0x0000000000000000                PROVIDE (DMA2_Channel4_5_IRQHandler, 0x0)
                0x0000000042000000                PERIPH_BB_BASE = 0x42000000
                0x0000000022000000                SRAM_BB_BASE = 0x22000000
                0x0000000020000000                SRAM_BASE = 0x20000000
                0x0000000040000000                PERIPH_BASE = 0x40000000
                0x0000000040022000                PROVIDE (FLASH_BASE, 0x40022000)
                0x000000001ffff800                PROVIDE (OB_BASE, 0x1ffff800)
                0x0000000040000000                APB1PERIPH_BASE = PERIPH_BASE
                0x0000000040010000                APB2PERIPH_BASE = (PERIPH_BASE + 0x10000)
                0x0000000040020000                AHBPERIPH_BASE = (PERIPH_BASE + 0x20000)
                0x0000000040000000                PROVIDE (TIM2, (APB1PERIPH_BASE + 0x0))
                0x0000000040000400                PROVIDE (TIM3, (APB1PERIPH_BASE + 0x400))
                0x0000000040000800                PROVIDE (TIM4, (APB1PERIPH_BASE + 0x800))
                0x0000000040002800                PROVIDE (RTC, (APB1PERIPH_BASE + 0x2800))
                0x0000000040002c00                PROVIDE (WWDG, (APB1PERIPH_BASE + 0x2c00))
                0x0000000040003000                PROVIDE (IWDG, (APB1PERIPH_BASE + 0x3000))
                0x0000000040003800                PROVIDE (SPI2, (APB1PERIPH_BASE + 0x3800))
                0x0000000040004400                PROVIDE (USART2, (APB1PERIPH_BASE + 0x4400))
                0x0000000040004800                PROVIDE (USART3, (APB1PERIPH_BASE + 0x4800))
                0x0000000040005400                PROVIDE (I2C1, (APB1PERIPH_BASE + 0x5400))
                0x0000000040005800                PROVIDE (I2C2, (APB1PERIPH_BASE + 0x5800))
                0x0000000040006400                PROVIDE (CAN, (APB1PERIPH_BASE + 0x6400))
                0x0000000040006c00                PROVIDE (BKP, (APB1PERIPH_BASE + 0x6c00))
                0x0000000040007000                PROVIDE (PWR, (APB1PERIPH_BASE + 0x7000))
                0x0000000040010000                PROVIDE (AFIO, (APB2PERIPH_BASE + 0x0))
                0x0000000040010400                PROVIDE (EXTI, (APB2PERIPH_BASE + 0x400))
                0x0000000040010800                PROVIDE (GPIOA, (APB2PERIPH_BASE + 0x800))
                0x0000000040010c00                PROVIDE (GPIOB, (APB2PERIPH_BASE + 0xc00))
                0x0000000040011000                PROVIDE (GPIOC, (APB2PERIPH_BASE + 0x1000))
                0x0000000040011400                PROVIDE (GPIOD, (APB2PERIPH_BASE + 0x1400))
                0x0000000040011800                PROVIDE (GPIOE, (APB2PERIPH_BASE + 0x1800))
                0x0000000040012400                PROVIDE (ADC1, (APB2PERIPH_BASE + 0x2400))
                0x0000000040012800                PROVIDE (ADC2, (APB2PERIPH_BASE + 0x2800))
                0x0000000040012c00                PROVIDE (TIM1, (APB2PERIPH_BASE + 0x2c00))
                0x0000000040013000                PROVIDE (SPI1, (APB2PERIPH_BASE + 0x3000))
                0x0000000040013800                PROVIDE (USART1, (APB2PERIPH_BASE + 0x3800))
                0x0000000040020000                PROVIDE (DMA, (AHBPERIPH_BASE + 0x0))
                0x0000000040020008                PROVIDE (DMA_Channel1, (AHBPERIPH_BASE + 0x8))
                0x000000004002001c                PROVIDE (DMA_Channel2, (AHBPERIPH_BASE + 0x1c))
                0x0000000040020030                PROVIDE (DMA_Channel3, (AHBPERIPH_BASE + 0x30))
                0x0000000040020044                PROVIDE (DMA_Channel4, (AHBPERIPH_BASE + 0x44))
                0x0000000040020058                PROVIDE (DMA_Channel5, (AHBPERIPH_BASE + 0x58))
                0x000000004002006c                PROVIDE (DMA_Channel6, (AHBPERIPH_BASE + 0x6c))
                0x0000000040020080                PROVIDE (DMA_Channel7, (AHBPERIPH_BASE + 0x80))
                0x0000000040021000                PROVIDE (RCC, (AHBPERIPH_BASE + 0x1000))
                0x00000000e000e000                SCS_BASE = 0xe000e000
                0x00000000e000e010                PROVIDE (SysTick, (SCS_BASE + 0x10))
                0x00000000e000e100                PROVIDE (NVIC, (SCS_BASE + 0x100))
                0x00000000e000ed00                PROVIDE (SCB, (SCS_BASE + 0xd00))
                0x0000000020005000                _estack = 0x20005000

.isr_vector     0x0000000008000000      0x10c
                0x0000000008000000                . = ALIGN (0x4)
 *(.isr_vector)
 .isr_vector    0x0000000008000000      0x10c bin/startup_stm32f10x_md.o
                0x0000000008000000                g_pfnVectors
                0x000000000800010c                . = ALIGN (0x4)

.flashtext      0x000000000800010c        0x0
                0x000000000800010c                . = ALIGN (0x4)
 *(.flashtext)
                0x000000000800010c                . = ALIGN (0x4)

.text           0x000000000800010c      0x1f8
                0x000000000800010c                . = ALIGN (0x4)
 *(.text)
 *(.text.*)
 .text.GPIO_Init
                0x000000000800010c       0x90 bin/stm32f10x_gpio.o
                0x000000000800010c                GPIO_Init
 .text.GPIO_ResetBits
                0x000000000800019c        0x4 bin/stm32f10x_gpio.o
                0x000000000800019c                GPIO_ResetBits
 .text.startup.main
                0x00000000080001a0        0x2 bin/main.o
                0x00000000080001a0                main
 .text.SysTick_Handler
                0x00000000080001a2        0x2 bin/nvic.o
                0x00000000080001a2                SysTick_Handler
 .text.Reset_Handler
                0x00000000080001a4       0x44 bin/startup_stm32f10x_md.o
                0x00000000080001a4                Reset_Handler
 .text.Default_Handler
                0x00000000080001e8        0x2 bin/startup_stm32f10x_md.o
                0x00000000080001e8                USBWakeUp_IRQHandler
                0x00000000080001e8                DebugMon_Handler
                0x00000000080001e8                TIM1_CC_IRQHandler
                0x00000000080001e8                HardFault_Handler
                0x00000000080001e8                PVD_IRQHandler
                0x00000000080001e8                PendSV_Handler
                0x00000000080001e8                NMI_Handler
                0x00000000080001e8                EXTI3_IRQHandler
                0x00000000080001e8                EXTI0_IRQHandler
                0x00000000080001e8                I2C2_EV_IRQHandler
                0x00000000080001e8                UsageFault_Handler
                0x00000000080001e8                ADC1_2_IRQHandler
                0x00000000080001e8                SPI1_IRQHandler
                0x00000000080001e8                TAMPER_IRQHandler
                0x00000000080001e8                DMA1_Channel4_IRQHandler
                0x00000000080001e8                USART3_IRQHandler
                0x00000000080001e8                RTC_IRQHandler
                0x00000000080001e8                DMA1_Channel7_IRQHandler
                0x00000000080001e8                CAN1_RX1_IRQHandler
                0x00000000080001e8                TIM4_IRQHandler
                0x00000000080001e8                I2C1_EV_IRQHandler
                0x00000000080001e8                DMA1_Channel6_IRQHandler
                0x00000000080001e8                TIM3_IRQHandler
                0x00000000080001e8                RCC_IRQHandler
                0x00000000080001e8                TIM1_TRG_COM_IRQHandler
                0x00000000080001e8                DMA1_Channel1_IRQHandler
                0x00000000080001e8                Default_Handler
                0x00000000080001e8                EXTI15_10_IRQHandler
                0x00000000080001e8                EXTI9_5_IRQHandler
                0x00000000080001e8                SPI2_IRQHandler
                0x00000000080001e8                MemManage_Handler
                0x00000000080001e8                SVC_Handler
                0x00000000080001e8                DMA1_Channel5_IRQHandler
                0x00000000080001e8                EXTI4_IRQHandler
                0x00000000080001e8                USB_LP_CAN1_RX0_IRQHandler
                0x00000000080001e8                USB_HP_CAN1_TX_IRQHandler
                0x00000000080001e8                DMA1_Channel3_IRQHandler
                0x00000000080001e8                TIM1_UP_IRQHandler
                0x00000000080001e8                WWDG_IRQHandler
                0x00000000080001e8                TIM2_IRQHandler
                0x00000000080001e8                TIM1_BRK_IRQHandler
                0x00000000080001e8                EXTI1_IRQHandler
                0x00000000080001e8                RTCAlarm_IRQHandler
                0x00000000080001e8                USART2_IRQHandler
                0x00000000080001e8                I2C2_ER_IRQHandler
                0x00000000080001e8                DMA1_Channel2_IRQHandler
                0x00000000080001e8                CAN1_SCE_IRQHandler
                0x00000000080001e8                FLASH_IRQHandler
                0x00000000080001e8                BusFault_Handler
                0x00000000080001e8                USART1_IRQHandler
                0x00000000080001e8                I2C1_ER_IRQHandler
                0x00000000080001e8                EXTI2_IRQHandler
 *fill*         0x00000000080001ea        0x2 
 .text.SystemInit
                0x00000000080001ec      0x118 bin/system_stm32f10x.o
                0x00000000080001ec                SystemInit
 *(.rodata)
 *(.rodata*)
 *(.glue_7)
 .glue_7        0x0000000000000000        0x0 linker stubs
 *(.glue_7t)
 .glue_7t       0x0000000000000000        0x0 linker stubs
 *(.init)
 *(.fini)
 *(.eh_frame)
                0x0000000008000304                . = ALIGN (0x4)
                0x0000000008000304                _param_start = .
 *(.param)
 *(.param.*)
                0x0000000008000304                _param_stop = .
                0x0000000008000304                . = ALIGN (0x4)
                0x0000000008000304                _log_start = .
 *(.log)
 *(.log.*)
                0x0000000008000304                _log_stop = .
                0x0000000008000304                . = ALIGN (0x4)
                0x0000000008000304                _etext = .

.vfp11_veneer   0x0000000008000304        0x0
 .vfp11_veneer  0x0000000000000000        0x0 linker stubs

.v4_bx          0x0000000008000304        0x0
 .v4_bx         0x0000000000000000        0x0 linker stubs

.iplt           0x0000000008000304        0x0
 .iplt          0x0000000000000000        0x0 /Users/rijn/gcc-arm-none-eabi/bin/../lib/gcc/arm-none-eabi/4.9.3/armv7-m/crtbegin.o

.rel.dyn        0x0000000008000304        0x0
 .rel.iplt      0x0000000000000000        0x0 /Users/rijn/gcc-arm-none-eabi/bin/../lib/gcc/arm-none-eabi/4.9.3/armv7-m/crtbegin.o

.libc           0x0000000008000304        0x0
                0x0000000008000304                . = ALIGN (0x4)
 *(.ARM.exidx*)
                0x0000000008000304                . = ALIGN (0x4)
                0x0000000008000304                _elibc = .
                0x0000000008000304                _sidata = _elibc

.flashpatch     0x0000000000000000        0x0
                0x0000000000000000                . = ALIGN (0x4)
 *(.flashpatch)
                0x0000000000000000                . = ALIGN (0x4)

.endflash       0x0000000000000000        0x0
                0x0000000000000000                . = ALIGN (0x4)
 *(.endflash)
                0x0000000000000000                . = ALIGN (0x4)

.data           0x0000000020000000        0x0 load address 0x0000000008000304
                0x0000000020000000                . = ALIGN (0x4)
                0x0000000020000000                _sdata = .
 *(.data)
 *(.data.*)
 *(.RAMtext)
                0x0000000020000000                . = ALIGN (0x4)
                0x0000000020000000                _edata = .

.igot.plt       0x0000000020000000        0x0
 .igot.plt      0x0000000000000000        0x0 /Users/rijn/gcc-arm-none-eabi/bin/../lib/gcc/arm-none-eabi/4.9.3/armv7-m/crtbegin.o

.bss            0x0000000020000000        0x0
                0x0000000020000000                . = ALIGN (0x4)
                0x0000000020000000                _sbss = .
 *(.bss)
 *(.bss.*)
 *(COMMON)
                0x0000000020000000                . = ALIGN (0x4)
                0x0000000020000000                _ebss = .
                0x0000000020000000                PROVIDE (end, _ebss)
                0x0000000020000000                PROVIDE (_end, _ebss)

._usrstack      0x0000000020000000      0x100
                0x0000000020000000                . = ALIGN (0x4)
                0x0000000020000000                _susrstack = .
                0x0000000020000100                . = (. + _Minimum_Stack_Size)
 *fill*         0x0000000020000000      0x100 
                0x0000000020000100                . = ALIGN (0x4)
                0x0000000020000100                _eusrstack = .

.b1text
 *(.b1text)
 *(.b1rodata)
 *(.b1rodata*)

.eb0text
 *(.eb0text)
 *(.eb0rodata)
 *(.eb0rodata*)

.eb1text
 *(.eb1text)
 *(.eb1rodata)
 *(.eb1rodata*)

.eb2text
 *(.eb2text)
 *(.eb2rodata)
 *(.eb2rodata*)

.eb3text
 *(.eb3text)
 *(.eb3rodata)
 *(.eb3rodata*)
                0x0000000020000100                __exidx_start = .
                0x0000000020000100                __exidx_end = .

/DISCARD/
 libc.a(*)
 libm.a(*)
 libgcc.a(*)

.stab
 *(.stab)

.stabstr
 *(.stabstr)

.stab.excl
 *(.stab.excl)

.stab.exclstr
 *(.stab.exclstr)

.stab.index
 *(.stab.index)

.stab.indexstr
 *(.stab.indexstr)

.comment        0x0000000000000000       0x70
 *(.comment)
 .comment       0x0000000000000000       0x70 bin/stm32f10x_gpio.o
                                         0x71 (size before relaxing)
 .comment       0x0000000000000000       0x71 bin/main.o
 .comment       0x0000000000000000       0x71 bin/nvic.o
 .comment       0x0000000000000000       0x71 bin/system_stm32f10x.o

.ARM.attributes
                0x0000000000000000       0x29
 .ARM.attributes
                0x0000000000000000       0x33 bin/stm32f10x_gpio.o
 .ARM.attributes
                0x0000000000000033       0x33 bin/main.o
 .ARM.attributes
                0x0000000000000066       0x33 bin/nvic.o
 .ARM.attributes
                0x0000000000000099       0x21 bin/startup_stm32f10x_md.o
 .ARM.attributes
                0x00000000000000ba       0x33 bin/system_stm32f10x.o

.debug
 *(.debug)

.line
 *(.line)

.debug_srcinfo
 *(.debug_srcinfo)

.debug_sfnames
 *(.debug_sfnames)

.debug_aranges  0x0000000000000000      0x110
 *(.debug_aranges)
 .debug_aranges
                0x0000000000000000       0xa8 bin/stm32f10x_gpio.o
 .debug_aranges
                0x00000000000000a8       0x20 bin/main.o
 .debug_aranges
                0x00000000000000c8       0x28 bin/nvic.o
 .debug_aranges
                0x00000000000000f0       0x20 bin/system_stm32f10x.o

.debug_pubnames
 *(.debug_pubnames)

.debug_info     0x0000000000000000      0xda3
 *(.debug_info .gnu.linkonce.wi.*)
 .debug_info    0x0000000000000000      0x7a9 bin/stm32f10x_gpio.o
 .debug_info    0x00000000000007a9       0x8c bin/main.o
 .debug_info    0x0000000000000835       0xd2 bin/nvic.o
 .debug_info    0x0000000000000907      0x49c bin/system_stm32f10x.o

.debug_abbrev   0x0000000000000000      0x45b
 *(.debug_abbrev)
 .debug_abbrev  0x0000000000000000      0x1da bin/stm32f10x_gpio.o
 .debug_abbrev  0x00000000000001da       0x45 bin/main.o
 .debug_abbrev  0x000000000000021f       0x9e bin/nvic.o
 .debug_abbrev  0x00000000000002bd      0x19e bin/system_stm32f10x.o

.debug_line     0x0000000000000000      0xe86
 *(.debug_line)
 .debug_line    0x0000000000000000      0x4c4 bin/stm32f10x_gpio.o
 .debug_line    0x00000000000004c4      0x322 bin/main.o
 .debug_line    0x00000000000007e6      0x34b bin/nvic.o
 .debug_line    0x0000000000000b31      0x355 bin/system_stm32f10x.o

.debug_frame    0x0000000000000000      0x1ec
 *(.debug_frame)
 .debug_frame   0x0000000000000000      0x170 bin/stm32f10x_gpio.o
 .debug_frame   0x0000000000000170       0x20 bin/main.o
 .debug_frame   0x0000000000000190       0x30 bin/nvic.o
 .debug_frame   0x00000000000001c0       0x2c bin/system_stm32f10x.o

.debug_str      0x0000000000000000    0x40d46
 *(.debug_str)
 .debug_str     0x0000000000000000    0x40806 bin/stm32f10x_gpio.o
                                      0x40965 (size before relaxing)
 .debug_str     0x0000000000040806       0x2a bin/main.o
                                      0x40357 (size before relaxing)
 .debug_str     0x0000000000040830      0x20c bin/nvic.o
                                      0x4054d (size before relaxing)
 .debug_str     0x0000000000040a3c      0x30a bin/system_stm32f10x.o
                                      0x4080a (size before relaxing)

.debug_loc      0x0000000000000000      0x506
 *(.debug_loc)
 .debug_loc     0x0000000000000000      0x506 bin/stm32f10x_gpio.o

.debug_macinfo
 *(.debug_macinfo)

.debug_weaknames
 *(.debug_weaknames)

.debug_funcnames
 *(.debug_funcnames)

.debug_typenames
 *(.debug_typenames)

.debug_varnames
 *(.debug_varnames)
OUTPUT(tf1.elf elf32-littlearm)

.debug_ranges   0x0000000000000000       0xd0
 .debug_ranges  0x0000000000000000       0x98 bin/stm32f10x_gpio.o
 .debug_ranges  0x0000000000000098       0x10 bin/main.o
 .debug_ranges  0x00000000000000a8       0x18 bin/nvic.o
 .debug_ranges  0x00000000000000c0       0x10 bin/system_stm32f10x.o

.debug_macro    0x0000000000000000      0x57e
 .debug_macro   0x0000000000000000      0x155 bin/stm32f10x_gpio.o
 .debug_macro   0x0000000000000155      0x11b bin/main.o
 .debug_macro   0x0000000000000270      0x129 bin/nvic.o
 .debug_macro   0x0000000000000399       0x4c bin/nvic.o
 .debug_macro   0x00000000000003e5      0x129 bin/system_stm32f10x.o
 .debug_macro   0x000000000000050e       0x70 bin/system_stm32f10x.o

Cross Reference Table

Symbol                                            File
ADC1_2_IRQHandler                                 bin/startup_stm32f10x_md.o
ADC_AnalogWatchdogCmd                             bin/stm32f10x_adc.o
ADC_AnalogWatchdogSingleChannelConfig             bin/stm32f10x_adc.o
ADC_AnalogWatchdogThresholdsConfig                bin/stm32f10x_adc.o
ADC_AutoInjectedConvCmd                           bin/stm32f10x_adc.o
ADC_ClearFlag                                     bin/stm32f10x_adc.o
ADC_ClearITPendingBit                             bin/stm32f10x_adc.o
ADC_Cmd                                           bin/stm32f10x_adc.o
ADC_DMACmd                                        bin/stm32f10x_adc.o
ADC_DeInit                                        bin/stm32f10x_adc.o
ADC_DiscModeChannelCountConfig                    bin/stm32f10x_adc.o
ADC_DiscModeCmd                                   bin/stm32f10x_adc.o
ADC_ExternalTrigConvCmd                           bin/stm32f10x_adc.o
ADC_ExternalTrigInjectedConvCmd                   bin/stm32f10x_adc.o
ADC_ExternalTrigInjectedConvConfig                bin/stm32f10x_adc.o
ADC_GetCalibrationStatus                          bin/stm32f10x_adc.o
ADC_GetConversionValue                            bin/stm32f10x_adc.o
ADC_GetDualModeConversionValue                    bin/stm32f10x_adc.o
ADC_GetFlagStatus                                 bin/stm32f10x_adc.o
ADC_GetITStatus                                   bin/stm32f10x_adc.o
ADC_GetInjectedConversionValue                    bin/stm32f10x_adc.o
ADC_GetResetCalibrationStatus                     bin/stm32f10x_adc.o
ADC_GetSoftwareStartConvStatus                    bin/stm32f10x_adc.o
ADC_GetSoftwareStartInjectedConvCmdStatus         bin/stm32f10x_adc.o
ADC_ITConfig                                      bin/stm32f10x_adc.o
ADC_Init                                          bin/stm32f10x_adc.o
ADC_InjectedChannelConfig                         bin/stm32f10x_adc.o
ADC_InjectedDiscModeCmd                           bin/stm32f10x_adc.o
ADC_InjectedSequencerLengthConfig                 bin/stm32f10x_adc.o
ADC_RegularChannelConfig                          bin/stm32f10x_adc.o
ADC_ResetCalibration                              bin/stm32f10x_adc.o
ADC_SetInjectedOffset                             bin/stm32f10x_adc.o
ADC_SoftwareStartConvCmd                          bin/stm32f10x_adc.o
ADC_SoftwareStartInjectedConvCmd                  bin/stm32f10x_adc.o
ADC_StartCalibration                              bin/stm32f10x_adc.o
ADC_StructInit                                    bin/stm32f10x_adc.o
ADC_TempSensorVrefintCmd                          bin/stm32f10x_adc.o
BusFault_Handler                                  bin/startup_stm32f10x_md.o
CAN1_RX1_IRQHandler                               bin/startup_stm32f10x_md.o
CAN1_SCE_IRQHandler                               bin/startup_stm32f10x_md.o
DBGMCU_Config                                     bin/stm32f10x_dbgmcu.o
DBGMCU_GetDEVID                                   bin/stm32f10x_dbgmcu.o
DBGMCU_GetREVID                                   bin/stm32f10x_dbgmcu.o
DMA1_Channel1_IRQHandler                          bin/startup_stm32f10x_md.o
DMA1_Channel2_IRQHandler                          bin/startup_stm32f10x_md.o
DMA1_Channel3_IRQHandler                          bin/startup_stm32f10x_md.o
DMA1_Channel4_IRQHandler                          bin/startup_stm32f10x_md.o
DMA1_Channel5_IRQHandler                          bin/startup_stm32f10x_md.o
DMA1_Channel6_IRQHandler                          bin/startup_stm32f10x_md.o
DMA1_Channel7_IRQHandler                          bin/startup_stm32f10x_md.o
DMA_ClearFlag                                     bin/stm32f10x_dma.o
DMA_ClearITPendingBit                             bin/stm32f10x_dma.o
DMA_Cmd                                           bin/stm32f10x_dma.o
DMA_DeInit                                        bin/stm32f10x_dma.o
DMA_GetCurrDataCounter                            bin/stm32f10x_dma.o
DMA_GetFlagStatus                                 bin/stm32f10x_dma.o
DMA_GetITStatus                                   bin/stm32f10x_dma.o
DMA_ITConfig                                      bin/stm32f10x_dma.o
DMA_Init                                          bin/stm32f10x_dma.o
DMA_StructInit                                    bin/stm32f10x_dma.o
DebugMon_Handler                                  bin/startup_stm32f10x_md.o
Default_Handler                                   bin/startup_stm32f10x_md.o
EXTI0_IRQHandler                                  bin/startup_stm32f10x_md.o
EXTI15_10_IRQHandler                              bin/startup_stm32f10x_md.o
EXTI1_IRQHandler                                  bin/startup_stm32f10x_md.o
EXTI2_IRQHandler                                  bin/startup_stm32f10x_md.o
EXTI3_IRQHandler                                  bin/startup_stm32f10x_md.o
EXTI4_IRQHandler                                  bin/startup_stm32f10x_md.o
EXTI9_5_IRQHandler                                bin/startup_stm32f10x_md.o
EXTI_ClearFlag                                    bin/stm32f10x_exti.o
EXTI_ClearITPendingBit                            bin/stm32f10x_exti.o
EXTI_DeInit                                       bin/stm32f10x_exti.o
EXTI_GenerateSWInterrupt                          bin/stm32f10x_exti.o
EXTI_GetFlagStatus                                bin/stm32f10x_exti.o
EXTI_GetITStatus                                  bin/stm32f10x_exti.o
EXTI_Init                                         bin/stm32f10x_exti.o
EXTI_StructInit                                   bin/stm32f10x_exti.o
FLASH_ClearFlag                                   bin/stm32f10x_flash.o
FLASH_EnableWriteProtection                       bin/stm32f10x_flash.o
FLASH_EraseAllPages                               bin/stm32f10x_flash.o
FLASH_EraseOptionBytes                            bin/stm32f10x_flash.o
FLASH_ErasePage                                   bin/stm32f10x_flash.o
FLASH_GetFlagStatus                               bin/stm32f10x_flash.o
FLASH_GetPrefetchBufferStatus                     bin/stm32f10x_flash.o
FLASH_GetReadOutProtectionStatus                  bin/stm32f10x_flash.o
FLASH_GetStatus                                   bin/stm32f10x_flash.o
FLASH_GetUserOptionByte                           bin/stm32f10x_flash.o
FLASH_GetWriteProtectionOptionByte                bin/stm32f10x_flash.o
FLASH_HalfCycleAccessCmd                          bin/stm32f10x_flash.o
FLASH_IRQHandler                                  bin/startup_stm32f10x_md.o
FLASH_ITConfig                                    bin/stm32f10x_flash.o
FLASH_Lock                                        bin/stm32f10x_flash.o
FLASH_PrefetchBufferCmd                           bin/stm32f10x_flash.o
FLASH_ProgramHalfWord                             bin/stm32f10x_flash.o
FLASH_ProgramOptionByteData                       bin/stm32f10x_flash.o
FLASH_ProgramWord                                 bin/stm32f10x_flash.o
FLASH_ReadOutProtection                           bin/stm32f10x_flash.o
FLASH_SetLatency                                  bin/stm32f10x_flash.o
FLASH_Unlock                                      bin/stm32f10x_flash.o
FLASH_UserOptionByteConfig                        bin/stm32f10x_flash.o
FLASH_WaitForLastOperation                        bin/stm32f10x_flash.o
GPIO_AFIODeInit                                   bin/stm32f10x_gpio.o
GPIO_DeInit                                       bin/stm32f10x_gpio.o
GPIO_ETH_MediaInterfaceConfig                     bin/stm32f10x_gpio.o
GPIO_EXTILineConfig                               bin/stm32f10x_gpio.o
GPIO_EventOutputCmd                               bin/stm32f10x_gpio.o
GPIO_EventOutputConfig                            bin/stm32f10x_gpio.o
GPIO_Init                                         bin/stm32f10x_gpio.o
                                                  bin/system_stm32f10x.o
GPIO_PinLockConfig                                bin/stm32f10x_gpio.o
GPIO_PinRemapConfig                               bin/stm32f10x_gpio.o
GPIO_ReadInputData                                bin/stm32f10x_gpio.o
GPIO_ReadInputDataBit                             bin/stm32f10x_gpio.o
GPIO_ReadOutputData                               bin/stm32f10x_gpio.o
GPIO_ReadOutputDataBit                            bin/stm32f10x_gpio.o
GPIO_ResetBits                                    bin/stm32f10x_gpio.o
                                                  bin/system_stm32f10x.o
GPIO_SetBits                                      bin/stm32f10x_gpio.o
GPIO_StructInit                                   bin/stm32f10x_gpio.o
GPIO_Write                                        bin/stm32f10x_gpio.o
GPIO_WriteBit                                     bin/stm32f10x_gpio.o
HardFault_Handler                                 bin/startup_stm32f10x_md.o
I2C1_ER_IRQHandler                                bin/startup_stm32f10x_md.o
I2C1_EV_IRQHandler                                bin/startup_stm32f10x_md.o
I2C2_ER_IRQHandler                                bin/startup_stm32f10x_md.o
I2C2_EV_IRQHandler                                bin/startup_stm32f10x_md.o
I2C_ARPCmd                                        bin/stm32f10x_i2c.o
I2C_AcknowledgeConfig                             bin/stm32f10x_i2c.o
I2C_CalculatePEC                                  bin/stm32f10x_i2c.o
I2C_CheckEvent                                    bin/stm32f10x_i2c.o
I2C_ClearFlag                                     bin/stm32f10x_i2c.o
I2C_ClearITPendingBit                             bin/stm32f10x_i2c.o
I2C_Cmd                                           bin/stm32f10x_i2c.o
I2C_DMACmd                                        bin/stm32f10x_i2c.o
I2C_DMALastTransferCmd                            bin/stm32f10x_i2c.o
I2C_DeInit                                        bin/stm32f10x_i2c.o
I2C_DualAddressCmd                                bin/stm32f10x_i2c.o
I2C_FastModeDutyCycleConfig                       bin/stm32f10x_i2c.o
I2C_GeneralCallCmd                                bin/stm32f10x_i2c.o
I2C_GenerateSTART                                 bin/stm32f10x_i2c.o
I2C_GenerateSTOP                                  bin/stm32f10x_i2c.o
I2C_GetFlagStatus                                 bin/stm32f10x_i2c.o
I2C_GetITStatus                                   bin/stm32f10x_i2c.o
I2C_GetLastEvent                                  bin/stm32f10x_i2c.o
I2C_GetPEC                                        bin/stm32f10x_i2c.o
I2C_ITConfig                                      bin/stm32f10x_i2c.o
I2C_Init                                          bin/stm32f10x_i2c.o
I2C_OwnAddress2Config                             bin/stm32f10x_i2c.o
I2C_PECPositionConfig                             bin/stm32f10x_i2c.o
I2C_ReadRegister                                  bin/stm32f10x_i2c.o
I2C_ReceiveData                                   bin/stm32f10x_i2c.o
I2C_SMBusAlertConfig                              bin/stm32f10x_i2c.o
I2C_Send7bitAddress                               bin/stm32f10x_i2c.o
I2C_SendData                                      bin/stm32f10x_i2c.o
I2C_SoftwareResetCmd                              bin/stm32f10x_i2c.o
I2C_StretchClockCmd                               bin/stm32f10x_i2c.o
I2C_StructInit                                    bin/stm32f10x_i2c.o
I2C_TransmitPEC                                   bin/stm32f10x_i2c.o
I2S_Cmd                                           bin/stm32f10x_spi.o
I2S_Init                                          bin/stm32f10x_spi.o
I2S_StructInit                                    bin/stm32f10x_spi.o
IWDG_Enable                                       bin/stm32f10x_iwdg.o
IWDG_GetFlagStatus                                bin/stm32f10x_iwdg.o
IWDG_ReloadCounter                                bin/stm32f10x_iwdg.o
IWDG_SetPrescaler                                 bin/stm32f10x_iwdg.o
IWDG_SetReload                                    bin/stm32f10x_iwdg.o
IWDG_WriteAccessCmd                               bin/stm32f10x_iwdg.o
MemManage_Handler                                 bin/startup_stm32f10x_md.o
NMI_Handler                                       bin/startup_stm32f10x_md.o
NVIC_Init                                         bin/misc.o
NVIC_PriorityGroupConfig                          bin/misc.o
                                                  bin/nvic.o
NVIC_SetVectorTable                               bin/misc.o
NVIC_SystemLPConfig                               bin/misc.o
PVD_IRQHandler                                    bin/startup_stm32f10x_md.o
PendSV_Handler                                    bin/startup_stm32f10x_md.o
RCC_ADCCLKConfig                                  bin/stm32f10x_rcc.o
RCC_AHBPeriphClockCmd                             bin/stm32f10x_rcc.o
RCC_APB1PeriphClockCmd                            bin/stm32f10x_rcc.o
RCC_APB1PeriphResetCmd                            bin/stm32f10x_rcc.o
                                                  bin/stm32f10x_usart.o
                                                  bin/stm32f10x_tim.o
                                                  bin/stm32f10x_spi.o
                                                  bin/stm32f10x_i2c.o
RCC_APB2PeriphClockCmd                            bin/stm32f10x_rcc.o
RCC_APB2PeriphResetCmd                            bin/stm32f10x_rcc.o
                                                  bin/stm32f10x_usart.o
                                                  bin/stm32f10x_tim.o
                                                  bin/stm32f10x_spi.o
                                                  bin/stm32f10x_gpio.o
                                                  bin/stm32f10x_adc.o
RCC_AdjustHSICalibrationValue                     bin/stm32f10x_rcc.o
RCC_BackupResetCmd                                bin/stm32f10x_rcc.o
RCC_ClearFlag                                     bin/stm32f10x_rcc.o
RCC_ClearITPendingBit                             bin/stm32f10x_rcc.o
RCC_ClockSecuritySystemCmd                        bin/stm32f10x_rcc.o
RCC_DeInit                                        bin/stm32f10x_rcc.o
RCC_GetClocksFreq                                 bin/stm32f10x_rcc.o
                                                  bin/stm32f10x_usart.o
                                                  bin/stm32f10x_spi.o
                                                  bin/stm32f10x_i2c.o
RCC_GetFlagStatus                                 bin/stm32f10x_rcc.o
RCC_GetITStatus                                   bin/stm32f10x_rcc.o
RCC_GetSYSCLKSource                               bin/stm32f10x_rcc.o
RCC_HCLKConfig                                    bin/stm32f10x_rcc.o
RCC_HSEConfig                                     bin/stm32f10x_rcc.o
RCC_HSICmd                                        bin/stm32f10x_rcc.o
RCC_IRQHandler                                    bin/startup_stm32f10x_md.o
RCC_ITConfig                                      bin/stm32f10x_rcc.o
RCC_LSEConfig                                     bin/stm32f10x_rcc.o
RCC_LSICmd                                        bin/stm32f10x_rcc.o
RCC_MCOConfig                                     bin/stm32f10x_rcc.o
RCC_PCLK1Config                                   bin/stm32f10x_rcc.o
RCC_PCLK2Config                                   bin/stm32f10x_rcc.o
RCC_PLLCmd                                        bin/stm32f10x_rcc.o
RCC_PLLConfig                                     bin/stm32f10x_rcc.o
RCC_RTCCLKCmd                                     bin/stm32f10x_rcc.o
RCC_RTCCLKConfig                                  bin/stm32f10x_rcc.o
RCC_SYSCLKConfig                                  bin/stm32f10x_rcc.o
RCC_USBCLKConfig                                  bin/stm32f10x_rcc.o
RCC_WaitForHSEStartUp                             bin/stm32f10x_rcc.o
RTCAlarm_IRQHandler                               bin/startup_stm32f10x_md.o
RTC_IRQHandler                                    bin/startup_stm32f10x_md.o
Reset_Handler                                     bin/startup_stm32f10x_md.o
SPI1_IRQHandler                                   bin/startup_stm32f10x_md.o
SPI2_IRQHandler                                   bin/startup_stm32f10x_md.o
SPI_BiDirectionalLineConfig                       bin/stm32f10x_spi.o
SPI_CalculateCRC                                  bin/stm32f10x_spi.o
SPI_Cmd                                           bin/stm32f10x_spi.o
SPI_DataSizeConfig                                bin/stm32f10x_spi.o
SPI_GetCRC                                        bin/stm32f10x_spi.o
SPI_GetCRCPolynomial                              bin/stm32f10x_spi.o
SPI_I2S_ClearFlag                                 bin/stm32f10x_spi.o
SPI_I2S_ClearITPendingBit                         bin/stm32f10x_spi.o
SPI_I2S_DMACmd                                    bin/stm32f10x_spi.o
SPI_I2S_DeInit                                    bin/stm32f10x_spi.o
SPI_I2S_GetFlagStatus                             bin/stm32f10x_spi.o
SPI_I2S_GetITStatus                               bin/stm32f10x_spi.o
SPI_I2S_ITConfig                                  bin/stm32f10x_spi.o
SPI_I2S_ReceiveData                               bin/stm32f10x_spi.o
SPI_I2S_SendData                                  bin/stm32f10x_spi.o
SPI_Init                                          bin/stm32f10x_spi.o
SPI_NSSInternalSoftwareConfig                     bin/stm32f10x_spi.o
SPI_SSOutputCmd                                   bin/stm32f10x_spi.o
SPI_StructInit                                    bin/stm32f10x_spi.o
SPI_TransmitCRC                                   bin/stm32f10x_spi.o
SVC_Handler                                       bin/startup_stm32f10x_md.o
SysTick_CLKSourceConfig                           bin/misc.o
SysTick_Handler                                   bin/nvic.o
SystemFrequency                                   bin/system_stm32f10x.o
SystemFrequency_AHBClk                            bin/system_stm32f10x.o
SystemFrequency_APB1Clk                           bin/system_stm32f10x.o
SystemFrequency_APB2Clk                           bin/system_stm32f10x.o
SystemFrequency_SysClk                            bin/system_stm32f10x.o
SystemInit                                        bin/system_stm32f10x.o
                                                  bin/startup_stm32f10x_md.o
TAMPER_IRQHandler                                 bin/startup_stm32f10x_md.o
TIM1_BRK_IRQHandler                               bin/startup_stm32f10x_md.o
TIM1_CC_IRQHandler                                bin/startup_stm32f10x_md.o
TIM1_TRG_COM_IRQHandler                           bin/startup_stm32f10x_md.o
TIM1_UP_IRQHandler                                bin/startup_stm32f10x_md.o
TIM2_IRQHandler                                   bin/startup_stm32f10x_md.o
TIM3_IRQHandler                                   bin/startup_stm32f10x_md.o
TIM4_IRQHandler                                   bin/startup_stm32f10x_md.o
TIM_ARRPreloadConfig                              bin/stm32f10x_tim.o
TIM_BDTRConfig                                    bin/stm32f10x_tim.o
TIM_BDTRStructInit                                bin/stm32f10x_tim.o
TIM_CCPreloadControl                              bin/stm32f10x_tim.o
TIM_CCxCmd                                        bin/stm32f10x_tim.o
TIM_CCxNCmd                                       bin/stm32f10x_tim.o
TIM_ClearFlag                                     bin/stm32f10x_tim.o
TIM_ClearITPendingBit                             bin/stm32f10x_tim.o
TIM_ClearOC1Ref                                   bin/stm32f10x_tim.o
TIM_ClearOC2Ref                                   bin/stm32f10x_tim.o
TIM_ClearOC3Ref                                   bin/stm32f10x_tim.o
TIM_ClearOC4Ref                                   bin/stm32f10x_tim.o
TIM_Cmd                                           bin/stm32f10x_tim.o
TIM_CounterModeConfig                             bin/stm32f10x_tim.o
TIM_CtrlPWMOutputs                                bin/stm32f10x_tim.o
TIM_DMACmd                                        bin/stm32f10x_tim.o
TIM_DMAConfig                                     bin/stm32f10x_tim.o
TIM_DeInit                                        bin/stm32f10x_tim.o
TIM_ETRClockMode1Config                           bin/stm32f10x_tim.o
TIM_ETRClockMode2Config                           bin/stm32f10x_tim.o
TIM_ETRConfig                                     bin/stm32f10x_tim.o
TIM_EncoderInterfaceConfig                        bin/stm32f10x_tim.o
TIM_ForcedOC1Config                               bin/stm32f10x_tim.o
TIM_ForcedOC2Config                               bin/stm32f10x_tim.o
TIM_ForcedOC3Config                               bin/stm32f10x_tim.o
TIM_ForcedOC4Config                               bin/stm32f10x_tim.o
TIM_GenerateEvent                                 bin/stm32f10x_tim.o
TIM_GetCapture1                                   bin/stm32f10x_tim.o
TIM_GetCapture2                                   bin/stm32f10x_tim.o
TIM_GetCapture3                                   bin/stm32f10x_tim.o
TIM_GetCapture4                                   bin/stm32f10x_tim.o
TIM_GetCounter                                    bin/stm32f10x_tim.o
TIM_GetFlagStatus                                 bin/stm32f10x_tim.o
TIM_GetITStatus                                   bin/stm32f10x_tim.o
TIM_GetPrescaler                                  bin/stm32f10x_tim.o
TIM_ICInit                                        bin/stm32f10x_tim.o
TIM_ICStructInit                                  bin/stm32f10x_tim.o
TIM_ITConfig                                      bin/stm32f10x_tim.o
TIM_ITRxExternalClockConfig                       bin/stm32f10x_tim.o
TIM_InternalClockConfig                           bin/stm32f10x_tim.o
TIM_OC1FastConfig                                 bin/stm32f10x_tim.o
TIM_OC1Init                                       bin/stm32f10x_tim.o
TIM_OC1NPolarityConfig                            bin/stm32f10x_tim.o
TIM_OC1PolarityConfig                             bin/stm32f10x_tim.o
TIM_OC1PreloadConfig                              bin/stm32f10x_tim.o
TIM_OC2FastConfig                                 bin/stm32f10x_tim.o
TIM_OC2Init                                       bin/stm32f10x_tim.o
TIM_OC2NPolarityConfig                            bin/stm32f10x_tim.o
TIM_OC2PolarityConfig                             bin/stm32f10x_tim.o
TIM_OC2PreloadConfig                              bin/stm32f10x_tim.o
TIM_OC3FastConfig                                 bin/stm32f10x_tim.o
TIM_OC3Init                                       bin/stm32f10x_tim.o
TIM_OC3NPolarityConfig                            bin/stm32f10x_tim.o
TIM_OC3PolarityConfig                             bin/stm32f10x_tim.o
TIM_OC3PreloadConfig                              bin/stm32f10x_tim.o
TIM_OC4FastConfig                                 bin/stm32f10x_tim.o
TIM_OC4Init                                       bin/stm32f10x_tim.o
TIM_OC4PolarityConfig                             bin/stm32f10x_tim.o
TIM_OC4PreloadConfig                              bin/stm32f10x_tim.o
TIM_OCStructInit                                  bin/stm32f10x_tim.o
TIM_PWMIConfig                                    bin/stm32f10x_tim.o
TIM_PrescalerConfig                               bin/stm32f10x_tim.o
TIM_SelectCCDMA                                   bin/stm32f10x_tim.o
TIM_SelectCOM                                     bin/stm32f10x_tim.o
TIM_SelectHallSensor                              bin/stm32f10x_tim.o
TIM_SelectInputTrigger                            bin/stm32f10x_tim.o
TIM_SelectMasterSlaveMode                         bin/stm32f10x_tim.o
TIM_SelectOCxM                                    bin/stm32f10x_tim.o
TIM_SelectOnePulseMode                            bin/stm32f10x_tim.o
TIM_SelectOutputTrigger                           bin/stm32f10x_tim.o
TIM_SelectSlaveMode                               bin/stm32f10x_tim.o
TIM_SetAutoreload                                 bin/stm32f10x_tim.o
TIM_SetClockDivision                              bin/stm32f10x_tim.o
TIM_SetCompare1                                   bin/stm32f10x_tim.o
TIM_SetCompare2                                   bin/stm32f10x_tim.o
TIM_SetCompare3                                   bin/stm32f10x_tim.o
TIM_SetCompare4                                   bin/stm32f10x_tim.o
TIM_SetCounter                                    bin/stm32f10x_tim.o
TIM_SetIC1Prescaler                               bin/stm32f10x_tim.o
TIM_SetIC2Prescaler                               bin/stm32f10x_tim.o
TIM_SetIC3Prescaler                               bin/stm32f10x_tim.o
TIM_SetIC4Prescaler                               bin/stm32f10x_tim.o
TIM_TIxExternalClockConfig                        bin/stm32f10x_tim.o
TIM_TimeBaseInit                                  bin/stm32f10x_tim.o
TIM_TimeBaseStructInit                            bin/stm32f10x_tim.o
TIM_UpdateDisableConfig                           bin/stm32f10x_tim.o
TIM_UpdateRequestConfig                           bin/stm32f10x_tim.o
USART1_IRQHandler                                 bin/startup_stm32f10x_md.o
USART2_IRQHandler                                 bin/startup_stm32f10x_md.o
USART3_IRQHandler                                 bin/startup_stm32f10x_md.o
USART_ClearFlag                                   bin/stm32f10x_usart.o
USART_ClearITPendingBit                           bin/stm32f10x_usart.o
USART_ClockInit                                   bin/stm32f10x_usart.o
USART_ClockStructInit                             bin/stm32f10x_usart.o
USART_Cmd                                         bin/stm32f10x_usart.o
USART_DMACmd                                      bin/stm32f10x_usart.o
USART_DeInit                                      bin/stm32f10x_usart.o
USART_GetFlagStatus                               bin/stm32f10x_usart.o
USART_GetITStatus                                 bin/stm32f10x_usart.o
USART_HalfDuplexCmd                               bin/stm32f10x_usart.o
USART_ITConfig                                    bin/stm32f10x_usart.o
USART_Init                                        bin/stm32f10x_usart.o
USART_IrDACmd                                     bin/stm32f10x_usart.o
USART_IrDAConfig                                  bin/stm32f10x_usart.o
USART_LINBreakDetectLengthConfig                  bin/stm32f10x_usart.o
USART_LINCmd                                      bin/stm32f10x_usart.o
USART_ReceiveData                                 bin/stm32f10x_usart.o
USART_ReceiverWakeUpCmd                           bin/stm32f10x_usart.o
USART_SendBreak                                   bin/stm32f10x_usart.o
USART_SendData                                    bin/stm32f10x_usart.o
USART_SetAddress                                  bin/stm32f10x_usart.o
USART_SetGuardTime                                bin/stm32f10x_usart.o
USART_SetPrescaler                                bin/stm32f10x_usart.o
USART_SmartCardCmd                                bin/stm32f10x_usart.o
USART_SmartCardNACKCmd                            bin/stm32f10x_usart.o
USART_StructInit                                  bin/stm32f10x_usart.o
USART_WakeUpConfig                                bin/stm32f10x_usart.o
USBWakeUp_IRQHandler                              bin/startup_stm32f10x_md.o
USB_HP_CAN1_TX_IRQHandler                         bin/startup_stm32f10x_md.o
USB_LP_CAN1_RX0_IRQHandler                        bin/startup_stm32f10x_md.o
UsageFault_Handler                                bin/startup_stm32f10x_md.o
WWDG_IRQHandler                                   bin/startup_stm32f10x_md.o
_Jv_RegisterClasses                               /Users/rijn/gcc-arm-none-eabi/bin/../lib/gcc/arm-none-eabi/4.9.3/armv7-m/crtbegin.o
__bss_end__                                       /Users/rijn/gcc-arm-none-eabi/bin/../lib/gcc/arm-none-eabi/4.9.3/../../../../arm-none-eabi/lib/armv7-m/crt0.o
__bss_start__                                     /Users/rijn/gcc-arm-none-eabi/bin/../lib/gcc/arm-none-eabi/4.9.3/../../../../arm-none-eabi/lib/armv7-m/crt0.o
__call_exitprocs                                  /Users/rijn/gcc-arm-none-eabi/bin/../lib/gcc/arm-none-eabi/4.9.3/../../../../arm-none-eabi/lib/armv7-m/libc_nano.a(lib_a-exit.o)
__deregister_frame_info                           /Users/rijn/gcc-arm-none-eabi/bin/../lib/gcc/arm-none-eabi/4.9.3/armv7-m/crtbegin.o
__dso_handle                                      /Users/rijn/gcc-arm-none-eabi/bin/../lib/gcc/arm-none-eabi/4.9.3/armv7-m/crtbegin.o
__fp_lock_all                                     /Users/rijn/gcc-arm-none-eabi/bin/../lib/gcc/arm-none-eabi/4.9.3/../../../../arm-none-eabi/lib/armv7-m/libc_nano.a(lib_a-findfp.o)
__fp_unlock_all                                   /Users/rijn/gcc-arm-none-eabi/bin/../lib/gcc/arm-none-eabi/4.9.3/../../../../arm-none-eabi/lib/armv7-m/libc_nano.a(lib_a-findfp.o)
__init_array_end                                  /Users/rijn/gcc-arm-none-eabi/bin/../lib/gcc/arm-none-eabi/4.9.3/../../../../arm-none-eabi/lib/armv7-m/libc_nano.a(lib_a-init.o)
__init_array_start                                /Users/rijn/gcc-arm-none-eabi/bin/../lib/gcc/arm-none-eabi/4.9.3/../../../../arm-none-eabi/lib/armv7-m/libc_nano.a(lib_a-init.o)
__libc_fini_array                                 /Users/rijn/gcc-arm-none-eabi/bin/../lib/gcc/arm-none-eabi/4.9.3/../../../../arm-none-eabi/lib/armv7-m/crt0.o
__libc_init_array                                 /Users/rijn/gcc-arm-none-eabi/bin/../lib/gcc/arm-none-eabi/4.9.3/../../../../arm-none-eabi/lib/armv7-m/libc_nano.a(lib_a-init.o)
                                                  /Users/rijn/gcc-arm-none-eabi/bin/../lib/gcc/arm-none-eabi/4.9.3/../../../../arm-none-eabi/lib/armv7-m/crt0.o
__malloc_free_list                                /Users/rijn/gcc-arm-none-eabi/bin/../lib/gcc/arm-none-eabi/4.9.3/../../../../arm-none-eabi/lib/armv7-m/libc_nano.a(lib_a-nano-mallocr.o)
                                                  /Users/rijn/gcc-arm-none-eabi/bin/../lib/gcc/arm-none-eabi/4.9.3/../../../../arm-none-eabi/lib/armv7-m/libc_nano.a(lib_a-nano-freer.o)
__malloc_sbrk_start                               /Users/rijn/gcc-arm-none-eabi/bin/../lib/gcc/arm-none-eabi/4.9.3/../../../../arm-none-eabi/lib/armv7-m/libc_nano.a(lib_a-nano-mallocr.o)
__preinit_array_end                               /Users/rijn/gcc-arm-none-eabi/bin/../lib/gcc/arm-none-eabi/4.9.3/../../../../arm-none-eabi/lib/armv7-m/libc_nano.a(lib_a-init.o)
__preinit_array_start                             /Users/rijn/gcc-arm-none-eabi/bin/../lib/gcc/arm-none-eabi/4.9.3/../../../../arm-none-eabi/lib/armv7-m/libc_nano.a(lib_a-init.o)
__register_frame_info                             /Users/rijn/gcc-arm-none-eabi/bin/../lib/gcc/arm-none-eabi/4.9.3/armv7-m/crtbegin.o
__sclose                                          /Users/rijn/gcc-arm-none-eabi/bin/../lib/gcc/arm-none-eabi/4.9.3/../../../../arm-none-eabi/lib/armv7-m/libc_nano.a(lib_a-stdio.o)
                                                  /Users/rijn/gcc-arm-none-eabi/bin/../lib/gcc/arm-none-eabi/4.9.3/../../../../arm-none-eabi/lib/armv7-m/libc_nano.a(lib_a-findfp.o)
__seofread                                        /Users/rijn/gcc-arm-none-eabi/bin/../lib/gcc/arm-none-eabi/4.9.3/../../../../arm-none-eabi/lib/armv7-m/libc_nano.a(lib_a-stdio.o)
__sf_fake_stderr                                  /Users/rijn/gcc-arm-none-eabi/bin/../lib/gcc/arm-none-eabi/4.9.3/../../../../arm-none-eabi/lib/armv7-m/libc_nano.a(lib_a-findfp.o)
                                                  /Users/rijn/gcc-arm-none-eabi/bin/../lib/gcc/arm-none-eabi/4.9.3/../../../../arm-none-eabi/lib/armv7-m/libc_nano.a(lib_a-fflush.o)
                                                  /Users/rijn/gcc-arm-none-eabi/bin/../lib/gcc/arm-none-eabi/4.9.3/../../../../arm-none-eabi/lib/armv7-m/libc_nano.a(lib_a-wsetup.o)
                                                  /Users/rijn/gcc-arm-none-eabi/bin/../lib/gcc/arm-none-eabi/4.9.3/../../../../arm-none-eabi/lib/armv7-m/libc_nano.a(lib_a-wbuf.o)
                                                  /Users/rijn/gcc-arm-none-eabi/bin/../lib/gcc/arm-none-eabi/4.9.3/../../../../arm-none-eabi/lib/armv7-m/libc_nano.a(lib_a-impure.o)
__sf_fake_stdin                                   /Users/rijn/gcc-arm-none-eabi/bin/../lib/gcc/arm-none-eabi/4.9.3/../../../../arm-none-eabi/lib/armv7-m/libc_nano.a(lib_a-findfp.o)
                                                  /Users/rijn/gcc-arm-none-eabi/bin/../lib/gcc/arm-none-eabi/4.9.3/../../../../arm-none-eabi/lib/armv7-m/libc_nano.a(lib_a-fflush.o)
                                                  /Users/rijn/gcc-arm-none-eabi/bin/../lib/gcc/arm-none-eabi/4.9.3/../../../../arm-none-eabi/lib/armv7-m/libc_nano.a(lib_a-wsetup.o)
                                                  /Users/rijn/gcc-arm-none-eabi/bin/../lib/gcc/arm-none-eabi/4.9.3/../../../../arm-none-eabi/lib/armv7-m/libc_nano.a(lib_a-wbuf.o)
                                                  /Users/rijn/gcc-arm-none-eabi/bin/../lib/gcc/arm-none-eabi/4.9.3/../../../../arm-none-eabi/lib/armv7-m/libc_nano.a(lib_a-impure.o)
__sf_fake_stdout                                  /Users/rijn/gcc-arm-none-eabi/bin/../lib/gcc/arm-none-eabi/4.9.3/../../../../arm-none-eabi/lib/armv7-m/libc_nano.a(lib_a-findfp.o)
                                                  /Users/rijn/gcc-arm-none-eabi/bin/../lib/gcc/arm-none-eabi/4.9.3/../../../../arm-none-eabi/lib/armv7-m/libc_nano.a(lib_a-fflush.o)
                                                  /Users/rijn/gcc-arm-none-eabi/bin/../lib/gcc/arm-none-eabi/4.9.3/../../../../arm-none-eabi/lib/armv7-m/libc_nano.a(lib_a-wsetup.o)
                                                  /Users/rijn/gcc-arm-none-eabi/bin/../lib/gcc/arm-none-eabi/4.9.3/../../../../arm-none-eabi/lib/armv7-m/libc_nano.a(lib_a-wbuf.o)
                                                  /Users/rijn/gcc-arm-none-eabi/bin/../lib/gcc/arm-none-eabi/4.9.3/../../../../arm-none-eabi/lib/armv7-m/libc_nano.a(lib_a-impure.o)
__sflush_r                                        /Users/rijn/gcc-arm-none-eabi/bin/../lib/gcc/arm-none-eabi/4.9.3/../../../../arm-none-eabi/lib/armv7-m/libc_nano.a(lib_a-fflush.o)
__sfmoreglue                                      /Users/rijn/gcc-arm-none-eabi/bin/../lib/gcc/arm-none-eabi/4.9.3/../../../../arm-none-eabi/lib/armv7-m/libc_nano.a(lib_a-findfp.o)
__sfp                                             /Users/rijn/gcc-arm-none-eabi/bin/../lib/gcc/arm-none-eabi/4.9.3/../../../../arm-none-eabi/lib/armv7-m/libc_nano.a(lib_a-findfp.o)
__sfp_lock_acquire                                /Users/rijn/gcc-arm-none-eabi/bin/../lib/gcc/arm-none-eabi/4.9.3/../../../../arm-none-eabi/lib/armv7-m/libc_nano.a(lib_a-findfp.o)
__sfp_lock_release                                /Users/rijn/gcc-arm-none-eabi/bin/../lib/gcc/arm-none-eabi/4.9.3/../../../../arm-none-eabi/lib/armv7-m/libc_nano.a(lib_a-findfp.o)
__sinit                                           /Users/rijn/gcc-arm-none-eabi/bin/../lib/gcc/arm-none-eabi/4.9.3/../../../../arm-none-eabi/lib/armv7-m/libc_nano.a(lib_a-findfp.o)
                                                  /Users/rijn/gcc-arm-none-eabi/bin/../lib/gcc/arm-none-eabi/4.9.3/../../../../arm-none-eabi/lib/armv7-m/libc_nano.a(lib_a-fflush.o)
                                                  /Users/rijn/gcc-arm-none-eabi/bin/../lib/gcc/arm-none-eabi/4.9.3/../../../../arm-none-eabi/lib/armv7-m/libc_nano.a(lib_a-wsetup.o)
                                                  /Users/rijn/gcc-arm-none-eabi/bin/../lib/gcc/arm-none-eabi/4.9.3/../../../../arm-none-eabi/lib/armv7-m/libc_nano.a(lib_a-wbuf.o)
                                                  /Users/rijn/gcc-arm-none-eabi/bin/../lib/gcc/arm-none-eabi/4.9.3/../../../../arm-none-eabi/lib/armv7-m/libc_nano.a(lib_a-puts.o)
__sinit_lock_acquire                              /Users/rijn/gcc-arm-none-eabi/bin/../lib/gcc/arm-none-eabi/4.9.3/../../../../arm-none-eabi/lib/armv7-m/libc_nano.a(lib_a-findfp.o)
__sinit_lock_release                              /Users/rijn/gcc-arm-none-eabi/bin/../lib/gcc/arm-none-eabi/4.9.3/../../../../arm-none-eabi/lib/armv7-m/libc_nano.a(lib_a-findfp.o)
__smakebuf_r                                      /Users/rijn/gcc-arm-none-eabi/bin/../lib/gcc/arm-none-eabi/4.9.3/../../../../arm-none-eabi/lib/armv7-m/libc_nano.a(lib_a-makebuf.o)
                                                  /Users/rijn/gcc-arm-none-eabi/bin/../lib/gcc/arm-none-eabi/4.9.3/../../../../arm-none-eabi/lib/armv7-m/libc_nano.a(lib_a-wsetup.o)
__sread                                           /Users/rijn/gcc-arm-none-eabi/bin/../lib/gcc/arm-none-eabi/4.9.3/../../../../arm-none-eabi/lib/armv7-m/libc_nano.a(lib_a-stdio.o)
                                                  /Users/rijn/gcc-arm-none-eabi/bin/../lib/gcc/arm-none-eabi/4.9.3/../../../../arm-none-eabi/lib/armv7-m/libc_nano.a(lib_a-findfp.o)
__sseek                                           /Users/rijn/gcc-arm-none-eabi/bin/../lib/gcc/arm-none-eabi/4.9.3/../../../../arm-none-eabi/lib/armv7-m/libc_nano.a(lib_a-stdio.o)
                                                  /Users/rijn/gcc-arm-none-eabi/bin/../lib/gcc/arm-none-eabi/4.9.3/../../../../arm-none-eabi/lib/armv7-m/libc_nano.a(lib_a-findfp.o)
__stack                                           /Users/rijn/gcc-arm-none-eabi/bin/../lib/gcc/arm-none-eabi/4.9.3/../../../../arm-none-eabi/lib/armv7-m/crt0.o
__swbuf                                           /Users/rijn/gcc-arm-none-eabi/bin/../lib/gcc/arm-none-eabi/4.9.3/../../../../arm-none-eabi/lib/armv7-m/libc_nano.a(lib_a-wbuf.o)
__swbuf_r                                         /Users/rijn/gcc-arm-none-eabi/bin/../lib/gcc/arm-none-eabi/4.9.3/../../../../arm-none-eabi/lib/armv7-m/libc_nano.a(lib_a-wbuf.o)
                                                  /Users/rijn/gcc-arm-none-eabi/bin/../lib/gcc/arm-none-eabi/4.9.3/../../../../arm-none-eabi/lib/armv7-m/libc_nano.a(lib_a-puts.o)
__swrite                                          /Users/rijn/gcc-arm-none-eabi/bin/../lib/gcc/arm-none-eabi/4.9.3/../../../../arm-none-eabi/lib/armv7-m/libc_nano.a(lib_a-stdio.o)
                                                  /Users/rijn/gcc-arm-none-eabi/bin/../lib/gcc/arm-none-eabi/4.9.3/../../../../arm-none-eabi/lib/armv7-m/libc_nano.a(lib_a-findfp.o)
__swsetup_r                                       /Users/rijn/gcc-arm-none-eabi/bin/../lib/gcc/arm-none-eabi/4.9.3/../../../../arm-none-eabi/lib/armv7-m/libc_nano.a(lib_a-wsetup.o)
                                                  /Users/rijn/gcc-arm-none-eabi/bin/../lib/gcc/arm-none-eabi/4.9.3/../../../../arm-none-eabi/lib/armv7-m/libc_nano.a(lib_a-wbuf.o)
                                                  /Users/rijn/gcc-arm-none-eabi/bin/../lib/gcc/arm-none-eabi/4.9.3/../../../../arm-none-eabi/lib/armv7-m/libc_nano.a(lib_a-puts.o)
_cleanup                                          /Users/rijn/gcc-arm-none-eabi/bin/../lib/gcc/arm-none-eabi/4.9.3/../../../../arm-none-eabi/lib/armv7-m/libc_nano.a(lib_a-findfp.o)
_cleanup_r                                        /Users/rijn/gcc-arm-none-eabi/bin/../lib/gcc/arm-none-eabi/4.9.3/../../../../arm-none-eabi/lib/armv7-m/libc_nano.a(lib_a-findfp.o)
                                                  /Users/rijn/gcc-arm-none-eabi/bin/../lib/gcc/arm-none-eabi/4.9.3/../../../../arm-none-eabi/lib/armv7-m/libc_nano.a(lib_a-makebuf.o)
_close                                            /Users/rijn/gcc-arm-none-eabi/bin/../lib/gcc/arm-none-eabi/4.9.3/../../../../arm-none-eabi/lib/armv7-m/libc_nano.a(lib_a-closer.o)
_close_r                                          /Users/rijn/gcc-arm-none-eabi/bin/../lib/gcc/arm-none-eabi/4.9.3/../../../../arm-none-eabi/lib/armv7-m/libc_nano.a(lib_a-closer.o)
                                                  /Users/rijn/gcc-arm-none-eabi/bin/../lib/gcc/arm-none-eabi/4.9.3/../../../../arm-none-eabi/lib/armv7-m/libc_nano.a(lib_a-stdio.o)
_ebss                                             bin/startup_stm32f10x_md.o
_edata                                            bin/startup_stm32f10x_md.o
_estack                                           bin/startup_stm32f10x_md.o
_exit                                             /Users/rijn/gcc-arm-none-eabi/bin/../lib/gcc/arm-none-eabi/4.9.3/../../../../arm-none-eabi/lib/armv7-m/libc_nano.a(lib_a-exit.o)
_fflush_r                                         /Users/rijn/gcc-arm-none-eabi/bin/../lib/gcc/arm-none-eabi/4.9.3/../../../../arm-none-eabi/lib/armv7-m/libc_nano.a(lib_a-fflush.o)
                                                  /Users/rijn/gcc-arm-none-eabi/bin/../lib/gcc/arm-none-eabi/4.9.3/../../../../arm-none-eabi/lib/armv7-m/libc_nano.a(lib_a-findfp.o)
                                                  /Users/rijn/gcc-arm-none-eabi/bin/../lib/gcc/arm-none-eabi/4.9.3/../../../../arm-none-eabi/lib/armv7-m/libc_nano.a(lib_a-wbuf.o)
_fini                                             /Users/rijn/gcc-arm-none-eabi/bin/../lib/gcc/arm-none-eabi/4.9.3/armv7-m/crti.o
_free_r                                           /Users/rijn/gcc-arm-none-eabi/bin/../lib/gcc/arm-none-eabi/4.9.3/../../../../arm-none-eabi/lib/armv7-m/libc_nano.a(lib_a-nano-freer.o)
                                                  /Users/rijn/gcc-arm-none-eabi/bin/../lib/gcc/arm-none-eabi/4.9.3/../../../../arm-none-eabi/lib/armv7-m/libc_nano.a(lib_a-reent.o)
                                                  /Users/rijn/gcc-arm-none-eabi/bin/../lib/gcc/arm-none-eabi/4.9.3/../../../../arm-none-eabi/lib/armv7-m/libc_nano.a(lib_a-fflush.o)
                                                  /Users/rijn/gcc-arm-none-eabi/bin/../lib/gcc/arm-none-eabi/4.9.3/../../../../arm-none-eabi/lib/armv7-m/libc_nano.a(lib_a-wsetup.o)
_fstat                                            /Users/rijn/gcc-arm-none-eabi/bin/../lib/gcc/arm-none-eabi/4.9.3/../../../../arm-none-eabi/lib/armv7-m/libc_nano.a(lib_a-fstatr.o)
_fstat_r                                          /Users/rijn/gcc-arm-none-eabi/bin/../lib/gcc/arm-none-eabi/4.9.3/../../../../arm-none-eabi/lib/armv7-m/libc_nano.a(lib_a-fstatr.o)
                                                  /Users/rijn/gcc-arm-none-eabi/bin/../lib/gcc/arm-none-eabi/4.9.3/../../../../arm-none-eabi/lib/armv7-m/libc_nano.a(lib_a-makebuf.o)
_fwalk                                            /Users/rijn/gcc-arm-none-eabi/bin/../lib/gcc/arm-none-eabi/4.9.3/../../../../arm-none-eabi/lib/armv7-m/libc_nano.a(lib_a-fwalk.o)
                                                  /Users/rijn/gcc-arm-none-eabi/bin/../lib/gcc/arm-none-eabi/4.9.3/../../../../arm-none-eabi/lib/armv7-m/libc_nano.a(lib_a-findfp.o)
_fwalk_reent                                      /Users/rijn/gcc-arm-none-eabi/bin/../lib/gcc/arm-none-eabi/4.9.3/../../../../arm-none-eabi/lib/armv7-m/libc_nano.a(lib_a-fwalk.o)
                                                  /Users/rijn/gcc-arm-none-eabi/bin/../lib/gcc/arm-none-eabi/4.9.3/../../../../arm-none-eabi/lib/armv7-m/libc_nano.a(lib_a-findfp.o)
                                                  /Users/rijn/gcc-arm-none-eabi/bin/../lib/gcc/arm-none-eabi/4.9.3/../../../../arm-none-eabi/lib/armv7-m/libc_nano.a(lib_a-fflush.o)
_global_impure_ptr                                /Users/rijn/gcc-arm-none-eabi/bin/../lib/gcc/arm-none-eabi/4.9.3/../../../../arm-none-eabi/lib/armv7-m/libc_nano.a(lib_a-impure.o)
                                                  /Users/rijn/gcc-arm-none-eabi/bin/../lib/gcc/arm-none-eabi/4.9.3/../../../../arm-none-eabi/lib/armv7-m/libc_nano.a(lib_a-findfp.o)
                                                  /Users/rijn/gcc-arm-none-eabi/bin/../lib/gcc/arm-none-eabi/4.9.3/../../../../arm-none-eabi/lib/armv7-m/libc_nano.a(lib_a-fflush.o)
                                                  /Users/rijn/gcc-arm-none-eabi/bin/../lib/gcc/arm-none-eabi/4.9.3/../../../../arm-none-eabi/lib/armv7-m/libc_nano.a(lib_a-exit.o)
_impure_ptr                                       /Users/rijn/gcc-arm-none-eabi/bin/../lib/gcc/arm-none-eabi/4.9.3/../../../../arm-none-eabi/lib/armv7-m/libc_nano.a(lib_a-impure.o)
                                                  /Users/rijn/gcc-arm-none-eabi/bin/../lib/gcc/arm-none-eabi/4.9.3/../../../../arm-none-eabi/lib/armv7-m/libc_nano.a(lib_a-reent.o)
                                                  /Users/rijn/gcc-arm-none-eabi/bin/../lib/gcc/arm-none-eabi/4.9.3/../../../../arm-none-eabi/lib/armv7-m/libc_nano.a(lib_a-findfp.o)
                                                  /Users/rijn/gcc-arm-none-eabi/bin/../lib/gcc/arm-none-eabi/4.9.3/../../../../arm-none-eabi/lib/armv7-m/libc_nano.a(lib_a-fflush.o)
                                                  /Users/rijn/gcc-arm-none-eabi/bin/../lib/gcc/arm-none-eabi/4.9.3/../../../../arm-none-eabi/lib/armv7-m/libc_nano.a(lib_a-wsetup.o)
                                                  /Users/rijn/gcc-arm-none-eabi/bin/../lib/gcc/arm-none-eabi/4.9.3/../../../../arm-none-eabi/lib/armv7-m/libc_nano.a(lib_a-wbuf.o)
                                                  /Users/rijn/gcc-arm-none-eabi/bin/../lib/gcc/arm-none-eabi/4.9.3/../../../../arm-none-eabi/lib/armv7-m/libc_nano.a(lib_a-puts.o)
_init                                             /Users/rijn/gcc-arm-none-eabi/bin/../lib/gcc/arm-none-eabi/4.9.3/armv7-m/crti.o
                                                  /Users/rijn/gcc-arm-none-eabi/bin/../lib/gcc/arm-none-eabi/4.9.3/../../../../arm-none-eabi/lib/armv7-m/libc_nano.a(lib_a-init.o)
_isatty                                           /Users/rijn/gcc-arm-none-eabi/bin/../lib/gcc/arm-none-eabi/4.9.3/../../../../arm-none-eabi/lib/armv7-m/libc_nano.a(lib_a-isattyr.o)
_isatty_r                                         /Users/rijn/gcc-arm-none-eabi/bin/../lib/gcc/arm-none-eabi/4.9.3/../../../../arm-none-eabi/lib/armv7-m/libc_nano.a(lib_a-isattyr.o)
                                                  /Users/rijn/gcc-arm-none-eabi/bin/../lib/gcc/arm-none-eabi/4.9.3/../../../../arm-none-eabi/lib/armv7-m/libc_nano.a(lib_a-makebuf.o)
_lseek                                            /Users/rijn/gcc-arm-none-eabi/bin/../lib/gcc/arm-none-eabi/4.9.3/../../../../arm-none-eabi/lib/armv7-m/libc_nano.a(lib_a-lseekr.o)
_lseek_r                                          /Users/rijn/gcc-arm-none-eabi/bin/../lib/gcc/arm-none-eabi/4.9.3/../../../../arm-none-eabi/lib/armv7-m/libc_nano.a(lib_a-lseekr.o)
                                                  /Users/rijn/gcc-arm-none-eabi/bin/../lib/gcc/arm-none-eabi/4.9.3/../../../../arm-none-eabi/lib/armv7-m/libc_nano.a(lib_a-stdio.o)
_mainCRTStartup                                   /Users/rijn/gcc-arm-none-eabi/bin/../lib/gcc/arm-none-eabi/4.9.3/../../../../arm-none-eabi/lib/armv7-m/crt0.o
_malloc_r                                         /Users/rijn/gcc-arm-none-eabi/bin/../lib/gcc/arm-none-eabi/4.9.3/../../../../arm-none-eabi/lib/armv7-m/libc_nano.a(lib_a-nano-mallocr.o)
                                                  /Users/rijn/gcc-arm-none-eabi/bin/../lib/gcc/arm-none-eabi/4.9.3/../../../../arm-none-eabi/lib/armv7-m/libc_nano.a(lib_a-makebuf.o)
                                                  /Users/rijn/gcc-arm-none-eabi/bin/../lib/gcc/arm-none-eabi/4.9.3/../../../../arm-none-eabi/lib/armv7-m/libc_nano.a(lib_a-findfp.o)
_puts_r                                           /Users/rijn/gcc-arm-none-eabi/bin/../lib/gcc/arm-none-eabi/4.9.3/../../../../arm-none-eabi/lib/armv7-m/libc_nano.a(lib_a-puts.o)
_read                                             /Users/rijn/gcc-arm-none-eabi/bin/../lib/gcc/arm-none-eabi/4.9.3/../../../../arm-none-eabi/lib/armv7-m/libc_nano.a(lib_a-readr.o)
_read_r                                           /Users/rijn/gcc-arm-none-eabi/bin/../lib/gcc/arm-none-eabi/4.9.3/../../../../arm-none-eabi/lib/armv7-m/libc_nano.a(lib_a-readr.o)
                                                  /Users/rijn/gcc-arm-none-eabi/bin/../lib/gcc/arm-none-eabi/4.9.3/../../../../arm-none-eabi/lib/armv7-m/libc_nano.a(lib_a-stdio.o)
_reclaim_reent                                    /Users/rijn/gcc-arm-none-eabi/bin/../lib/gcc/arm-none-eabi/4.9.3/../../../../arm-none-eabi/lib/armv7-m/libc_nano.a(lib_a-reent.o)
_sbrk                                             /Users/rijn/gcc-arm-none-eabi/bin/../lib/gcc/arm-none-eabi/4.9.3/../../../../arm-none-eabi/lib/armv7-m/libc_nano.a(lib_a-sbrkr.o)
_sbrk_r                                           /Users/rijn/gcc-arm-none-eabi/bin/../lib/gcc/arm-none-eabi/4.9.3/../../../../arm-none-eabi/lib/armv7-m/libc_nano.a(lib_a-sbrkr.o)
                                                  /Users/rijn/gcc-arm-none-eabi/bin/../lib/gcc/arm-none-eabi/4.9.3/../../../../arm-none-eabi/lib/armv7-m/libc_nano.a(lib_a-nano-mallocr.o)
_sbss                                             bin/startup_stm32f10x_md.o
_sdata                                            bin/startup_stm32f10x_md.o
_sidata                                           bin/startup_stm32f10x_md.o
_start                                            /Users/rijn/gcc-arm-none-eabi/bin/../lib/gcc/arm-none-eabi/4.9.3/../../../../arm-none-eabi/lib/armv7-m/crt0.o
_write                                            /Users/rijn/gcc-arm-none-eabi/bin/../lib/gcc/arm-none-eabi/4.9.3/../../../../arm-none-eabi/lib/armv7-m/libc_nano.a(lib_a-writer.o)
_write_r                                          /Users/rijn/gcc-arm-none-eabi/bin/../lib/gcc/arm-none-eabi/4.9.3/../../../../arm-none-eabi/lib/armv7-m/libc_nano.a(lib_a-writer.o)
                                                  /Users/rijn/gcc-arm-none-eabi/bin/../lib/gcc/arm-none-eabi/4.9.3/../../../../arm-none-eabi/lib/armv7-m/libc_nano.a(lib_a-stdio.o)
atexit                                            /Users/rijn/gcc-arm-none-eabi/bin/../lib/gcc/arm-none-eabi/4.9.3/../../../../arm-none-eabi/lib/armv7-m/crt0.o
cleanup_glue                                      /Users/rijn/gcc-arm-none-eabi/bin/../lib/gcc/arm-none-eabi/4.9.3/../../../../arm-none-eabi/lib/armv7-m/libc_nano.a(lib_a-reent.o)
errno                                             /Users/rijn/gcc-arm-none-eabi/bin/../lib/gcc/arm-none-eabi/4.9.3/../../../../arm-none-eabi/lib/armv7-m/libc_nano.a(lib_a-reent.o)
                                                  /Users/rijn/gcc-arm-none-eabi/bin/../lib/gcc/arm-none-eabi/4.9.3/../../../../arm-none-eabi/lib/armv7-m/libc_nano.a(lib_a-readr.o)
                                                  /Users/rijn/gcc-arm-none-eabi/bin/../lib/gcc/arm-none-eabi/4.9.3/../../../../arm-none-eabi/lib/armv7-m/libc_nano.a(lib_a-lseekr.o)
                                                  /Users/rijn/gcc-arm-none-eabi/bin/../lib/gcc/arm-none-eabi/4.9.3/../../../../arm-none-eabi/lib/armv7-m/libc_nano.a(lib_a-isattyr.o)
                                                  /Users/rijn/gcc-arm-none-eabi/bin/../lib/gcc/arm-none-eabi/4.9.3/../../../../arm-none-eabi/lib/armv7-m/libc_nano.a(lib_a-fstatr.o)
                                                  /Users/rijn/gcc-arm-none-eabi/bin/../lib/gcc/arm-none-eabi/4.9.3/../../../../arm-none-eabi/lib/armv7-m/libc_nano.a(lib_a-closer.o)
                                                  /Users/rijn/gcc-arm-none-eabi/bin/../lib/gcc/arm-none-eabi/4.9.3/../../../../arm-none-eabi/lib/armv7-m/libc_nano.a(lib_a-writer.o)
                                                  /Users/rijn/gcc-arm-none-eabi/bin/../lib/gcc/arm-none-eabi/4.9.3/../../../../arm-none-eabi/lib/armv7-m/libc_nano.a(lib_a-sbrkr.o)
exit                                              /Users/rijn/gcc-arm-none-eabi/bin/../lib/gcc/arm-none-eabi/4.9.3/../../../../arm-none-eabi/lib/armv7-m/libc_nano.a(lib_a-exit.o)
                                                  /Users/rijn/gcc-arm-none-eabi/bin/../lib/gcc/arm-none-eabi/4.9.3/../../../../arm-none-eabi/lib/armv7-m/crt0.o
extiInit                                          bin/exti.o
fflush                                            /Users/rijn/gcc-arm-none-eabi/bin/../lib/gcc/arm-none-eabi/4.9.3/../../../../arm-none-eabi/lib/armv7-m/libc_nano.a(lib_a-fflush.o)
g_pfnVectors                                      bin/startup_stm32f10x_md.o
hardware_init_hook                                /Users/rijn/gcc-arm-none-eabi/bin/../lib/gcc/arm-none-eabi/4.9.3/../../../../arm-none-eabi/lib/armv7-m/crt0.o
main                                              bin/main.o
                                                  bin/startup_stm32f10x_md.o
                                                  /Users/rijn/gcc-arm-none-eabi/bin/../lib/gcc/arm-none-eabi/4.9.3/../../../../arm-none-eabi/lib/armv7-m/crt0.o
memset                                            /Users/rijn/gcc-arm-none-eabi/bin/../lib/gcc/arm-none-eabi/4.9.3/../../../../arm-none-eabi/lib/armv7-m/libc_nano.a(lib_a-memset.o)
                                                  /Users/rijn/gcc-arm-none-eabi/bin/../lib/gcc/arm-none-eabi/4.9.3/../../../../arm-none-eabi/lib/armv7-m/libc_nano.a(lib_a-findfp.o)
                                                  /Users/rijn/gcc-arm-none-eabi/bin/../lib/gcc/arm-none-eabi/4.9.3/../../../../arm-none-eabi/lib/armv7-m/crt0.o
nvicInit                                          bin/nvic.o
                                                  bin/platform_tf1.o
platformInit                                      bin/platform_tf1.o
puts                                              /Users/rijn/gcc-arm-none-eabi/bin/../lib/gcc/arm-none-eabi/4.9.3/../../../../arm-none-eabi/lib/armv7-m/libc_nano.a(lib_a-puts.o)
                                                  bin/system.o
software_init_hook                                /Users/rijn/gcc-arm-none-eabi/bin/../lib/gcc/arm-none-eabi/4.9.3/../../../../arm-none-eabi/lib/armv7-m/crt0.o
systemInit                                        bin/system.o
